Archive member included to satisfy reference by file (symbol)

C:/ST/STM32CubeCLT_1.18.0/GNU-tools-for-STM32/bin/../lib/gcc/arm-none-eabi/13.3.1/../../../../arm-none-eabi/lib/thumb/v7-m/nofp\libc_nano.a(libc_a-exit.o)
                              C:/ST/STM32CubeCLT_1.18.0/GNU-tools-for-STM32/bin/../lib/gcc/arm-none-eabi/13.3.1/../../../../arm-none-eabi/lib/thumb/v7-m/nofp/crt0.o (exit)
C:/ST/STM32CubeCLT_1.18.0/GNU-tools-for-STM32/bin/../lib/gcc/arm-none-eabi/13.3.1/../../../../arm-none-eabi/lib/thumb/v7-m/nofp\libc_nano.a(libc_a-nano-vfprintf_float.o)
                              (_printf_float)
C:/ST/STM32CubeCLT_1.18.0/GNU-tools-for-STM32/bin/../lib/gcc/arm-none-eabi/13.3.1/../../../../arm-none-eabi/lib/thumb/v7-m/nofp\libc_nano.a(libc_a-nano-vfprintf_i.o)
                              C:/ST/STM32CubeCLT_1.18.0/GNU-tools-for-STM32/bin/../lib/gcc/arm-none-eabi/13.3.1/../../../../arm-none-eabi/lib/thumb/v7-m/nofp\libc_nano.a(libc_a-nano-vfprintf_float.o) (_printf_common)
C:/ST/STM32CubeCLT_1.18.0/GNU-tools-for-STM32/bin/../lib/gcc/arm-none-eabi/13.3.1/../../../../arm-none-eabi/lib/thumb/v7-m/nofp\libc_nano.a(libc_a-findfp.o)
                              C:/ST/STM32CubeCLT_1.18.0/GNU-tools-for-STM32/bin/../lib/gcc/arm-none-eabi/13.3.1/../../../../arm-none-eabi/lib/thumb/v7-m/nofp\libc_nano.a(libc_a-exit.o) (__stdio_exit_handler)
C:/ST/STM32CubeCLT_1.18.0/GNU-tools-for-STM32/bin/../lib/gcc/arm-none-eabi/13.3.1/../../../../arm-none-eabi/lib/thumb/v7-m/nofp\libc_nano.a(libc_a-fwalk.o)
                              C:/ST/STM32CubeCLT_1.18.0/GNU-tools-for-STM32/bin/../lib/gcc/arm-none-eabi/13.3.1/../../../../arm-none-eabi/lib/thumb/v7-m/nofp\libc_nano.a(libc_a-findfp.o) (_fwalk_sglue)
C:/ST/STM32CubeCLT_1.18.0/GNU-tools-for-STM32/bin/../lib/gcc/arm-none-eabi/13.3.1/../../../../arm-none-eabi/lib/thumb/v7-m/nofp\libc_nano.a(libc_a-stdio.o)
                              C:/ST/STM32CubeCLT_1.18.0/GNU-tools-for-STM32/bin/../lib/gcc/arm-none-eabi/13.3.1/../../../../arm-none-eabi/lib/thumb/v7-m/nofp\libc_nano.a(libc_a-findfp.o) (__sread)
C:/ST/STM32CubeCLT_1.18.0/GNU-tools-for-STM32/bin/../lib/gcc/arm-none-eabi/13.3.1/../../../../arm-none-eabi/lib/thumb/v7-m/nofp\libc_nano.a(libc_a-memset.o)
                              C:/ST/STM32CubeCLT_1.18.0/GNU-tools-for-STM32/bin/../lib/gcc/arm-none-eabi/13.3.1/../../../../arm-none-eabi/lib/thumb/v7-m/nofp/crt0.o (memset)
C:/ST/STM32CubeCLT_1.18.0/GNU-tools-for-STM32/bin/../lib/gcc/arm-none-eabi/13.3.1/../../../../arm-none-eabi/lib/thumb/v7-m/nofp\libc_nano.a(libc_a-localeconv.o)
                              C:/ST/STM32CubeCLT_1.18.0/GNU-tools-for-STM32/bin/../lib/gcc/arm-none-eabi/13.3.1/../../../../arm-none-eabi/lib/thumb/v7-m/nofp\libc_nano.a(libc_a-nano-vfprintf_float.o) (_localeconv_r)
C:/ST/STM32CubeCLT_1.18.0/GNU-tools-for-STM32/bin/../lib/gcc/arm-none-eabi/13.3.1/../../../../arm-none-eabi/lib/thumb/v7-m/nofp\libc_nano.a(libc_a-closer.o)
                              C:/ST/STM32CubeCLT_1.18.0/GNU-tools-for-STM32/bin/../lib/gcc/arm-none-eabi/13.3.1/../../../../arm-none-eabi/lib/thumb/v7-m/nofp\libc_nano.a(libc_a-stdio.o) (_close_r)
C:/ST/STM32CubeCLT_1.18.0/GNU-tools-for-STM32/bin/../lib/gcc/arm-none-eabi/13.3.1/../../../../arm-none-eabi/lib/thumb/v7-m/nofp\libc_nano.a(libc_a-reent.o)
                              C:/ST/STM32CubeCLT_1.18.0/GNU-tools-for-STM32/bin/../lib/gcc/arm-none-eabi/13.3.1/../../../../arm-none-eabi/lib/thumb/v7-m/nofp\libc_nano.a(libc_a-closer.o) (errno)
C:/ST/STM32CubeCLT_1.18.0/GNU-tools-for-STM32/bin/../lib/gcc/arm-none-eabi/13.3.1/../../../../arm-none-eabi/lib/thumb/v7-m/nofp\libc_nano.a(libc_a-impure.o)
                              C:/ST/STM32CubeCLT_1.18.0/GNU-tools-for-STM32/bin/../lib/gcc/arm-none-eabi/13.3.1/../../../../arm-none-eabi/lib/thumb/v7-m/nofp\libc_nano.a(libc_a-reent.o) (_impure_ptr)
C:/ST/STM32CubeCLT_1.18.0/GNU-tools-for-STM32/bin/../lib/gcc/arm-none-eabi/13.3.1/../../../../arm-none-eabi/lib/thumb/v7-m/nofp\libc_nano.a(libc_a-lseekr.o)
                              C:/ST/STM32CubeCLT_1.18.0/GNU-tools-for-STM32/bin/../lib/gcc/arm-none-eabi/13.3.1/../../../../arm-none-eabi/lib/thumb/v7-m/nofp\libc_nano.a(libc_a-stdio.o) (_lseek_r)
C:/ST/STM32CubeCLT_1.18.0/GNU-tools-for-STM32/bin/../lib/gcc/arm-none-eabi/13.3.1/../../../../arm-none-eabi/lib/thumb/v7-m/nofp\libc_nano.a(libc_a-readr.o)
                              C:/ST/STM32CubeCLT_1.18.0/GNU-tools-for-STM32/bin/../lib/gcc/arm-none-eabi/13.3.1/../../../../arm-none-eabi/lib/thumb/v7-m/nofp\libc_nano.a(libc_a-stdio.o) (_read_r)
C:/ST/STM32CubeCLT_1.18.0/GNU-tools-for-STM32/bin/../lib/gcc/arm-none-eabi/13.3.1/../../../../arm-none-eabi/lib/thumb/v7-m/nofp\libc_nano.a(libc_a-writer.o)
                              C:/ST/STM32CubeCLT_1.18.0/GNU-tools-for-STM32/bin/../lib/gcc/arm-none-eabi/13.3.1/../../../../arm-none-eabi/lib/thumb/v7-m/nofp\libc_nano.a(libc_a-stdio.o) (_write_r)
[...]
Memory Configuration

Name             Origin             Length             Attributes
RAM              0x20000000         0x00005000         xrw
FLASH            0x08000000         0x00010000         xr
*default*        0x00000000         0xffffffff

Linker script and memory map

LOAD C:/ST/STM32CubeCLT_1.18.0/GNU-tools-for-STM32/bin/../lib/gcc/arm-none-eabi/13.3.1/thumb/v7-m/nofp/crti.o
LOAD C:/ST/STM32CubeCLT_1.18.0/GNU-tools-for-STM32/bin/../lib/gcc/arm-none-eabi/13.3.1/thumb/v7-m/nofp/crtbegin.o
LOAD C:/ST/STM32CubeCLT_1.18.0/GNU-tools-for-STM32/bin/../lib/gcc/arm-none-eabi/13.3.1/../../../../arm-none-eabi/lib/thumb/v7-m/nofp/crt0.o
START GROUP
LOAD C:/ST/STM32CubeCLT_1.18.0/GNU-tools-for-STM32/bin/../lib/gcc/arm-none-eabi/13.3.1/../../../../arm-none-eabi/lib/thumb/v7-m/nofp\libc_nano.a
LOAD C:/ST/STM32CubeCLT_1.18.0/GNU-tools-for-STM32/bin/../lib/gcc/arm-none-eabi/13.3.1/../../../../arm-none-eabi/lib/thumb/v7-m/nofp\libm.a
END GROUP
LOAD CMakeFiles/01_my_FreeRTOS.dir/User/driver_led.c.obj
LOAD CMakeFiles/01_my_FreeRTOS.dir/User/mcu_peripheral_bsp/src/bsp_clock.c.obj
LOAD CMakeFiles/01_my_FreeRTOS.dir/User/mcu_peripheral_bsp/src/bsp_delay.c.obj
LOAD CMakeFiles/01_my_FreeRTOS.dir/User/mcu_peripheral_bsp/src/bsp_i2c.c.obj
LOAD CMakeFiles/01_my_FreeRTOS.dir/User/mcu_peripheral_bsp/src/bsp_print.c.obj
LOAD CMakeFiles/01_my_FreeRTOS.dir/Core/Src/main.c.obj
LOAD CMakeFiles/01_my_FreeRTOS.dir/Core/Src/gpio.c.obj
LOAD CMakeFiles/01_my_FreeRTOS.dir/Core/Src/freertos.c.obj
LOAD CMakeFiles/01_my_FreeRTOS.dir/Core/Src/i2c.c.obj
LOAD CMakeFiles/01_my_FreeRTOS.dir/Core/Src/usart.c.obj
LOAD CMakeFiles/01_my_FreeRTOS.dir/Core/Src/stm32f1xx_it.c.obj
LOAD CMakeFiles/01_my_FreeRTOS.dir/Core/Src/stm32f1xx_hal_msp.c.obj
LOAD CMakeFiles/01_my_FreeRTOS.dir/Core/Src/stm32f1xx_hal_timebase_tim.c.obj
LOAD CMakeFiles/01_my_FreeRTOS.dir/Drivers/STM32F1xx_HAL_Driver/Src/stm32f1xx_hal_gpio_ex.c.obj
LOAD CMakeFiles/01_my_FreeRTOS.dir/Drivers/STM32F1xx_HAL_Driver/Src/stm32f1xx_hal_tim.c.obj
LOAD CMakeFiles/01_my_FreeRTOS.dir/Drivers/STM32F1xx_HAL_Driver/Src/stm32f1xx_hal_tim_ex.c.obj
LOAD CMakeFiles/01_my_FreeRTOS.dir/Drivers/STM32F1xx_HAL_Driver/Src/stm32f1xx_hal.c.obj
LOAD CMakeFiles/01_my_FreeRTOS.dir/Drivers/STM32F1xx_HAL_Driver/Src/stm32f1xx_hal_rcc.c.obj
LOAD CMakeFiles/01_my_FreeRTOS.dir/Drivers/STM32F1xx_HAL_Driver/Src/stm32f1xx_hal_rcc_ex.c.obj
LOAD CMakeFiles/01_my_FreeRTOS.dir/Drivers/STM32F1xx_HAL_Driver/Src/stm32f1xx_hal_gpio.c.obj
LOAD CMakeFiles/01_my_FreeRTOS.dir/Drivers/STM32F1xx_HAL_Driver/Src/stm32f1xx_hal_dma.c.obj
LOAD CMakeFiles/01_my_FreeRTOS.dir/Drivers/STM32F1xx_HAL_Driver/Src/stm32f1xx_hal_cortex.c.obj
LOAD CMakeFiles/01_my_FreeRTOS.dir/Drivers/STM32F1xx_HAL_Driver/Src/stm32f1xx_hal_pwr.c.obj
LOAD CMakeFiles/01_my_FreeRTOS.dir/Drivers/STM32F1xx_HAL_Driver/Src/stm32f1xx_hal_flash.c.obj
LOAD CMakeFiles/01_my_FreeRTOS.dir/Drivers/STM32F1xx_HAL_Driver/Src/stm32f1xx_hal_flash_ex.c.obj
LOAD CMakeFiles/01_my_FreeRTOS.dir/Drivers/STM32F1xx_HAL_Driver/Src/stm32f1xx_hal_exti.c.obj
LOAD CMakeFiles/01_my_FreeRTOS.dir/Drivers/STM32F1xx_HAL_Driver/Src/stm32f1xx_hal_i2c.c.obj
LOAD CMakeFiles/01_my_FreeRTOS.dir/Drivers/STM32F1xx_HAL_Driver/Src/stm32f1xx_hal_uart.c.obj
LOAD CMakeFiles/01_my_FreeRTOS.dir/Core/Src/system_stm32f1xx.c.obj
LOAD CMakeFiles/01_my_FreeRTOS.dir/Middlewares/Third_Party/FreeRTOS/Source/croutine.c.obj
LOAD CMakeFiles/01_my_FreeRTOS.dir/Middlewares/Third_Party/FreeRTOS/Source/event_groups.c.obj
LOAD CMakeFiles/01_my_FreeRTOS.dir/Middlewares/Third_Party/FreeRTOS/Source/list.c.obj
LOAD CMakeFiles/01_my_FreeRTOS.dir/Middlewares/Third_Party/FreeRTOS/Source/queue.c.obj
LOAD CMakeFiles/01_my_FreeRTOS.dir/Middlewares/Third_Party/FreeRTOS/Source/stream_buffer.c.obj
LOAD CMakeFiles/01_my_FreeRTOS.dir/Middlewares/Third_Party/FreeRTOS/Source/tasks.c.obj
LOAD CMakeFiles/01_my_FreeRTOS.dir/Middlewares/Third_Party/FreeRTOS/Source/timers.c.obj
LOAD CMakeFiles/01_my_FreeRTOS.dir/Middlewares/Third_Party/FreeRTOS/Source/CMSIS_RTOS_V2/cmsis_os2.c.obj
LOAD CMakeFiles/01_my_FreeRTOS.dir/Middlewares/Third_Party/FreeRTOS/Source/portable/MemMang/heap_4.c.obj
LOAD CMakeFiles/01_my_FreeRTOS.dir/Middlewares/Third_Party/FreeRTOS/Source/portable/GCC/ARM_CM3/port.c.obj
LOAD CMakeFiles/01_my_FreeRTOS.dir/Core/Src/sysmem.c.obj
LOAD CMakeFiles/01_my_FreeRTOS.dir/Core/Src/syscalls.c.obj
LOAD CMakeFiles/01_my_FreeRTOS.dir/startup_stm32f103xb.s.obj
START GROUP
LOAD C:/ST/STM32CubeCLT_1.18.0/GNU-tools-for-STM32/bin/../lib/gcc/arm-none-eabi/13.3.1/thumb/v7-m/nofp\libgcc.a
LOAD C:/ST/STM32CubeCLT_1.18.0/GNU-tools-for-STM32/bin/../lib/gcc/arm-none-eabi/13.3.1/../../../../arm-none-eabi/lib/thumb/v7-m/nofp\libg_nano.a
LOAD C:/ST/STM32CubeCLT_1.18.0/GNU-tools-for-STM32/bin/../lib/gcc/arm-none-eabi/13.3.1/../../../../arm-none-eabi/lib/thumb/v7-m/nofp\libc_nano.a
END GROUP
START GROUP
LOAD C:/ST/STM32CubeCLT_1.18.0/GNU-tools-for-STM32/bin/../lib/gcc/arm-none-eabi/13.3.1/thumb/v7-m/nofp\libgcc.a
LOAD C:/ST/STM32CubeCLT_1.18.0/GNU-tools-for-STM32/bin/../lib/gcc/arm-none-eabi/13.3.1/../../../../arm-none-eabi/lib/thumb/v7-m/nofp\libc_nano.a
END GROUP
LOAD C:/ST/STM32CubeCLT_1.18.0/GNU-tools-for-STM32/bin/../lib/gcc/arm-none-eabi/13.3.1/thumb/v7-m/nofp/crtend.o
LOAD C:/ST/STM32CubeCLT_1.18.0/GNU-tools-for-STM32/bin/../lib/gcc/arm-none-eabi/13.3.1/thumb/v7-m/nofp/crtn.o
                0x20005000                        _estack = (ORIGIN (RAM) + LENGTH (RAM))
                0x00000200                        _Min_Heap_Size = 0x200
                0x00000400                        _Min_Stack_Size = 0x400

.isr_vector     0x08000000      0x10c
                0x08000000                        . = ALIGN (0x4)
 *(.isr_vector)
 .isr_vector    0x08000000      0x10c CMakeFiles/01_my_FreeRTOS.dir/startup_stm32f103xb.s.obj
                0x08000000                g_pfnVectors
                0x0800010c                        . = ALIGN (0x4)

.text           0x08000110     0x7ef4
                0x08000110                        . = ALIGN (0x4)
 *(.text)
 .text          0x08000110       0x40 C:/ST/STM32CubeCLT_1.18.0/GNU-tools-for-STM32/bin/../lib/gcc/arm-none-eabi/13.3.1/thumb/v7-m/nofp/crtbegin.o
 .text          0x08000150       0x10 C:/ST/STM32CubeCLT_1.18.0/GNU-tools-for-STM32/bin/../lib/gcc/arm-none-eabi/13.3.1/../../../../arm-none-eabi/lib/thumb/v7-m/nofp\libc_nano.a(libc_a-strlen.o)
                0x08000150                strlen
 .text          0x08000160      0x378 C:/ST/STM32CubeCLT_1.18.0/GNU-tools-for-STM32/bin/../lib/gcc/arm-none-eabi/13.3.1/thumb/v7-m/nofp\libgcc.a(_arm_addsubdf3.o)
                0x08000160                __aeabi_drsub
                0x08000168                __aeabi_dsub
                0x08000168                __subdf3
                0x0800016c                __aeabi_dadd
                0x0800016c                __adddf3
                0x080003e4                __floatunsidf
                0x080003e4                __aeabi_ui2d
                0x08000404                __floatsidf
                0x08000404                __aeabi_i2d
                0x08000428                __aeabi_f2d
                0x08000428                __extendsfdf2
                0x0800046c                __floatundidf
                0x0800046c                __aeabi_ul2d
                0x0800047c                __floatdidf
                0x0800047c                __aeabi_l2d
 .text          0x080004d8      0x424 C:/ST/STM32CubeCLT_1.18.0/GNU-tools-for-STM32/bin/../lib/gcc/arm-none-eabi/13.3.1/thumb/v7-m/nofp\libgcc.a(_arm_muldivdf3.o)
                0x080004d8                __aeabi_dmul
                0x080004d8                __muldf3
                0x0800072c                __divdf3
                0x0800072c                __aeabi_ddiv
 .text          0x080008fc      0x110 C:/ST/STM32CubeCLT_1.18.0/GNU-tools-for-STM32/bin/../lib/gcc/arm-none-eabi/13.3.1/thumb/v7-m/nofp\libgcc.a(_arm_cmpdf2.o)
                0x080008fc                __gtdf2
                0x080008fc                __gedf2
                0x08000904                __ltdf2
                0x08000904                __ledf2
                0x0800090c                __nedf2
                0x0800090c                __eqdf2
                0x0800090c                __cmpdf2
                0x08000988                __aeabi_cdrcmple
                0x08000998                __aeabi_cdcmpeq
                0x08000998                __aeabi_cdcmple
                0x080009a8                __aeabi_dcmpeq
                0x080009bc                __aeabi_dcmplt
                0x080009d0                __aeabi_dcmple
                0x080009e4                __aeabi_dcmpge
                0x080009f8                __aeabi_dcmpgt
 .text          0x08000a0c       0x2c C:/ST/STM32CubeCLT_1.18.0/GNU-tools-for-STM32/bin/../lib/gcc/arm-none-eabi/13.3.1/thumb/v7-m/nofp\libgcc.a(_arm_unorddf2.o)
                0x08000a0c                __unorddf2
                0x08000a0c                __aeabi_dcmpun
 .text          0x08000a38       0x50 C:/ST/STM32CubeCLT_1.18.0/GNU-tools-for-STM32/bin/../lib/gcc/arm-none-eabi/13.3.1/thumb/v7-m/nofp\libgcc.a(_arm_fixdfsi.o)
                0x08000a38                __aeabi_d2iz
                0x08000a38                __fixdfsi
 *(.text*)
 .text.__cvt    0x08000a88       0xc8 C:/ST/STM32CubeCLT_1.18.0/GNU-tools-for-STM32/bin/../lib/gcc/arm-none-eabi/13.3.1/../../../../arm-none-eabi/lib/thumb/v7-m/nofp\libc_nano.a(libc_a-nano-vfprintf_float.o)
                0x08000a88                __cvt
 .text.__exponent
                0x08000b50       0x74 C:/ST/STM32CubeCLT_1.18.0/GNU-tools-for-STM32/bin/../lib/gcc/arm-none-eabi/13.3.1/../../../../arm-none-eabi/lib/thumb/v7-m/nofp\libc_nano.a(libc_a-nano-vfprintf_float.o)
                0x08000b50                __exponent
 .text._printf_float
                0x08000bc4      0x458 C:/ST/STM32CubeCLT_1.18.0/GNU-tools-for-STM32/bin/../lib/gcc/arm-none-eabi/13.3.1/../../../../arm-none-eabi/lib/thumb/v7-m/nofp\libc_nano.a(libc_a-nano-vfprintf_float.o)
                0x08000bc4                _printf_float
 .text._printf_common
                0x0800101c       0xe4 C:/ST/STM32CubeCLT_1.18.0/GNU-tools-for-STM32/bin/../lib/gcc/arm-none-eabi/13.3.1/../../../../arm-none-eabi/lib/thumb/v7-m/nofp\libc_nano.a(libc_a-nano-vfprintf_i.o)
                0x0800101c                _printf_common
 .text._printf_i
                0x08001100      0x23c C:/ST/STM32CubeCLT_1.18.0/GNU-tools-for-STM32/bin/../lib/gcc/arm-none-eabi/13.3.1/../../../../arm-none-eabi/lib/thumb/v7-m/nofp\libc_nano.a(libc_a-nano-vfprintf_i.o)
                0x08001100                _printf_i
 .text.std      0x0800133c       0x6c C:/ST/STM32CubeCLT_1.18.0/GNU-tools-for-STM32/bin/../lib/gcc/arm-none-eabi/13.3.1/../../../../arm-none-eabi/lib/thumb/v7-m/nofp\libc_nano.a(libc_a-findfp.o)
 .text.stdio_exit_handler
                0x080013a8       0x18 C:/ST/STM32CubeCLT_1.18.0/GNU-tools-for-STM32/bin/../lib/gcc/arm-none-eabi/13.3.1/../../../../arm-none-eabi/lib/thumb/v7-m/nofp\libc_nano.a(libc_a-findfp.o)
 .text.cleanup_stdio
                0x080013c0       0x40 C:/ST/STM32CubeCLT_1.18.0/GNU-tools-for-STM32/bin/../lib/gcc/arm-none-eabi/13.3.1/../../../../arm-none-eabi/lib/thumb/v7-m/nofp\libc_nano.a(libc_a-findfp.o)
 .text.global_stdio_init.part.0
                0x08001400       0x3c C:/ST/STM32CubeCLT_1.18.0/GNU-tools-for-STM32/bin/../lib/gcc/arm-none-eabi/13.3.1/../../../../arm-none-eabi/lib/thumb/v7-m/nofp\libc_nano.a(libc_a-findfp.o)
 .text.__sfp_lock_acquire
                0x0800143c        0xc C:/ST/STM32CubeCLT_1.18.0/GNU-tools-for-STM32/bin/../lib/gcc/arm-none-eabi/13.3.1/../../../../arm-none-eabi/lib/thumb/v7-m/nofp\libc_nano.a(libc_a-findfp.o)
                0x0800143c                __sfp_lock_acquire
 .text.__sfp_lock_release
                0x08001448        0xc C:/ST/STM32CubeCLT_1.18.0/GNU-tools-for-STM32/bin/../lib/gcc/arm-none-eabi/13.3.1/../../../../arm-none-eabi/lib/thumb/v7-m/nofp\libc_nano.a(libc_a-findfp.o)
                0x08001448                __sfp_lock_release
 .text.__sinit  0x08001454       0x30 C:/ST/STM32CubeCLT_1.18.0/GNU-tools-for-STM32/bin/../lib/gcc/arm-none-eabi/13.3.1/../../../../arm-none-eabi/lib/thumb/v7-m/nofp\libc_nano.a(libc_a-findfp.o)
                0x08001454                __sinit
 .text._fwalk_sglue
                0x08001484       0x3c C:/ST/STM32CubeCLT_1.18.0/GNU-tools-for-STM32/bin/../lib/gcc/arm-none-eabi/13.3.1/../../../../arm-none-eabi/lib/thumb/v7-m/nofp\libc_nano.a(libc_a-fwalk.o)
                0x08001484                _fwalk_sglue
 .text.__sread  0x080014c0       0x22 C:/ST/STM32CubeCLT_1.18.0/GNU-tools-for-STM32/bin/../lib/gcc/arm-none-eabi/13.3.1/../../../../arm-none-eabi/lib/thumb/v7-m/nofp\libc_nano.a(libc_a-stdio.o)
                0x080014c0                __sread
 .text.__swrite
                0x080014e2       0x38 C:/ST/STM32CubeCLT_1.18.0/GNU-tools-for-STM32/bin/../lib/gcc/arm-none-eabi/13.3.1/../../../../arm-none-eabi/lib/thumb/v7-m/nofp\libc_nano.a(libc_a-stdio.o)
                0x080014e2                __swrite
 .text.__sseek  0x0800151a       0x24 C:/ST/STM32CubeCLT_1.18.0/GNU-tools-for-STM32/bin/../lib/gcc/arm-none-eabi/13.3.1/../../../../arm-none-eabi/lib/thumb/v7-m/nofp\libc_nano.a(libc_a-stdio.o)
                0x0800151a                __sseek
 .text.__sclose
                0x0800153e        0x8 C:/ST/STM32CubeCLT_1.18.0/GNU-tools-for-STM32/bin/../lib/gcc/arm-none-eabi/13.3.1/../../../../arm-none-eabi/lib/thumb/v7-m/nofp\libc_nano.a(libc_a-stdio.o)
                0x0800153e                __sclose
 .text.memset   0x08001546       0x10 C:/ST/STM32CubeCLT_1.18.0/GNU-tools-for-STM32/bin/../lib/gcc/arm-none-eabi/13.3.1/../../../../arm-none-eabi/lib/thumb/v7-m/nofp\libc_nano.a(libc_a-memset.o)
                0x08001546                memset
 *fill*         0x08001556        0x2 
 .text._localeconv_r
                0x08001558        0x8 C:/ST/STM32CubeCLT_1.18.0/GNU-tools-for-STM32/bin/../lib/gcc/arm-none-eabi/13.3.1/../../../../arm-none-eabi/lib/thumb/v7-m/nofp\libc_nano.a(libc_a-localeconv.o)
                0x08001558                _localeconv_r
 .text._close_r
                0x08001560       0x20 C:/ST/STM32CubeCLT_1.18.0/GNU-tools-for-STM32/bin/../lib/gcc/arm-none-eabi/13.3.1/../../../../arm-none-eabi/lib/thumb/v7-m/nofp\libc_nano.a(libc_a-closer.o)
                0x08001560                _close_r
 .text._lseek_r
                0x08001580       0x24 C:/ST/STM32CubeCLT_1.18.0/GNU-tools-for-STM32/bin/../lib/gcc/arm-none-eabi/13.3.1/../../../../arm-none-eabi/lib/thumb/v7-m/nofp\libc_nano.a(libc_a-lseekr.o)
                0x08001580                _lseek_r
 .text._read_r  0x080015a4       0x24 C:/ST/STM32CubeCLT_1.18.0/GNU-tools-for-STM32/bin/../lib/gcc/arm-none-eabi/13.3.1/../../../../arm-none-eabi/lib/thumb/v7-m/nofp\libc_nano.a(libc_a-readr.o)
                0x080015a4                _read_r
 .text._write_r
                0x080015c8       0x24 C:/ST/STM32CubeCLT_1.18.0/GNU-tools-for-STM32/bin/../lib/gcc/arm-none-eabi/13.3.1/../../../../arm-none-eabi/lib/thumb/v7-m/nofp\libc_nano.a(libc_a-writer.o)
                0x080015c8                _write_r
 .text.__libc_init_array
                0x080015ec       0x48 C:/ST/STM32CubeCLT_1.18.0/GNU-tools-for-STM32/bin/../lib/gcc/arm-none-eabi/13.3.1/../../../../arm-none-eabi/lib/thumb/v7-m/nofp\libc_nano.a(libc_a-init.o)
                0x080015ec                __libc_init_array
 .text.__retarget_lock_init_recursive
                0x08001634        0x2 C:/ST/STM32CubeCLT_1.18.0/GNU-tools-for-STM32/bin/../lib/gcc/arm-none-eabi/13.3.1/../../../../arm-none-eabi/lib/thumb/v7-m/nofp\libc_nano.a(libc_a-lock.o)
                0x08001634                __retarget_lock_init_recursive
 .text.__retarget_lock_acquire_recursive
                0x08001636        0x2 C:/ST/STM32CubeCLT_1.18.0/GNU-tools-for-STM32/bin/../lib/gcc/arm-none-eabi/13.3.1/../../../../arm-none-eabi/lib/thumb/v7-m/nofp\libc_nano.a(libc_a-lock.o)
                0x08001636                __retarget_lock_acquire_recursive
 .text.__retarget_lock_release_recursive
                0x08001638        0x2 C:/ST/STM32CubeCLT_1.18.0/GNU-tools-for-STM32/bin/../lib/gcc/arm-none-eabi/13.3.1/../../../../arm-none-eabi/lib/thumb/v7-m/nofp\libc_nano.a(libc_a-lock.o)
                0x08001638                __retarget_lock_release_recursive
 .text.memchr   0x0800163a       0x1c C:/ST/STM32CubeCLT_1.18.0/GNU-tools-for-STM32/bin/../lib/gcc/arm-none-eabi/13.3.1/../../../../arm-none-eabi/lib/thumb/v7-m/nofp\libc_nano.a(libc_a-memchr-stub.o)
                0x0800163a                memchr
 .text.quorem   0x08001656      0x110 C:/ST/STM32CubeCLT_1.18.0/GNU-tools-for-STM32/bin/../lib/gcc/arm-none-eabi/13.3.1/../../../../arm-none-eabi/lib/thumb/v7-m/nofp\libc_nano.a(libc_a-dtoa.o)
 *fill*         0x08001766        0x2 
 .text._dtoa_r  0x08001768      0xba8 C:/ST/STM32CubeCLT_1.18.0/GNU-tools-for-STM32/bin/../lib/gcc/arm-none-eabi/13.3.1/../../../../arm-none-eabi/lib/thumb/v7-m/nofp\libc_nano.a(libc_a-dtoa.o)
                0x08001768                _dtoa_r
 .text._free_r  0x08002310       0x90 C:/ST/STM32CubeCLT_1.18.0/GNU-tools-for-STM32/bin/../lib/gcc/arm-none-eabi/13.3.1/../../../../arm-none-eabi/lib/thumb/v7-m/nofp\libc_nano.a(libc_a-freer.o)
                0x08002310                _free_r
 .text.malloc   0x080023a0       0x10 C:/ST/STM32CubeCLT_1.18.0/GNU-tools-for-STM32/bin/../lib/gcc/arm-none-eabi/13.3.1/../../../../arm-none-eabi/lib/thumb/v7-m/nofp\libc_nano.a(libc_a-malloc.o)
                0x080023a0                malloc
 .text.sbrk_aligned
                0x080023b0       0x44 C:/ST/STM32CubeCLT_1.18.0/GNU-tools-for-STM32/bin/../lib/gcc/arm-none-eabi/13.3.1/../../../../arm-none-eabi/lib/thumb/v7-m/nofp\libc_nano.a(libc_a-mallocr.o)
 .text._malloc_r
                0x080023f4      0x100 C:/ST/STM32CubeCLT_1.18.0/GNU-tools-for-STM32/bin/../lib/gcc/arm-none-eabi/13.3.1/../../../../arm-none-eabi/lib/thumb/v7-m/nofp\libc_nano.a(libc_a-mallocr.o)
                0x080023f4                _malloc_r
 .text.__malloc_lock
                0x080024f4        0xc C:/ST/STM32CubeCLT_1.18.0/GNU-tools-for-STM32/bin/../lib/gcc/arm-none-eabi/13.3.1/../../../../arm-none-eabi/lib/thumb/v7-m/nofp\libc_nano.a(libc_a-mlock.o)
                0x080024f4                __malloc_lock
 .text.__malloc_unlock
                0x08002500        0xc C:/ST/STM32CubeCLT_1.18.0/GNU-tools-for-STM32/bin/../lib/gcc/arm-none-eabi/13.3.1/../../../../arm-none-eabi/lib/thumb/v7-m/nofp\libc_nano.a(libc_a-mlock.o)
                0x08002500                __malloc_unlock
 .text._Balloc  0x0800250c       0x80 C:/ST/STM32CubeCLT_1.18.0/GNU-tools-for-STM32/bin/../lib/gcc/arm-none-eabi/13.3.1/../../../../arm-none-eabi/lib/thumb/v7-m/nofp\libc_nano.a(libc_a-mprec.o)
                0x0800250c                _Balloc
 .text._Bfree   0x0800258c       0x44 C:/ST/STM32CubeCLT_1.18.0/GNU-tools-for-STM32/bin/../lib/gcc/arm-none-eabi/13.3.1/../../../../arm-none-eabi/lib/thumb/v7-m/nofp\libc_nano.a(libc_a-mprec.o)
                0x0800258c                _Bfree
 .text.__multadd
                0x080025d0       0x8c C:/ST/STM32CubeCLT_1.18.0/GNU-tools-for-STM32/bin/../lib/gcc/arm-none-eabi/13.3.1/../../../../arm-none-eabi/lib/thumb/v7-m/nofp\libc_nano.a(libc_a-mprec.o)
                0x080025d0                __multadd
 .text.__hi0bits
                0x0800265c       0x3e C:/ST/STM32CubeCLT_1.18.0/GNU-tools-for-STM32/bin/../lib/gcc/arm-none-eabi/13.3.1/../../../../arm-none-eabi/lib/thumb/v7-m/nofp\libc_nano.a(libc_a-mprec.o)
                0x0800265c                __hi0bits
 .text.__lo0bits
                0x0800269a       0x5a C:/ST/STM32CubeCLT_1.18.0/GNU-tools-for-STM32/bin/../lib/gcc/arm-none-eabi/13.3.1/../../../../arm-none-eabi/lib/thumb/v7-m/nofp\libc_nano.a(libc_a-mprec.o)
                0x0800269a                __lo0bits
 .text.__i2b    0x080026f4       0x2c C:/ST/STM32CubeCLT_1.18.0/GNU-tools-for-STM32/bin/../lib/gcc/arm-none-eabi/13.3.1/../../../../arm-none-eabi/lib/thumb/v7-m/nofp\libc_nano.a(libc_a-mprec.o)
                0x080026f4                __i2b
 .text.__multiply
                0x08002720      0x144 C:/ST/STM32CubeCLT_1.18.0/GNU-tools-for-STM32/bin/../lib/gcc/arm-none-eabi/13.3.1/../../../../arm-none-eabi/lib/thumb/v7-m/nofp\libc_nano.a(libc_a-mprec.o)
                0x08002720                __multiply
 .text.__pow5mult
                0x08002864       0xb4 C:/ST/STM32CubeCLT_1.18.0/GNU-tools-for-STM32/bin/../lib/gcc/arm-none-eabi/13.3.1/../../../../arm-none-eabi/lib/thumb/v7-m/nofp\libc_nano.a(libc_a-mprec.o)
                0x08002864                __pow5mult
 .text.__lshift
                0x08002918       0xd8 C:/ST/STM32CubeCLT_1.18.0/GNU-tools-for-STM32/bin/../lib/gcc/arm-none-eabi/13.3.1/../../../../arm-none-eabi/lib/thumb/v7-m/nofp\libc_nano.a(libc_a-mprec.o)
                0x08002918                __lshift
 .text.__mcmp   0x080029f0       0x36 C:/ST/STM32CubeCLT_1.18.0/GNU-tools-for-STM32/bin/../lib/gcc/arm-none-eabi/13.3.1/../../../../arm-none-eabi/lib/thumb/v7-m/nofp\libc_nano.a(libc_a-mprec.o)
                0x080029f0                __mcmp
 *fill*         0x08002a26        0x2 
 .text.__mdiff  0x08002a28      0x128 C:/ST/STM32CubeCLT_1.18.0/GNU-tools-for-STM32/bin/../lib/gcc/arm-none-eabi/13.3.1/../../../../arm-none-eabi/lib/thumb/v7-m/nofp\libc_nano.a(libc_a-mprec.o)
                0x08002a28                __mdiff
 .text.__d2b    0x08002b50       0xb0 C:/ST/STM32CubeCLT_1.18.0/GNU-tools-for-STM32/bin/../lib/gcc/arm-none-eabi/13.3.1/../../../../arm-none-eabi/lib/thumb/v7-m/nofp\libc_nano.a(libc_a-mprec.o)
                0x08002b50                __d2b
 .text.__sflush_r
                0x08002c00      0x100 C:/ST/STM32CubeCLT_1.18.0/GNU-tools-for-STM32/bin/../lib/gcc/arm-none-eabi/13.3.1/../../../../arm-none-eabi/lib/thumb/v7-m/nofp\libc_nano.a(libc_a-fflush.o)
                0x08002c00                __sflush_r
 .text._fflush_r
                0x08002d00       0x50 C:/ST/STM32CubeCLT_1.18.0/GNU-tools-for-STM32/bin/../lib/gcc/arm-none-eabi/13.3.1/../../../../arm-none-eabi/lib/thumb/v7-m/nofp\libc_nano.a(libc_a-fflush.o)
                0x08002d00                _fflush_r
 .text._sbrk_r  0x08002d50       0x20 C:/ST/STM32CubeCLT_1.18.0/GNU-tools-for-STM32/bin/../lib/gcc/arm-none-eabi/13.3.1/../../../../arm-none-eabi/lib/thumb/v7-m/nofp\libc_nano.a(libc_a-sbrkr.o)
                0x08002d50                _sbrk_r
 .text.memcpy   0x08002d70       0x1c C:/ST/STM32CubeCLT_1.18.0/GNU-tools-for-STM32/bin/../lib/gcc/arm-none-eabi/13.3.1/../../../../arm-none-eabi/lib/thumb/v7-m/nofp\libc_nano.a(libc_a-memcpy-stub.o)
                0x08002d70                memcpy
 .text.__assert_func
                0x08002d8c       0x3c C:/ST/STM32CubeCLT_1.18.0/GNU-tools-for-STM32/bin/../lib/gcc/arm-none-eabi/13.3.1/../../../../arm-none-eabi/lib/thumb/v7-m/nofp\libc_nano.a(libc_a-assert.o)
                0x08002d8c                __assert_func
 .text._calloc_r
                0x08002dc8       0x28 C:/ST/STM32CubeCLT_1.18.0/GNU-tools-for-STM32/bin/../lib/gcc/arm-none-eabi/13.3.1/../../../../arm-none-eabi/lib/thumb/v7-m/nofp\libc_nano.a(libc_a-callocr.o)
                0x08002dc8                _calloc_r
 .text.__ascii_mbtowc
                0x08002df0       0x24 C:/ST/STM32CubeCLT_1.18.0/GNU-tools-for-STM32/bin/../lib/gcc/arm-none-eabi/13.3.1/../../../../arm-none-eabi/lib/thumb/v7-m/nofp\libc_nano.a(libc_a-mbtowc_r.o)
                0x08002df0                __ascii_mbtowc
 .text.__ascii_wctomb
                0x08002e14       0x1a C:/ST/STM32CubeCLT_1.18.0/GNU-tools-for-STM32/bin/../lib/gcc/arm-none-eabi/13.3.1/../../../../arm-none-eabi/lib/thumb/v7-m/nofp\libc_nano.a(libc_a-wctomb_r.o)
                0x08002e14                __ascii_wctomb
 *fill*         0x08002e2e        0x2 
 .text.fprintf  0x08002e30       0x24 C:/ST/STM32CubeCLT_1.18.0/GNU-tools-for-STM32/bin/../lib/gcc/arm-none-eabi/13.3.1/../../../../arm-none-eabi/lib/thumb/v7-m/nofp\libc_nano.a(libc_a-fprintf.o)
                0x08002e30                fiprintf
                0x08002e30                fprintf
 .text.abort    0x08002e54        0xe C:/ST/STM32CubeCLT_1.18.0/GNU-tools-for-STM32/bin/../lib/gcc/arm-none-eabi/13.3.1/../../../../arm-none-eabi/lib/thumb/v7-m/nofp\libc_nano.a(libc_a-abort.o)
                0x08002e54                abort
 .text.__sfputc_r
                0x08002e62       0x2a C:/ST/STM32CubeCLT_1.18.0/GNU-tools-for-STM32/bin/../lib/gcc/arm-none-eabi/13.3.1/../../../../arm-none-eabi/lib/thumb/v7-m/nofp\libc_nano.a(libc_a-nano-vfprintf.o)
 .text.__sfputs_r
                0x08002e8c       0x24 C:/ST/STM32CubeCLT_1.18.0/GNU-tools-for-STM32/bin/../lib/gcc/arm-none-eabi/13.3.1/../../../../arm-none-eabi/lib/thumb/v7-m/nofp\libc_nano.a(libc_a-nano-vfprintf.o)
                0x08002e8c                __sfputs_r
 .text._vfprintf_r
                0x08002eb0      0x230 C:/ST/STM32CubeCLT_1.18.0/GNU-tools-for-STM32/bin/../lib/gcc/arm-none-eabi/13.3.1/../../../../arm-none-eabi/lib/thumb/v7-m/nofp\libc_nano.a(libc_a-nano-vfprintf.o)
                0x08002eb0                _vfprintf_r
                0x08002eb0                _vfiprintf_r
 .text.__swbuf_r
                0x080030e0       0x7c C:/ST/STM32CubeCLT_1.18.0/GNU-tools-for-STM32/bin/../lib/gcc/arm-none-eabi/13.3.1/../../../../arm-none-eabi/lib/thumb/v7-m/nofp\libc_nano.a(libc_a-wbuf.o)
                0x080030e0                __swbuf_r
 .text.__swsetup_r
                0x0800315c       0xac C:/ST/STM32CubeCLT_1.18.0/GNU-tools-for-STM32/bin/../lib/gcc/arm-none-eabi/13.3.1/../../../../arm-none-eabi/lib/thumb/v7-m/nofp\libc_nano.a(libc_a-wsetup.o)
                0x0800315c                __swsetup_r
 .text._raise_r
                0x08003208       0x50 C:/ST/STM32CubeCLT_1.18.0/GNU-tools-for-STM32/bin/../lib/gcc/arm-none-eabi/13.3.1/../../../../arm-none-eabi/lib/thumb/v7-m/nofp\libc_nano.a(libc_a-signal.o)
                0x08003208                _raise_r
 .text.raise    0x08003258       0x10 C:/ST/STM32CubeCLT_1.18.0/GNU-tools-for-STM32/bin/../lib/gcc/arm-none-eabi/13.3.1/../../../../arm-none-eabi/lib/thumb/v7-m/nofp\libc_nano.a(libc_a-signal.o)
                0x08003258                raise
 .text._kill_r  0x08003268       0x24 C:/ST/STM32CubeCLT_1.18.0/GNU-tools-for-STM32/bin/../lib/gcc/arm-none-eabi/13.3.1/../../../../arm-none-eabi/lib/thumb/v7-m/nofp\libc_nano.a(libc_a-signalr.o)
                0x08003268                _kill_r
 .text._getpid_r
                0x0800328c        0x4 C:/ST/STM32CubeCLT_1.18.0/GNU-tools-for-STM32/bin/../lib/gcc/arm-none-eabi/13.3.1/../../../../arm-none-eabi/lib/thumb/v7-m/nofp\libc_nano.a(libc_a-signalr.o)
                0x0800328c                _getpid_r
 .text.__swhatbuf_r
                0x08003290       0x4a C:/ST/STM32CubeCLT_1.18.0/GNU-tools-for-STM32/bin/../lib/gcc/arm-none-eabi/13.3.1/../../../../arm-none-eabi/lib/thumb/v7-m/nofp\libc_nano.a(libc_a-makebuf.o)
                0x08003290                __swhatbuf_r
 .text.__smakebuf_r
                0x080032da       0x78 C:/ST/STM32CubeCLT_1.18.0/GNU-tools-for-STM32/bin/../lib/gcc/arm-none-eabi/13.3.1/../../../../arm-none-eabi/lib/thumb/v7-m/nofp\libc_nano.a(libc_a-makebuf.o)
                0x080032da                __smakebuf_r
 *fill*         0x08003352        0x2 
 .text._fstat_r
                0x08003354       0x24 C:/ST/STM32CubeCLT_1.18.0/GNU-tools-for-STM32/bin/../lib/gcc/arm-none-eabi/13.3.1/../../../../arm-none-eabi/lib/thumb/v7-m/nofp\libc_nano.a(libc_a-fstatr.o)
                0x08003354                _fstat_r
 .text._isatty_r
                0x08003378       0x20 C:/ST/STM32CubeCLT_1.18.0/GNU-tools-for-STM32/bin/../lib/gcc/arm-none-eabi/13.3.1/../../../../arm-none-eabi/lib/thumb/v7-m/nofp\libc_nano.a(libc_a-isattyr.o)
                0x08003378                _isatty_r
 .text.Led_Init
                0x08003398        0xc CMakeFiles/01_my_FreeRTOS.dir/User/driver_led.c.obj
                0x08003398                Led_Init
 .text.Led_Control
                0x080033a4       0x24 CMakeFiles/01_my_FreeRTOS.dir/User/driver_led.c.obj
                0x080033a4                Led_Control
 .text.Led_Test_Green
                0x080033c8       0x38 CMakeFiles/01_my_FreeRTOS.dir/User/driver_led.c.obj
                0x080033c8                Led_Test_Green
 .text.Led_Test_Red
                0x08003400       0x38 CMakeFiles/01_my_FreeRTOS.dir/User/driver_led.c.obj
                0x08003400                Led_Test_Red
 .text.delay_ms
                0x08003438       0x1c CMakeFiles/01_my_FreeRTOS.dir/User/mcu_peripheral_bsp/src/bsp_delay.c.obj
                0x08003438                delay_ms
 .text._write   0x08003454       0x28 CMakeFiles/01_my_FreeRTOS.dir/User/mcu_peripheral_bsp/src/bsp_print.c.obj
                0x08003454                _write
 .text.main     0x0800347c       0x28 CMakeFiles/01_my_FreeRTOS.dir/Core/Src/main.c.obj
                0x0800347c                main
 .text.SystemClock_Config
                0x080034a4       0x82 CMakeFiles/01_my_FreeRTOS.dir/Core/Src/main.c.obj
                0x080034a4                SystemClock_Config
 *fill*         0x08003526        0x2 
 .text.HAL_TIM_PeriodElapsedCallback
                0x08003528       0x24 CMakeFiles/01_my_FreeRTOS.dir/Core/Src/main.c.obj
                0x08003528                HAL_TIM_PeriodElapsedCallback
 .text.Error_Handler
                0x0800354c        0xc CMakeFiles/01_my_FreeRTOS.dir/Core/Src/main.c.obj
                0x0800354c                Error_Handler
 .text.MX_GPIO_Init
                0x08003558       0x98 CMakeFiles/01_my_FreeRTOS.dir/Core/Src/gpio.c.obj
                0x08003558                MX_GPIO_Init
 .text.MX_FREERTOS_Init
                0x080035f0       0x60 CMakeFiles/01_my_FreeRTOS.dir/Core/Src/freertos.c.obj
                0x080035f0                MX_FREERTOS_Init
 .text.StartDefaultTask
                0x08003650        0xe CMakeFiles/01_my_FreeRTOS.dir/Core/Src/freertos.c.obj
                0x08003650                StartDefaultTask
 *fill*         0x0800365e        0x2 
 .text.MyUsartTask
                0x08003660       0x20 CMakeFiles/01_my_FreeRTOS.dir/Core/Src/freertos.c.obj
                0x08003660                MyUsartTask
 .text.MyLedTask
                0x08003680        0xe CMakeFiles/01_my_FreeRTOS.dir/Core/Src/freertos.c.obj
                0x08003680                MyLedTask
 *fill*         0x0800368e        0x2 
 .text.MX_I2C1_Init
                0x08003690       0x5c CMakeFiles/01_my_FreeRTOS.dir/Core/Src/i2c.c.obj
                0x08003690                MX_I2C1_Init
 .text.HAL_I2C_MspInit
                0x080036ec       0x7c CMakeFiles/01_my_FreeRTOS.dir/Core/Src/i2c.c.obj
                0x080036ec                HAL_I2C_MspInit
 .text.MX_USART1_UART_Init
                0x08003768       0x54 CMakeFiles/01_my_FreeRTOS.dir/Core/Src/usart.c.obj
                0x08003768                MX_USART1_UART_Init
 .text.HAL_UART_MspInit
                0x080037bc       0x98 CMakeFiles/01_my_FreeRTOS.dir/Core/Src/usart.c.obj
                0x080037bc                HAL_UART_MspInit
 .text.NMI_Handler
                0x08003854        0x8 CMakeFiles/01_my_FreeRTOS.dir/Core/Src/stm32f1xx_it.c.obj
                0x08003854                NMI_Handler
 .text.HardFault_Handler
                0x0800385c        0x8 CMakeFiles/01_my_FreeRTOS.dir/Core/Src/stm32f1xx_it.c.obj
                0x0800385c                HardFault_Handler
 .text.MemManage_Handler
                0x08003864        0x8 CMakeFiles/01_my_FreeRTOS.dir/Core/Src/stm32f1xx_it.c.obj
                0x08003864                MemManage_Handler
 .text.BusFault_Handler
                0x0800386c        0x8 CMakeFiles/01_my_FreeRTOS.dir/Core/Src/stm32f1xx_it.c.obj
                0x0800386c                BusFault_Handler
 .text.UsageFault_Handler
                0x08003874        0x8 CMakeFiles/01_my_FreeRTOS.dir/Core/Src/stm32f1xx_it.c.obj
                0x08003874                UsageFault_Handler
 .text.DebugMon_Handler
                0x0800387c        0xc CMakeFiles/01_my_FreeRTOS.dir/Core/Src/stm32f1xx_it.c.obj
                0x0800387c                DebugMon_Handler
 .text.TIM4_IRQHandler
                0x08003888       0x14 CMakeFiles/01_my_FreeRTOS.dir/Core/Src/stm32f1xx_it.c.obj
                0x08003888                TIM4_IRQHandler
 .text.HAL_MspInit
                0x0800389c       0x70 CMakeFiles/01_my_FreeRTOS.dir/Core/Src/stm32f1xx_hal_msp.c.obj
                0x0800389c                HAL_MspInit
 .text.HAL_InitTick
                0x0800390c       0xfc CMakeFiles/01_my_FreeRTOS.dir/Core/Src/stm32f1xx_hal_timebase_tim.c.obj
                0x0800390c                HAL_InitTick
 .text.HAL_TIM_Base_Init
                0x08003a08       0x9e CMakeFiles/01_my_FreeRTOS.dir/Drivers/STM32F1xx_HAL_Driver/Src/stm32f1xx_hal_tim.c.obj
                0x08003a08                HAL_TIM_Base_Init
 .text.HAL_TIM_Base_MspInit
                0x08003aa6       0x12 CMakeFiles/01_my_FreeRTOS.dir/Drivers/STM32F1xx_HAL_Driver/Src/stm32f1xx_hal_tim.c.obj
                0x08003aa6                HAL_TIM_Base_MspInit
 .text.HAL_TIM_Base_Start_IT
                0x08003ab8       0xa4 CMakeFiles/01_my_FreeRTOS.dir/Drivers/STM32F1xx_HAL_Driver/Src/stm32f1xx_hal_tim.c.obj
                0x08003ab8                HAL_TIM_Base_Start_IT
 .text.HAL_TIM_IRQHandler
                0x08003b5c      0x1e0 CMakeFiles/01_my_FreeRTOS.dir/Drivers/STM32F1xx_HAL_Driver/Src/stm32f1xx_hal_tim.c.obj
                0x08003b5c                HAL_TIM_IRQHandler
 .text.HAL_TIM_OC_DelayElapsedCallback
                0x08003d3c       0x12 CMakeFiles/01_my_FreeRTOS.dir/Drivers/STM32F1xx_HAL_Driver/Src/stm32f1xx_hal_tim.c.obj
                0x08003d3c                HAL_TIM_OC_DelayElapsedCallback
 .text.HAL_TIM_IC_CaptureCallback
                0x08003d4e       0x12 CMakeFiles/01_my_FreeRTOS.dir/Drivers/STM32F1xx_HAL_Driver/Src/stm32f1xx_hal_tim.c.obj
                0x08003d4e                HAL_TIM_IC_CaptureCallback
 .text.HAL_TIM_PWM_PulseFinishedCallback
                0x08003d60       0x12 CMakeFiles/01_my_FreeRTOS.dir/Drivers/STM32F1xx_HAL_Driver/Src/stm32f1xx_hal_tim.c.obj
                0x08003d60                HAL_TIM_PWM_PulseFinishedCallback
 .text.HAL_TIM_TriggerCallback
                0x08003d72       0x12 CMakeFiles/01_my_FreeRTOS.dir/Drivers/STM32F1xx_HAL_Driver/Src/stm32f1xx_hal_tim.c.obj
                0x08003d72                HAL_TIM_TriggerCallback
 .text.TIM_Base_SetConfig
                0x08003d84       0xdc CMakeFiles/01_my_FreeRTOS.dir/Drivers/STM32F1xx_HAL_Driver/Src/stm32f1xx_hal_tim.c.obj
                0x08003d84                TIM_Base_SetConfig
 .text.HAL_TIMEx_CommutCallback
                0x08003e60       0x12 CMakeFiles/01_my_FreeRTOS.dir/Drivers/STM32F1xx_HAL_Driver/Src/stm32f1xx_hal_tim_ex.c.obj
                0x08003e60                HAL_TIMEx_CommutCallback
 .text.HAL_TIMEx_BreakCallback
                0x08003e72       0x12 CMakeFiles/01_my_FreeRTOS.dir/Drivers/STM32F1xx_HAL_Driver/Src/stm32f1xx_hal_tim_ex.c.obj
                0x08003e72                HAL_TIMEx_BreakCallback
 .text.HAL_Init
                0x08003e84       0x2c CMakeFiles/01_my_FreeRTOS.dir/Drivers/STM32F1xx_HAL_Driver/Src/stm32f1xx_hal.c.obj
                0x08003e84                HAL_Init
 .text.HAL_IncTick
                0x08003eb0       0x24 CMakeFiles/01_my_FreeRTOS.dir/Drivers/STM32F1xx_HAL_Driver/Src/stm32f1xx_hal.c.obj
                0x08003eb0                HAL_IncTick
 .text.HAL_GetTick
                0x08003ed4       0x14 CMakeFiles/01_my_FreeRTOS.dir/Drivers/STM32F1xx_HAL_Driver/Src/stm32f1xx_hal.c.obj
                0x08003ed4                HAL_GetTick
 .text.HAL_Delay
                0x08003ee8       0x48 CMakeFiles/01_my_FreeRTOS.dir/Drivers/STM32F1xx_HAL_Driver/Src/stm32f1xx_hal.c.obj
                0x08003ee8                HAL_Delay
 .text.HAL_RCC_OscConfig
                0x08003f30      0x504 CMakeFiles/01_my_FreeRTOS.dir/Drivers/STM32F1xx_HAL_Driver/Src/stm32f1xx_hal_rcc.c.obj
                0x08003f30                HAL_RCC_OscConfig
 .text.HAL_RCC_ClockConfig
                0x08004434      0x1d4 CMakeFiles/01_my_FreeRTOS.dir/Drivers/STM32F1xx_HAL_Driver/Src/stm32f1xx_hal_rcc.c.obj
                0x08004434                HAL_RCC_ClockConfig
 .text.HAL_RCC_GetSysClockFreq
                0x08004608       0xa8 CMakeFiles/01_my_FreeRTOS.dir/Drivers/STM32F1xx_HAL_Driver/Src/stm32f1xx_hal_rcc.c.obj
                0x08004608                HAL_RCC_GetSysClockFreq
 .text.HAL_RCC_GetHCLKFreq
                0x080046b0       0x14 CMakeFiles/01_my_FreeRTOS.dir/Drivers/STM32F1xx_HAL_Driver/Src/stm32f1xx_hal_rcc.c.obj
                0x080046b0                HAL_RCC_GetHCLKFreq
 .text.HAL_RCC_GetPCLK1Freq
                0x080046c4       0x28 CMakeFiles/01_my_FreeRTOS.dir/Drivers/STM32F1xx_HAL_Driver/Src/stm32f1xx_hal_rcc.c.obj
                0x080046c4                HAL_RCC_GetPCLK1Freq
 .text.HAL_RCC_GetPCLK2Freq
                0x080046ec       0x28 CMakeFiles/01_my_FreeRTOS.dir/Drivers/STM32F1xx_HAL_Driver/Src/stm32f1xx_hal_rcc.c.obj
                0x080046ec                HAL_RCC_GetPCLK2Freq
 .text.HAL_RCC_GetClockConfig
                0x08004714       0x60 CMakeFiles/01_my_FreeRTOS.dir/Drivers/STM32F1xx_HAL_Driver/Src/stm32f1xx_hal_rcc.c.obj
                0x08004714                HAL_RCC_GetClockConfig
 .text.RCC_Delay
                0x08004774       0x3c CMakeFiles/01_my_FreeRTOS.dir/Drivers/STM32F1xx_HAL_Driver/Src/stm32f1xx_hal_rcc.c.obj
 .text.HAL_GPIO_Init
                0x080047b0      0x308 CMakeFiles/01_my_FreeRTOS.dir/Drivers/STM32F1xx_HAL_Driver/Src/stm32f1xx_hal_gpio.c.obj
                0x080047b0                HAL_GPIO_Init
 .text.HAL_GPIO_WritePin
                0x08004ab8       0x30 CMakeFiles/01_my_FreeRTOS.dir/Drivers/STM32F1xx_HAL_Driver/Src/stm32f1xx_hal_gpio.c.obj
                0x08004ab8                HAL_GPIO_WritePin
 .text.__NVIC_SetPriorityGrouping
                0x08004ae8       0x48 CMakeFiles/01_my_FreeRTOS.dir/Drivers/STM32F1xx_HAL_Driver/Src/stm32f1xx_hal_cortex.c.obj
 .text.__NVIC_GetPriorityGrouping
                0x08004b30       0x1c CMakeFiles/01_my_FreeRTOS.dir/Drivers/STM32F1xx_HAL_Driver/Src/stm32f1xx_hal_cortex.c.obj
 .text.__NVIC_EnableIRQ
                0x08004b4c       0x38 CMakeFiles/01_my_FreeRTOS.dir/Drivers/STM32F1xx_HAL_Driver/Src/stm32f1xx_hal_cortex.c.obj
 .text.__NVIC_SetPriority
                0x08004b84       0x54 CMakeFiles/01_my_FreeRTOS.dir/Drivers/STM32F1xx_HAL_Driver/Src/stm32f1xx_hal_cortex.c.obj
 .text.NVIC_EncodePriority
                0x08004bd8       0x64 CMakeFiles/01_my_FreeRTOS.dir/Drivers/STM32F1xx_HAL_Driver/Src/stm32f1xx_hal_cortex.c.obj
 .text.HAL_NVIC_SetPriorityGrouping
                0x08004c3c       0x16 CMakeFiles/01_my_FreeRTOS.dir/Drivers/STM32F1xx_HAL_Driver/Src/stm32f1xx_hal_cortex.c.obj
                0x08004c3c                HAL_NVIC_SetPriorityGrouping
 .text.HAL_NVIC_SetPriority
                0x08004c52       0x38 CMakeFiles/01_my_FreeRTOS.dir/Drivers/STM32F1xx_HAL_Driver/Src/stm32f1xx_hal_cortex.c.obj
                0x08004c52                HAL_NVIC_SetPriority
 .text.HAL_NVIC_EnableIRQ
                0x08004c8a       0x1c CMakeFiles/01_my_FreeRTOS.dir/Drivers/STM32F1xx_HAL_Driver/Src/stm32f1xx_hal_cortex.c.obj
                0x08004c8a                HAL_NVIC_EnableIRQ
 *fill*         0x08004ca6        0x2 
 .text.HAL_I2C_Init
                0x08004ca8      0x288 CMakeFiles/01_my_FreeRTOS.dir/Drivers/STM32F1xx_HAL_Driver/Src/stm32f1xx_hal_i2c.c.obj
                0x08004ca8                HAL_I2C_Init
 .text.HAL_UART_Init
                0x08004f30       0xa0 CMakeFiles/01_my_FreeRTOS.dir/Drivers/STM32F1xx_HAL_Driver/Src/stm32f1xx_hal_uart.c.obj
                0x08004f30                HAL_UART_Init
 .text.HAL_UART_Transmit
                0x08004fd0      0x116 CMakeFiles/01_my_FreeRTOS.dir/Drivers/STM32F1xx_HAL_Driver/Src/stm32f1xx_hal_uart.c.obj
                0x08004fd0                HAL_UART_Transmit
 .text.UART_WaitOnFlagUntilTimeout
                0x080050e6       0xb2 CMakeFiles/01_my_FreeRTOS.dir/Drivers/STM32F1xx_HAL_Driver/Src/stm32f1xx_hal_uart.c.obj
 .text.UART_EndRxTransfer
                0x08005198       0xc4 CMakeFiles/01_my_FreeRTOS.dir/Drivers/STM32F1xx_HAL_Driver/Src/stm32f1xx_hal_uart.c.obj
 .text.UART_SetConfig
                0x0800525c      0x11c CMakeFiles/01_my_FreeRTOS.dir/Drivers/STM32F1xx_HAL_Driver/Src/stm32f1xx_hal_uart.c.obj
 .text.SystemInit
                0x08005378        0xc CMakeFiles/01_my_FreeRTOS.dir/Core/Src/system_stm32f1xx.c.obj
                0x08005378                SystemInit
 .text.vListInitialise
                0x08005384       0x3e CMakeFiles/01_my_FreeRTOS.dir/Middlewares/Third_Party/FreeRTOS/Source/list.c.obj
                0x08005384                vListInitialise
 .text.vListInitialiseItem
                0x080053c2       0x18 CMakeFiles/01_my_FreeRTOS.dir/Middlewares/Third_Party/FreeRTOS/Source/list.c.obj
                0x080053c2                vListInitialiseItem
 .text.vListInsertEnd
                0x080053da       0x46 CMakeFiles/01_my_FreeRTOS.dir/Middlewares/Third_Party/FreeRTOS/Source/list.c.obj
                0x080053da                vListInsertEnd
 .text.vListInsert
                0x08005420       0x70 CMakeFiles/01_my_FreeRTOS.dir/Middlewares/Third_Party/FreeRTOS/Source/list.c.obj
                0x08005420                vListInsert
 .text.uxListRemove
                0x08005490       0x52 CMakeFiles/01_my_FreeRTOS.dir/Middlewares/Third_Party/FreeRTOS/Source/list.c.obj
                0x08005490                uxListRemove
 *fill*         0x080054e2        0x2 
 .text.xQueueGenericReset
                0x080054e4       0xd4 CMakeFiles/01_my_FreeRTOS.dir/Middlewares/Third_Party/FreeRTOS/Source/queue.c.obj
                0x080054e4                xQueueGenericReset
 .text.xQueueGenericCreateStatic
                0x080055b8       0xfa CMakeFiles/01_my_FreeRTOS.dir/Middlewares/Third_Party/FreeRTOS/Source/queue.c.obj
                0x080055b8                xQueueGenericCreateStatic
 .text.prvInitialiseNewQueue
                0x080056b2       0x46 CMakeFiles/01_my_FreeRTOS.dir/Middlewares/Third_Party/FreeRTOS/Source/queue.c.obj
 .text.xQueueGenericSend
                0x080056f8      0x204 CMakeFiles/01_my_FreeRTOS.dir/Middlewares/Third_Party/FreeRTOS/Source/queue.c.obj
                0x080056f8                xQueueGenericSend
 .text.xQueueGenericSendFromISR
                0x080058fc      0x13c CMakeFiles/01_my_FreeRTOS.dir/Middlewares/Third_Party/FreeRTOS/Source/queue.c.obj
                0x080058fc                xQueueGenericSendFromISR
 .text.xQueueReceive
                0x08005a38      0x1c4 CMakeFiles/01_my_FreeRTOS.dir/Middlewares/Third_Party/FreeRTOS/Source/queue.c.obj
                0x08005a38                xQueueReceive
 .text.prvCopyDataToQueue
                0x08005bfc       0xd4 CMakeFiles/01_my_FreeRTOS.dir/Middlewares/Third_Party/FreeRTOS/Source/queue.c.obj
 .text.prvCopyDataFromQueue
                0x08005cd0       0x4c CMakeFiles/01_my_FreeRTOS.dir/Middlewares/Third_Party/FreeRTOS/Source/queue.c.obj
 .text.prvUnlockQueue
                0x08005d1c       0xa4 CMakeFiles/01_my_FreeRTOS.dir/Middlewares/Third_Party/FreeRTOS/Source/queue.c.obj
 .text.prvIsQueueEmpty
                0x08005dc0       0x2c CMakeFiles/01_my_FreeRTOS.dir/Middlewares/Third_Party/FreeRTOS/Source/queue.c.obj
 .text.prvIsQueueFull
                0x08005dec       0x30 CMakeFiles/01_my_FreeRTOS.dir/Middlewares/Third_Party/FreeRTOS/Source/queue.c.obj
 .text.vQueueAddToRegistry
                0x08005e1c       0x50 CMakeFiles/01_my_FreeRTOS.dir/Middlewares/Third_Party/FreeRTOS/Source/queue.c.obj
                0x08005e1c                vQueueAddToRegistry
 .text.vQueueWaitForMessageRestricted
                0x08005e6c       0x68 CMakeFiles/01_my_FreeRTOS.dir/Middlewares/Third_Party/FreeRTOS/Source/queue.c.obj
                0x08005e6c                vQueueWaitForMessageRestricted
 .text.xTaskCreateStatic
                0x08005ed4       0xc0 CMakeFiles/01_my_FreeRTOS.dir/Middlewares/Third_Party/FreeRTOS/Source/tasks.c.obj
                0x08005ed4                xTaskCreateStatic
 .text.xTaskCreate
                0x08005f94       0x8a CMakeFiles/01_my_FreeRTOS.dir/Middlewares/Third_Party/FreeRTOS/Source/tasks.c.obj
                0x08005f94                xTaskCreate
 .text.prvInitialiseNewTask
                0x0800601e      0x120 CMakeFiles/01_my_FreeRTOS.dir/Middlewares/Third_Party/FreeRTOS/Source/tasks.c.obj
 *fill*         0x0800613e        0x2 
 .text.prvAddNewTaskToReadyList
                0x08006140       0xe0 CMakeFiles/01_my_FreeRTOS.dir/Middlewares/Third_Party/FreeRTOS/Source/tasks.c.obj
 .text.vTaskStartScheduler
                0x08006220       0xd0 CMakeFiles/01_my_FreeRTOS.dir/Middlewares/Third_Party/FreeRTOS/Source/tasks.c.obj
                0x08006220                vTaskStartScheduler
 .text.vTaskSuspendAll
                0x080062f0       0x1c CMakeFiles/01_my_FreeRTOS.dir/Middlewares/Third_Party/FreeRTOS/Source/tasks.c.obj
                0x080062f0                vTaskSuspendAll
 .text.xTaskResumeAll
                0x0800630c      0x13c CMakeFiles/01_my_FreeRTOS.dir/Middlewares/Third_Party/FreeRTOS/Source/tasks.c.obj
                0x0800630c                xTaskResumeAll
 .text.xTaskGetTickCount
                0x08006448       0x1c CMakeFiles/01_my_FreeRTOS.dir/Middlewares/Third_Party/FreeRTOS/Source/tasks.c.obj
                0x08006448                xTaskGetTickCount
 .text.xTaskIncrementTick
                0x08006464      0x174 CMakeFiles/01_my_FreeRTOS.dir/Middlewares/Third_Party/FreeRTOS/Source/tasks.c.obj
                0x08006464                xTaskIncrementTick
 .text.vTaskSwitchContext
                0x080065d8       0xbc CMakeFiles/01_my_FreeRTOS.dir/Middlewares/Third_Party/FreeRTOS/Source/tasks.c.obj
                0x080065d8                vTaskSwitchContext
 .text.vTaskPlaceOnEventList
                0x08006694       0x4c CMakeFiles/01_my_FreeRTOS.dir/Middlewares/Third_Party/FreeRTOS/Source/tasks.c.obj
                0x08006694                vTaskPlaceOnEventList
 .text.vTaskPlaceOnEventListRestricted
                0x080066e0       0x58 CMakeFiles/01_my_FreeRTOS.dir/Middlewares/Third_Party/FreeRTOS/Source/tasks.c.obj
                0x080066e0                vTaskPlaceOnEventListRestricted
 .text.xTaskRemoveFromEventList
                0x08006738       0xc8 CMakeFiles/01_my_FreeRTOS.dir/Middlewares/Third_Party/FreeRTOS/Source/tasks.c.obj
                0x08006738                xTaskRemoveFromEventList
 .text.vTaskInternalSetTimeOutState
                0x08006800       0x2c CMakeFiles/01_my_FreeRTOS.dir/Middlewares/Third_Party/FreeRTOS/Source/tasks.c.obj
                0x08006800                vTaskInternalSetTimeOutState
 .text.xTaskCheckForTimeOut
                0x0800682c       0xc8 CMakeFiles/01_my_FreeRTOS.dir/Middlewares/Third_Party/FreeRTOS/Source/tasks.c.obj
                0x0800682c                xTaskCheckForTimeOut
 .text.vTaskMissedYield
                0x080068f4       0x18 CMakeFiles/01_my_FreeRTOS.dir/Middlewares/Third_Party/FreeRTOS/Source/tasks.c.obj
                0x080068f4                vTaskMissedYield
 .text.prvIdleTask
                0x0800690c       0x30 CMakeFiles/01_my_FreeRTOS.dir/Middlewares/Third_Party/FreeRTOS/Source/tasks.c.obj
 .text.prvInitialiseTaskLists
                0x0800693c       0x80 CMakeFiles/01_my_FreeRTOS.dir/Middlewares/Third_Party/FreeRTOS/Source/tasks.c.obj
 .text.prvCheckTasksWaitingTermination
                0x080069bc       0x5c CMakeFiles/01_my_FreeRTOS.dir/Middlewares/Third_Party/FreeRTOS/Source/tasks.c.obj
 .text.prvDeleteTCB
                0x08006a18       0x60 CMakeFiles/01_my_FreeRTOS.dir/Middlewares/Third_Party/FreeRTOS/Source/tasks.c.obj
 .text.prvResetNextTaskUnblockTime
                0x08006a78       0x40 CMakeFiles/01_my_FreeRTOS.dir/Middlewares/Third_Party/FreeRTOS/Source/tasks.c.obj
 .text.xTaskGetSchedulerState
                0x08006ab8       0x3c CMakeFiles/01_my_FreeRTOS.dir/Middlewares/Third_Party/FreeRTOS/Source/tasks.c.obj
                0x08006ab8                xTaskGetSchedulerState
 .text.xTaskPriorityDisinherit
                0x08006af4       0xe0 CMakeFiles/01_my_FreeRTOS.dir/Middlewares/Third_Party/FreeRTOS/Source/tasks.c.obj
                0x08006af4                xTaskPriorityDisinherit
 .text.prvAddCurrentTaskToDelayedList
                0x08006bd4       0xa8 CMakeFiles/01_my_FreeRTOS.dir/Middlewares/Third_Party/FreeRTOS/Source/tasks.c.obj
 .text.xTimerCreateTimerTask
                0x08006c7c       0x94 CMakeFiles/01_my_FreeRTOS.dir/Middlewares/Third_Party/FreeRTOS/Source/timers.c.obj
                0x08006c7c                xTimerCreateTimerTask
 .text.xTimerGenericCommand
                0x08006d10       0x9c CMakeFiles/01_my_FreeRTOS.dir/Middlewares/Third_Party/FreeRTOS/Source/timers.c.obj
                0x08006d10                xTimerGenericCommand
 .text.prvProcessExpiredTimer
                0x08006dac       0x9c CMakeFiles/01_my_FreeRTOS.dir/Middlewares/Third_Party/FreeRTOS/Source/timers.c.obj
 .text.prvTimerTask
                0x08006e48       0x26 CMakeFiles/01_my_FreeRTOS.dir/Middlewares/Third_Party/FreeRTOS/Source/timers.c.obj
 *fill*         0x08006e6e        0x2 
 .text.prvProcessTimerOrBlockTask
                0x08006e70       0x9c CMakeFiles/01_my_FreeRTOS.dir/Middlewares/Third_Party/FreeRTOS/Source/timers.c.obj
 .text.prvGetNextExpireTime
                0x08006f0c       0x44 CMakeFiles/01_my_FreeRTOS.dir/Middlewares/Third_Party/FreeRTOS/Source/timers.c.obj
 .text.prvSampleTimeNow
                0x08006f50       0x40 CMakeFiles/01_my_FreeRTOS.dir/Middlewares/Third_Party/FreeRTOS/Source/timers.c.obj
 .text.prvInsertTimerInActiveList
                0x08006f90       0x84 CMakeFiles/01_my_FreeRTOS.dir/Middlewares/Third_Party/FreeRTOS/Source/timers.c.obj
 .text.prvProcessReceivedCommands
                0x08007014      0x1cc CMakeFiles/01_my_FreeRTOS.dir/Middlewares/Third_Party/FreeRTOS/Source/timers.c.obj
 .text.prvSwitchTimerLists
                0x080071e0       0xcc CMakeFiles/01_my_FreeRTOS.dir/Middlewares/Third_Party/FreeRTOS/Source/timers.c.obj
 .text.prvCheckForValidListAndQueue
                0x080072ac       0x80 CMakeFiles/01_my_FreeRTOS.dir/Middlewares/Third_Party/FreeRTOS/Source/timers.c.obj
 .text.__NVIC_SetPriority
                0x0800732c       0x54 CMakeFiles/01_my_FreeRTOS.dir/Middlewares/Third_Party/FreeRTOS/Source/CMSIS_RTOS_V2/cmsis_os2.c.obj
 .text.SysTick_Handler
                0x08007380       0x20 CMakeFiles/01_my_FreeRTOS.dir/Middlewares/Third_Party/FreeRTOS/Source/CMSIS_RTOS_V2/cmsis_os2.c.obj
                0x08007380                SysTick_Handler
 .text.SVC_Setup
                0x080073a0       0x12 CMakeFiles/01_my_FreeRTOS.dir/Middlewares/Third_Party/FreeRTOS/Source/CMSIS_RTOS_V2/cmsis_os2.c.obj
 *fill*         0x080073b2        0x2 
 .text.osKernelInitialize
                0x080073b4       0x44 CMakeFiles/01_my_FreeRTOS.dir/Middlewares/Third_Party/FreeRTOS/Source/CMSIS_RTOS_V2/cmsis_os2.c.obj
                0x080073b4                osKernelInitialize
 .text.osKernelStart
                0x080073f8       0x4c CMakeFiles/01_my_FreeRTOS.dir/Middlewares/Third_Party/FreeRTOS/Source/CMSIS_RTOS_V2/cmsis_os2.c.obj
                0x080073f8                osKernelStart
 .text.osThreadNew
                0x08007444      0x124 CMakeFiles/01_my_FreeRTOS.dir/Middlewares/Third_Party/FreeRTOS/Source/CMSIS_RTOS_V2/cmsis_os2.c.obj
                0x08007444                osThreadNew
 .text.vApplicationGetIdleTaskMemory
                0x08007568       0x30 CMakeFiles/01_my_FreeRTOS.dir/Middlewares/Third_Party/FreeRTOS/Source/CMSIS_RTOS_V2/cmsis_os2.c.obj
                0x08007568                vApplicationGetIdleTaskMemory
 .text.vApplicationGetTimerTaskMemory
                0x08007598       0x34 CMakeFiles/01_my_FreeRTOS.dir/Middlewares/Third_Party/FreeRTOS/Source/CMSIS_RTOS_V2/cmsis_os2.c.obj
                0x08007598                vApplicationGetTimerTaskMemory
 .text.pvPortMalloc
                0x080075cc      0x19c CMakeFiles/01_my_FreeRTOS.dir/Middlewares/Third_Party/FreeRTOS/Source/portable/MemMang/heap_4.c.obj
                0x080075cc                pvPortMalloc
 .text.vPortFree
                0x08007768       0xc8 CMakeFiles/01_my_FreeRTOS.dir/Middlewares/Third_Party/FreeRTOS/Source/portable/MemMang/heap_4.c.obj
                0x08007768                vPortFree
 .text.prvHeapInit
                0x08007830       0xc4 CMakeFiles/01_my_FreeRTOS.dir/Middlewares/Third_Party/FreeRTOS/Source/portable/MemMang/heap_4.c.obj
 .text.prvInsertBlockIntoFreeList
                0x080078f4       0xb0 CMakeFiles/01_my_FreeRTOS.dir/Middlewares/Third_Party/FreeRTOS/Source/portable/MemMang/heap_4.c.obj
 .text.pxPortInitialiseStack
                0x080079a4       0x58 CMakeFiles/01_my_FreeRTOS.dir/Middlewares/Third_Party/FreeRTOS/Source/portable/GCC/ARM_CM3/port.c.obj
                0x080079a4                pxPortInitialiseStack
 .text.prvTaskExitError
                0x080079fc       0x58 CMakeFiles/01_my_FreeRTOS.dir/Middlewares/Third_Party/FreeRTOS/Source/portable/GCC/ARM_CM3/port.c.obj
 *fill*         0x08007a54        0xc 
 .text.SVC_Handler
                0x08007a60       0x28 CMakeFiles/01_my_FreeRTOS.dir/Middlewares/Third_Party/FreeRTOS/Source/portable/GCC/ARM_CM3/port.c.obj
                0x08007a60                SVC_Handler
 .text.prvPortStartFirstTask
                0x08007a88       0x20 CMakeFiles/01_my_FreeRTOS.dir/Middlewares/Third_Party/FreeRTOS/Source/portable/GCC/ARM_CM3/port.c.obj
 .text.xPortStartScheduler
                0x08007aa8       0xe4 CMakeFiles/01_my_FreeRTOS.dir/Middlewares/Third_Party/FreeRTOS/Source/portable/GCC/ARM_CM3/port.c.obj
                0x08007aa8                xPortStartScheduler
 .text.vPortEnterCritical
                0x08007b8c       0x60 CMakeFiles/01_my_FreeRTOS.dir/Middlewares/Third_Party/FreeRTOS/Source/portable/GCC/ARM_CM3/port.c.obj
                0x08007b8c                vPortEnterCritical
 .text.vPortExitCritical
                0x08007bec       0x54 CMakeFiles/01_my_FreeRTOS.dir/Middlewares/Third_Party/FreeRTOS/Source/portable/GCC/ARM_CM3/port.c.obj
                0x08007bec                vPortExitCritical
 .text.PendSV_Handler
                0x08007c40       0x48 CMakeFiles/01_my_FreeRTOS.dir/Middlewares/Third_Party/FreeRTOS/Source/portable/GCC/ARM_CM3/port.c.obj
                0x08007c40                PendSV_Handler
 .text.xPortSysTickHandler
                0x08007c88       0x44 CMakeFiles/01_my_FreeRTOS.dir/Middlewares/Third_Party/FreeRTOS/Source/portable/GCC/ARM_CM3/port.c.obj
                0x08007c88                xPortSysTickHandler
 .text.vPortSetupTimerInterrupt
                0x08007ccc       0x44 CMakeFiles/01_my_FreeRTOS.dir/Middlewares/Third_Party/FreeRTOS/Source/portable/GCC/ARM_CM3/port.c.obj
                0x08007ccc                vPortSetupTimerInterrupt
 .text.vPortValidateInterruptPriority
                0x08007d10       0x80 CMakeFiles/01_my_FreeRTOS.dir/Middlewares/Third_Party/FreeRTOS/Source/portable/GCC/ARM_CM3/port.c.obj
                0x08007d10                vPortValidateInterruptPriority
 .text._sbrk    0x08007d90       0x6c CMakeFiles/01_my_FreeRTOS.dir/Core/Src/sysmem.c.obj
                0x08007d90                _sbrk
 .text._getpid  0x08007dfc        0xe CMakeFiles/01_my_FreeRTOS.dir/Core/Src/syscalls.c.obj
                0x08007dfc                _getpid
 .text._kill    0x08007e0a       0x20 CMakeFiles/01_my_FreeRTOS.dir/Core/Src/syscalls.c.obj
                0x08007e0a                _kill
 .text._exit    0x08007e2a       0x16 CMakeFiles/01_my_FreeRTOS.dir/Core/Src/syscalls.c.obj
                0x08007e2a                _exit
 .text._read    0x08007e40       0x3a CMakeFiles/01_my_FreeRTOS.dir/Core/Src/syscalls.c.obj
                0x08007e40                _read
 .text._close   0x08007e7a       0x16 CMakeFiles/01_my_FreeRTOS.dir/Core/Src/syscalls.c.obj
                0x08007e7a                _close
 .text._fstat   0x08007e90       0x1e CMakeFiles/01_my_FreeRTOS.dir/Core/Src/syscalls.c.obj
                0x08007e90                _fstat
 .text._isatty  0x08007eae       0x14 CMakeFiles/01_my_FreeRTOS.dir/Core/Src/syscalls.c.obj
                0x08007eae                _isatty
 .text._lseek   0x08007ec2       0x18 CMakeFiles/01_my_FreeRTOS.dir/Core/Src/syscalls.c.obj
                0x08007ec2                _lseek
 *fill*         0x08007eda        0x2 
 .text.Reset_Handler
                0x08007edc       0x48 CMakeFiles/01_my_FreeRTOS.dir/startup_stm32f103xb.s.obj
                0x08007edc                Reset_Handler
 .text.Default_Handler
                0x08007f24        0x2 CMakeFiles/01_my_FreeRTOS.dir/startup_stm32f103xb.s.obj
                0x08007f24                RTC_Alarm_IRQHandler
                0x08007f24                EXTI2_IRQHandler
                0x08007f24                TIM1_CC_IRQHandler
                0x08007f24                PVD_IRQHandler
                0x08007f24                EXTI3_IRQHandler
                0x08007f24                EXTI0_IRQHandler
                0x08007f24                I2C2_EV_IRQHandler
                0x08007f24                ADC1_2_IRQHandler
                0x08007f24                SPI1_IRQHandler
                0x08007f24                TAMPER_IRQHandler
                0x08007f24                DMA1_Channel4_IRQHandler
                0x08007f24                USART3_IRQHandler
                0x08007f24                RTC_IRQHandler
                0x08007f24                DMA1_Channel7_IRQHandler
                0x08007f24                CAN1_RX1_IRQHandler
                0x08007f24                I2C1_EV_IRQHandler
                0x08007f24                DMA1_Channel6_IRQHandler
                0x08007f24                TIM3_IRQHandler
                0x08007f24                RCC_IRQHandler
                0x08007f24                TIM1_TRG_COM_IRQHandler
                0x08007f24                DMA1_Channel1_IRQHandler
                0x08007f24                Default_Handler
                0x08007f24                EXTI15_10_IRQHandler
                0x08007f24                EXTI9_5_IRQHandler
                0x08007f24                SPI2_IRQHandler
                0x08007f24                DMA1_Channel5_IRQHandler
                0x08007f24                EXTI4_IRQHandler
                0x08007f24                USB_LP_CAN1_RX0_IRQHandler
                0x08007f24                USB_HP_CAN1_TX_IRQHandler
                0x08007f24                DMA1_Channel3_IRQHandler
                0x08007f24                TIM1_UP_IRQHandler
                0x08007f24                WWDG_IRQHandler
                0x08007f24                TIM2_IRQHandler
                0x08007f24                TIM1_BRK_IRQHandler
                0x08007f24                EXTI1_IRQHandler
                0x08007f24                USART2_IRQHandler
                0x08007f24                I2C2_ER_IRQHandler
                0x08007f24                DMA1_Channel2_IRQHandler
                0x08007f24                CAN1_SCE_IRQHandler
                0x08007f24                FLASH_IRQHandler
                0x08007f24                USART1_IRQHandler
                0x08007f24                I2C1_ER_IRQHandler
                0x08007f24                USBWakeUp_IRQHandler
 .text._puts_r  0x08007f26       0xaa C:/ST/STM32CubeCLT_1.18.0/GNU-tools-for-STM32/bin/../lib/gcc/arm-none-eabi/13.3.1/../../../../arm-none-eabi/lib/thumb/v7-m/nofp\libg_nano.a(libc_a-puts.o)
                0x08007f26                _puts_r
 .text.puts     0x08007fd0       0x10 C:/ST/STM32CubeCLT_1.18.0/GNU-tools-for-STM32/bin/../lib/gcc/arm-none-eabi/13.3.1/../../../../arm-none-eabi/lib/thumb/v7-m/nofp\libg_nano.a(libc_a-puts.o)
                0x08007fd0                puts
 .text.__errno  0x08007fe0        0xc C:/ST/STM32CubeCLT_1.18.0/GNU-tools-for-STM32/bin/../lib/gcc/arm-none-eabi/13.3.1/../../../../arm-none-eabi/lib/thumb/v7-m/nofp\libg_nano.a(libc_a-errno.o)
                0x08007fe0                __errno
 *(.glue_7)
 .glue_7        0x08007fec        0x0 linker stubs
 *(.glue_7t)
 .glue_7t       0x08007fec        0x0 linker stubs
 *(.eh_frame)
 .eh_frame      0x08007fec        0x0 C:/ST/STM32CubeCLT_1.18.0/GNU-tools-for-STM32/bin/../lib/gcc/arm-none-eabi/13.3.1/thumb/v7-m/nofp/crtbegin.o
 *(.init)
 .init          0x08007fec        0x4 C:/ST/STM32CubeCLT_1.18.0/GNU-tools-for-STM32/bin/../lib/gcc/arm-none-eabi/13.3.1/thumb/v7-m/nofp/crti.o
                0x08007fec                _init
 .init          0x08007ff0        0x8 C:/ST/STM32CubeCLT_1.18.0/GNU-tools-for-STM32/bin/../lib/gcc/arm-none-eabi/13.3.1/thumb/v7-m/nofp/crtn.o
 *(.fini)
 .fini          0x08007ff8        0x4 C:/ST/STM32CubeCLT_1.18.0/GNU-tools-for-STM32/bin/../lib/gcc/arm-none-eabi/13.3.1/thumb/v7-m/nofp/crti.o
                0x08007ff8                _fini
 .fini          0x08007ffc        0x8 C:/ST/STM32CubeCLT_1.18.0/GNU-tools-for-STM32/bin/../lib/gcc/arm-none-eabi/13.3.1/thumb/v7-m/nofp/crtn.o
                0x08008004                        . = ALIGN (0x4)
                0x08008004                        _etext = .

.vfp11_veneer   0x08008004        0x0
 .vfp11_veneer  0x08008004        0x0 linker stubs

.v4_bx          0x08008004        0x0
 .v4_bx         0x08008004        0x0 linker stubs

.iplt           0x08008004        0x0
 .iplt          0x08008004        0x0 C:/ST/STM32CubeCLT_1.18.0/GNU-tools-for-STM32/bin/../lib/gcc/arm-none-eabi/13.3.1/thumb/v7-m/nofp/crtbegin.o

.rodata         0x08008008      0x414
                0x08008008                        . = ALIGN (0x4)
 *(.rodata)
 .rodata        0x08008008       0x39 CMakeFiles/01_my_FreeRTOS.dir/Core/Src/freertos.c.obj
 *fill*         0x08008041        0x3 
 .rodata        0x08008044        0x5 CMakeFiles/01_my_FreeRTOS.dir/Middlewares/Third_Party/FreeRTOS/Source/tasks.c.obj
 *fill*         0x08008049        0x3 
 .rodata        0x0800804c        0xd CMakeFiles/01_my_FreeRTOS.dir/Middlewares/Third_Party/FreeRTOS/Source/timers.c.obj
 *(.rodata*)
 .rodata._printf_float.str1.1
                0x08008059      0x171 C:/ST/STM32CubeCLT_1.18.0/GNU-tools-for-STM32/bin/../lib/gcc/arm-none-eabi/13.3.1/../../../../arm-none-eabi/lib/thumb/v7-m/nofp\libc_nano.a(libc_a-nano-vfprintf_float.o)
                                 0x12 (size before relaxing)
 .rodata._printf_i.str1.1
                0x080081ca       0x22 C:/ST/STM32CubeCLT_1.18.0/GNU-tools-for-STM32/bin/../lib/gcc/arm-none-eabi/13.3.1/../../../../arm-none-eabi/lib/thumb/v7-m/nofp\libc_nano.a(libc_a-nano-vfprintf_i.o)
 .rodata._dtoa_r.str1.1
                0x080081ca       0x8f C:/ST/STM32CubeCLT_1.18.0/GNU-tools-for-STM32/bin/../lib/gcc/arm-none-eabi/13.3.1/../../../../arm-none-eabi/lib/thumb/v7-m/nofp\libc_nano.a(libc_a-dtoa.o)
 .rodata._Balloc.str1.1
                0x080081ca       0x70 C:/ST/STM32CubeCLT_1.18.0/GNU-tools-for-STM32/bin/../lib/gcc/arm-none-eabi/13.3.1/../../../../arm-none-eabi/lib/thumb/v7-m/nofp\libc_nano.a(libc_a-mprec.o)
 .rodata.__multadd.str1.1
                0x080081ca       0x11 C:/ST/STM32CubeCLT_1.18.0/GNU-tools-for-STM32/bin/../lib/gcc/arm-none-eabi/13.3.1/../../../../arm-none-eabi/lib/thumb/v7-m/nofp\libc_nano.a(libc_a-mprec.o)
 *fill*         0x080081ca        0x2 
 .rodata.p05.0  0x080081cc        0xc C:/ST/STM32CubeCLT_1.18.0/GNU-tools-for-STM32/bin/../lib/gcc/arm-none-eabi/13.3.1/../../../../arm-none-eabi/lib/thumb/v7-m/nofp\libc_nano.a(libc_a-mprec.o)
 .rodata.__mprec_bigtens
                0x080081d8       0x28 C:/ST/STM32CubeCLT_1.18.0/GNU-tools-for-STM32/bin/../lib/gcc/arm-none-eabi/13.3.1/../../../../arm-none-eabi/lib/thumb/v7-m/nofp\libc_nano.a(libc_a-mprec.o)
                0x080081d8                __mprec_bigtens
 .rodata.__mprec_tens
                0x08008200       0xc8 C:/ST/STM32CubeCLT_1.18.0/GNU-tools-for-STM32/bin/../lib/gcc/arm-none-eabi/13.3.1/../../../../arm-none-eabi/lib/thumb/v7-m/nofp\libc_nano.a(libc_a-mprec.o)
                0x08008200                __mprec_tens
 .rodata._setlocale_r.str1.1
                0x080082c8        0x9 C:/ST/STM32CubeCLT_1.18.0/GNU-tools-for-STM32/bin/../lib/gcc/arm-none-eabi/13.3.1/../../../../arm-none-eabi/lib/thumb/v7-m/nofp\libc_nano.a(libc_a-locale.o)
 .rodata.str1.1
                0x080082c8        0x2 C:/ST/STM32CubeCLT_1.18.0/GNU-tools-for-STM32/bin/../lib/gcc/arm-none-eabi/13.3.1/../../../../arm-none-eabi/lib/thumb/v7-m/nofp\libc_nano.a(libc_a-locale.o)
 .rodata.__assert_func.str1.1
                0x080082c8       0x3d C:/ST/STM32CubeCLT_1.18.0/GNU-tools-for-STM32/bin/../lib/gcc/arm-none-eabi/13.3.1/../../../../arm-none-eabi/lib/thumb/v7-m/nofp\libc_nano.a(libc_a-assert.o)
 .rodata._ctype_
                0x080082c8      0x101 C:/ST/STM32CubeCLT_1.18.0/GNU-tools-for-STM32/bin/../lib/gcc/arm-none-eabi/13.3.1/../../../../arm-none-eabi/lib/thumb/v7-m/nofp\libc_nano.a(libc_a-ctype_.o)
                0x080082c8                _ctype_
 .rodata._vfprintf_r.str1.1
                0x080083c9       0x11 C:/ST/STM32CubeCLT_1.18.0/GNU-tools-for-STM32/bin/../lib/gcc/arm-none-eabi/13.3.1/../../../../arm-none-eabi/lib/thumb/v7-m/nofp\libc_nano.a(libc_a-nano-vfprintf.o)
 *fill*         0x080083c9        0x3 
 .rodata.defaultTask_attributes
                0x080083cc       0x24 CMakeFiles/01_my_FreeRTOS.dir/Core/Src/freertos.c.obj
                0x080083cc                defaultTask_attributes
 .rodata.aPLLMULFactorTable.1
                0x080083f0       0x10 CMakeFiles/01_my_FreeRTOS.dir/Drivers/STM32F1xx_HAL_Driver/Src/stm32f1xx_hal_rcc.c.obj
 .rodata.aPredivFactorTable.0
                0x08008400        0x2 CMakeFiles/01_my_FreeRTOS.dir/Drivers/STM32F1xx_HAL_Driver/Src/stm32f1xx_hal_rcc.c.obj
 *fill*         0x08008402        0x2 
 .rodata.AHBPrescTable
                0x08008404       0x10 CMakeFiles/01_my_FreeRTOS.dir/Core/Src/system_stm32f1xx.c.obj
                0x08008404                AHBPrescTable
 .rodata.APBPrescTable
                0x08008414        0x8 CMakeFiles/01_my_FreeRTOS.dir/Core/Src/system_stm32f1xx.c.obj
                0x08008414                APBPrescTable
                0x0800841c                        . = ALIGN (0x4)

.ARM.extab
 *(.ARM.extab* .gnu.linkonce.armextab.*)

.ARM            0x0800841c        0x8
                0x0800841c                        __exidx_start = .
 *(.ARM.exidx*)
 .ARM.exidx     0x0800841c        0x8 C:/ST/STM32CubeCLT_1.18.0/GNU-tools-for-STM32/bin/../lib/gcc/arm-none-eabi/13.3.1/../../../../arm-none-eabi/lib/thumb/v7-m/nofp\libc_nano.a(libc_a-strlen.o)
                0x08008424                        __exidx_end = .

.rel.dyn        0x08008424        0x0
 .rel.iplt      0x08008424        0x0 C:/ST/STM32CubeCLT_1.18.0/GNU-tools-for-STM32/bin/../lib/gcc/arm-none-eabi/13.3.1/thumb/v7-m/nofp/crtbegin.o

.preinit_array  0x08008424        0x0
                0x08008424                        PROVIDE (__preinit_array_start = .)
 *(.preinit_array*)
                0x08008424                        PROVIDE (__preinit_array_end = .)

.init_array     0x08008424        0x4
                0x08008424                        PROVIDE (__init_array_start = .)
 *(SORT_BY_NAME(.init_array.*))
 *(.init_array*)
 .init_array    0x08008424        0x4 C:/ST/STM32CubeCLT_1.18.0/GNU-tools-for-STM32/bin/../lib/gcc/arm-none-eabi/13.3.1/thumb/v7-m/nofp/crtbegin.o
                0x08008428                        PROVIDE (__init_array_end = .)

.fini_array     0x08008428        0x4
                [!provide]                        PROVIDE (__fini_array_start = .)
 *(SORT_BY_NAME(.fini_array.*))
 *(.fini_array*)
 .fini_array    0x08008428        0x4 C:/ST/STM32CubeCLT_1.18.0/GNU-tools-for-STM32/bin/../lib/gcc/arm-none-eabi/13.3.1/thumb/v7-m/nofp/crtbegin.o
                [!provide]                        PROVIDE (__fini_array_end = .)
                0x0800842c                        _sidata = LOADADDR (.data)

.data           0x20000000      0x1d8 load address 0x0800842c
                0x20000000                        . = ALIGN (0x4)
                0x20000000                        _sdata = .
 *(.data)
 *(.data*)
 .data.__sglue  0x20000000        0xc C:/ST/STM32CubeCLT_1.18.0/GNU-tools-for-STM32/bin/../lib/gcc/arm-none-eabi/13.3.1/../../../../arm-none-eabi/lib/thumb/v7-m/nofp\libc_nano.a(libc_a-findfp.o)
                0x20000000                __sglue
 .data._impure_ptr
                0x2000000c        0x4 C:/ST/STM32CubeCLT_1.18.0/GNU-tools-for-STM32/bin/../lib/gcc/arm-none-eabi/13.3.1/../../../../arm-none-eabi/lib/thumb/v7-m/nofp\libc_nano.a(libc_a-impure.o)
                0x2000000c                _impure_ptr
 .data._impure_data
                0x20000010       0x4c C:/ST/STM32CubeCLT_1.18.0/GNU-tools-for-STM32/bin/../lib/gcc/arm-none-eabi/13.3.1/../../../../arm-none-eabi/lib/thumb/v7-m/nofp\libc_nano.a(libc_a-impure.o)
                0x20000010                _impure_data
 .data.__global_locale
                0x2000005c      0x16c C:/ST/STM32CubeCLT_1.18.0/GNU-tools-for-STM32/bin/../lib/gcc/arm-none-eabi/13.3.1/../../../../arm-none-eabi/lib/thumb/v7-m/nofp\libc_nano.a(libc_a-locale.o)
                0x2000005c                __global_locale
 .data.uwTickPrio
                0x200001c8        0x4 CMakeFiles/01_my_FreeRTOS.dir/Drivers/STM32F1xx_HAL_Driver/Src/stm32f1xx_hal.c.obj
                0x200001c8                uwTickPrio
 .data.uwTickFreq
                0x200001cc        0x1 CMakeFiles/01_my_FreeRTOS.dir/Drivers/STM32F1xx_HAL_Driver/Src/stm32f1xx_hal.c.obj
                0x200001cc                uwTickFreq
 *fill*         0x200001cd        0x3 
 .data.SystemCoreClock
                0x200001d0        0x4 CMakeFiles/01_my_FreeRTOS.dir/Core/Src/system_stm32f1xx.c.obj
                0x200001d0                SystemCoreClock
 .data.uxCriticalNesting
                0x200001d4        0x4 CMakeFiles/01_my_FreeRTOS.dir/Middlewares/Third_Party/FreeRTOS/Source/portable/GCC/ARM_CM3/port.c.obj
                0x200001d8                        . = ALIGN (0x4)
                0x200001d8                        _edata = .

.igot.plt       0x200001d8        0x0 load address 0x08008604
 .igot.plt      0x200001d8        0x0 C:/ST/STM32CubeCLT_1.18.0/GNU-tools-for-STM32/bin/../lib/gcc/arm-none-eabi/13.3.1/thumb/v7-m/nofp/crtbegin.o
                0x200001d8                        . = ALIGN (0x4)

.bss            0x200001d8     0x1ba8 load address 0x08008604
                0x200001d8                        _sbss = .
                0x200001d8                        __bss_start__ = _sbss
 *(.bss)
 .bss           0x200001d8       0x1c C:/ST/STM32CubeCLT_1.18.0/GNU-tools-for-STM32/bin/../lib/gcc/arm-none-eabi/13.3.1/thumb/v7-m/nofp/crtbegin.o
 *(.bss*)
 .bss.__sf      0x200001f4      0x138 C:/ST/STM32CubeCLT_1.18.0/GNU-tools-for-STM32/bin/../lib/gcc/arm-none-eabi/13.3.1/../../../../arm-none-eabi/lib/thumb/v7-m/nofp\libc_nano.a(libc_a-findfp.o)
                0x200001f4                __sf
 .bss.__stdio_exit_handler
                0x2000032c        0x4 C:/ST/STM32CubeCLT_1.18.0/GNU-tools-for-STM32/bin/../lib/gcc/arm-none-eabi/13.3.1/../../../../arm-none-eabi/lib/thumb/v7-m/nofp\libc_nano.a(libc_a-findfp.o)
                0x2000032c                __stdio_exit_handler
 .bss.errno     0x20000330        0x4 C:/ST/STM32CubeCLT_1.18.0/GNU-tools-for-STM32/bin/../lib/gcc/arm-none-eabi/13.3.1/../../../../arm-none-eabi/lib/thumb/v7-m/nofp\libc_nano.a(libc_a-reent.o)
                0x20000330                errno
 .bss.__lock___malloc_recursive_mutex
                0x20000334        0x1 C:/ST/STM32CubeCLT_1.18.0/GNU-tools-for-STM32/bin/../lib/gcc/arm-none-eabi/13.3.1/../../../../arm-none-eabi/lib/thumb/v7-m/nofp\libc_nano.a(libc_a-lock.o)
                0x20000334                __lock___malloc_recursive_mutex
 .bss.__lock___sfp_recursive_mutex
                0x20000335        0x1 C:/ST/STM32CubeCLT_1.18.0/GNU-tools-for-STM32/bin/../lib/gcc/arm-none-eabi/13.3.1/../../../../arm-none-eabi/lib/thumb/v7-m/nofp\libc_nano.a(libc_a-lock.o)
                0x20000335                __lock___sfp_recursive_mutex
 *fill*         0x20000336        0x2 
 .bss.__malloc_sbrk_start
                0x20000338        0x4 C:/ST/STM32CubeCLT_1.18.0/GNU-tools-for-STM32/bin/../lib/gcc/arm-none-eabi/13.3.1/../../../../arm-none-eabi/lib/thumb/v7-m/nofp\libc_nano.a(libc_a-mallocr.o)
                0x20000338                __malloc_sbrk_start
 .bss.__malloc_free_list
                0x2000033c        0x4 C:/ST/STM32CubeCLT_1.18.0/GNU-tools-for-STM32/bin/../lib/gcc/arm-none-eabi/13.3.1/../../../../arm-none-eabi/lib/thumb/v7-m/nofp\libc_nano.a(libc_a-mallocr.o)
                0x2000033c                __malloc_free_list
 .bss.defaultTaskHandle
                0x20000340        0x4 CMakeFiles/01_my_FreeRTOS.dir/Core/Src/freertos.c.obj
                0x20000340                defaultTaskHandle
 .bss.hi2c1     0x20000344       0x54 CMakeFiles/01_my_FreeRTOS.dir/Core/Src/i2c.c.obj
                0x20000344                hi2c1
 .bss.huart1    0x20000398       0x48 CMakeFiles/01_my_FreeRTOS.dir/Core/Src/usart.c.obj
                0x20000398                huart1
 .bss.htim4     0x200003e0       0x48 CMakeFiles/01_my_FreeRTOS.dir/Core/Src/stm32f1xx_hal_timebase_tim.c.obj
                0x200003e0                htim4
 .bss.uwTick    0x20000428        0x4 CMakeFiles/01_my_FreeRTOS.dir/Drivers/STM32F1xx_HAL_Driver/Src/stm32f1xx_hal.c.obj
                0x20000428                uwTick
 .bss.xQueueRegistry
                0x2000042c       0x40 CMakeFiles/01_my_FreeRTOS.dir/Middlewares/Third_Party/FreeRTOS/Source/queue.c.obj
                0x2000042c                xQueueRegistry
 .bss.pxCurrentTCB
                0x2000046c        0x4 CMakeFiles/01_my_FreeRTOS.dir/Middlewares/Third_Party/FreeRTOS/Source/tasks.c.obj
                0x2000046c                pxCurrentTCB
 .bss.pxReadyTasksLists
                0x20000470      0x460 CMakeFiles/01_my_FreeRTOS.dir/Middlewares/Third_Party/FreeRTOS/Source/tasks.c.obj
 .bss.xDelayedTaskList1
                0x200008d0       0x14 CMakeFiles/01_my_FreeRTOS.dir/Middlewares/Third_Party/FreeRTOS/Source/tasks.c.obj
 .bss.xDelayedTaskList2
                0x200008e4       0x14 CMakeFiles/01_my_FreeRTOS.dir/Middlewares/Third_Party/FreeRTOS/Source/tasks.c.obj
 .bss.pxDelayedTaskList
                0x200008f8        0x4 CMakeFiles/01_my_FreeRTOS.dir/Middlewares/Third_Party/FreeRTOS/Source/tasks.c.obj
 .bss.pxOverflowDelayedTaskList
                0x200008fc        0x4 CMakeFiles/01_my_FreeRTOS.dir/Middlewares/Third_Party/FreeRTOS/Source/tasks.c.obj
 .bss.xPendingReadyList
                0x20000900       0x14 CMakeFiles/01_my_FreeRTOS.dir/Middlewares/Third_Party/FreeRTOS/Source/tasks.c.obj
 .bss.xTasksWaitingTermination
                0x20000914       0x14 CMakeFiles/01_my_FreeRTOS.dir/Middlewares/Third_Party/FreeRTOS/Source/tasks.c.obj
 .bss.uxDeletedTasksWaitingCleanUp
                0x20000928        0x4 CMakeFiles/01_my_FreeRTOS.dir/Middlewares/Third_Party/FreeRTOS/Source/tasks.c.obj
 .bss.xSuspendedTaskList
                0x2000092c       0x14 CMakeFiles/01_my_FreeRTOS.dir/Middlewares/Third_Party/FreeRTOS/Source/tasks.c.obj
 .bss.uxCurrentNumberOfTasks
                0x20000940        0x4 CMakeFiles/01_my_FreeRTOS.dir/Middlewares/Third_Party/FreeRTOS/Source/tasks.c.obj
 .bss.xTickCount
                0x20000944        0x4 CMakeFiles/01_my_FreeRTOS.dir/Middlewares/Third_Party/FreeRTOS/Source/tasks.c.obj
 .bss.uxTopReadyPriority
                0x20000948        0x4 CMakeFiles/01_my_FreeRTOS.dir/Middlewares/Third_Party/FreeRTOS/Source/tasks.c.obj
 .bss.xSchedulerRunning
                0x2000094c        0x4 CMakeFiles/01_my_FreeRTOS.dir/Middlewares/Third_Party/FreeRTOS/Source/tasks.c.obj
 .bss.xPendedTicks
                0x20000950        0x4 CMakeFiles/01_my_FreeRTOS.dir/Middlewares/Third_Party/FreeRTOS/Source/tasks.c.obj
 .bss.xYieldPending
                0x20000954        0x4 CMakeFiles/01_my_FreeRTOS.dir/Middlewares/Third_Party/FreeRTOS/Source/tasks.c.obj
 .bss.xNumOfOverflows
                0x20000958        0x4 CMakeFiles/01_my_FreeRTOS.dir/Middlewares/Third_Party/FreeRTOS/Source/tasks.c.obj
 .bss.uxTaskNumber
                0x2000095c        0x4 CMakeFiles/01_my_FreeRTOS.dir/Middlewares/Third_Party/FreeRTOS/Source/tasks.c.obj
 .bss.xNextTaskUnblockTime
                0x20000960        0x4 CMakeFiles/01_my_FreeRTOS.dir/Middlewares/Third_Party/FreeRTOS/Source/tasks.c.obj
 .bss.xIdleTaskHandle
                0x20000964        0x4 CMakeFiles/01_my_FreeRTOS.dir/Middlewares/Third_Party/FreeRTOS/Source/tasks.c.obj
 .bss.uxSchedulerSuspended
                0x20000968        0x4 CMakeFiles/01_my_FreeRTOS.dir/Middlewares/Third_Party/FreeRTOS/Source/tasks.c.obj
 .bss.xActiveTimerList1
                0x2000096c       0x14 CMakeFiles/01_my_FreeRTOS.dir/Middlewares/Third_Party/FreeRTOS/Source/timers.c.obj
 .bss.xActiveTimerList2
                0x20000980       0x14 CMakeFiles/01_my_FreeRTOS.dir/Middlewares/Third_Party/FreeRTOS/Source/timers.c.obj
 .bss.pxCurrentTimerList
                0x20000994        0x4 CMakeFiles/01_my_FreeRTOS.dir/Middlewares/Third_Party/FreeRTOS/Source/timers.c.obj
 .bss.pxOverflowTimerList
                0x20000998        0x4 CMakeFiles/01_my_FreeRTOS.dir/Middlewares/Third_Party/FreeRTOS/Source/timers.c.obj
 .bss.xTimerQueue
                0x2000099c        0x4 CMakeFiles/01_my_FreeRTOS.dir/Middlewares/Third_Party/FreeRTOS/Source/timers.c.obj
 .bss.xTimerTaskHandle
                0x200009a0        0x4 CMakeFiles/01_my_FreeRTOS.dir/Middlewares/Third_Party/FreeRTOS/Source/timers.c.obj
 .bss.xLastTime.2
                0x200009a4        0x4 CMakeFiles/01_my_FreeRTOS.dir/Middlewares/Third_Party/FreeRTOS/Source/timers.c.obj
 .bss.ucStaticTimerQueueStorage.1
                0x200009a8       0xa0 CMakeFiles/01_my_FreeRTOS.dir/Middlewares/Third_Party/FreeRTOS/Source/timers.c.obj
 .bss.xStaticTimerQueue.0
                0x20000a48       0x50 CMakeFiles/01_my_FreeRTOS.dir/Middlewares/Third_Party/FreeRTOS/Source/timers.c.obj
 .bss.KernelState
                0x20000a98        0x4 CMakeFiles/01_my_FreeRTOS.dir/Middlewares/Third_Party/FreeRTOS/Source/CMSIS_RTOS_V2/cmsis_os2.c.obj
 .bss.Idle_TCB.3
                0x20000a9c       0x5c CMakeFiles/01_my_FreeRTOS.dir/Middlewares/Third_Party/FreeRTOS/Source/CMSIS_RTOS_V2/cmsis_os2.c.obj
 .bss.Idle_Stack.2
                0x20000af8      0x200 CMakeFiles/01_my_FreeRTOS.dir/Middlewares/Third_Party/FreeRTOS/Source/CMSIS_RTOS_V2/cmsis_os2.c.obj
 .bss.Timer_TCB.1
                0x20000cf8       0x5c CMakeFiles/01_my_FreeRTOS.dir/Middlewares/Third_Party/FreeRTOS/Source/CMSIS_RTOS_V2/cmsis_os2.c.obj
 .bss.Timer_Stack.0
                0x20000d54      0x400 CMakeFiles/01_my_FreeRTOS.dir/Middlewares/Third_Party/FreeRTOS/Source/CMSIS_RTOS_V2/cmsis_os2.c.obj
 .bss.ucHeap    0x20001154      0xc00 CMakeFiles/01_my_FreeRTOS.dir/Middlewares/Third_Party/FreeRTOS/Source/portable/MemMang/heap_4.c.obj
 .bss.xStart    0x20001d54        0x8 CMakeFiles/01_my_FreeRTOS.dir/Middlewares/Third_Party/FreeRTOS/Source/portable/MemMang/heap_4.c.obj
 .bss.pxEnd     0x20001d5c        0x4 CMakeFiles/01_my_FreeRTOS.dir/Middlewares/Third_Party/FreeRTOS/Source/portable/MemMang/heap_4.c.obj
 .bss.xFreeBytesRemaining
                0x20001d60        0x4 CMakeFiles/01_my_FreeRTOS.dir/Middlewares/Third_Party/FreeRTOS/Source/portable/MemMang/heap_4.c.obj
 .bss.xMinimumEverFreeBytesRemaining
                0x20001d64        0x4 CMakeFiles/01_my_FreeRTOS.dir/Middlewares/Third_Party/FreeRTOS/Source/portable/MemMang/heap_4.c.obj
 .bss.xNumberOfSuccessfulAllocations
                0x20001d68        0x4 CMakeFiles/01_my_FreeRTOS.dir/Middlewares/Third_Party/FreeRTOS/Source/portable/MemMang/heap_4.c.obj
 .bss.xNumberOfSuccessfulFrees
                0x20001d6c        0x4 CMakeFiles/01_my_FreeRTOS.dir/Middlewares/Third_Party/FreeRTOS/Source/portable/MemMang/heap_4.c.obj
 .bss.xBlockAllocatedBit
                0x20001d70        0x4 CMakeFiles/01_my_FreeRTOS.dir/Middlewares/Third_Party/FreeRTOS/Source/portable/MemMang/heap_4.c.obj
 .bss.ucMaxSysCallPriority
                0x20001d74        0x1 CMakeFiles/01_my_FreeRTOS.dir/Middlewares/Third_Party/FreeRTOS/Source/portable/GCC/ARM_CM3/port.c.obj
 *fill*         0x20001d75        0x3 
 .bss.ulMaxPRIGROUPValue
                0x20001d78        0x4 CMakeFiles/01_my_FreeRTOS.dir/Middlewares/Third_Party/FreeRTOS/Source/portable/GCC/ARM_CM3/port.c.obj
 .bss.__sbrk_heap_end
                0x20001d7c        0x4 CMakeFiles/01_my_FreeRTOS.dir/Core/Src/sysmem.c.obj
 *(COMMON)
                0x20001d80                        . = ALIGN (0x4)
                0x20001d80                        _ebss = .
                0x20001d80                        __bss_end__ = _ebss

._user_heap_stack
                0x20001d80      0x600 load address 0x08008604
                0x20001d80                        . = ALIGN (0x8)
                [!provide]                        PROVIDE (end = .)
                0x20001d80                        PROVIDE (_end = .)
                0x20001f80                        . = (. + _Min_Heap_Size)
 *fill*         0x20001d80      0x200 
                0x20002380                        . = (. + _Min_Stack_Size)
 *fill*         0x20001f80      0x400 
                0x20002380                        . = ALIGN (0x8)

/DISCARD/
 libc.a(*)
 libm.a(*)
 libgcc.a(*)
OUTPUT(01_my_FreeRTOS.elf elf32-littlearm)
LOAD linker stubs
LOAD C:/ST/STM32CubeCLT_1.18.0/GNU-tools-for-STM32/bin/../lib/gcc/arm-none-eabi/13.3.1/../../../../arm-none-eabi/lib/thumb/v7-m/nofp\libc.a
LOAD C:/ST/STM32CubeCLT_1.18.0/GNU-tools-for-STM32/bin/../lib/gcc/arm-none-eabi/13.3.1/../../../../arm-none-eabi/lib/thumb/v7-m/nofp\libm.a
LOAD C:/ST/STM32CubeCLT_1.18.0/GNU-tools-for-STM32/bin/../lib/gcc/arm-none-eabi/13.3.1/thumb/v7-m/nofp\libgcc.a

.ARM.attributes
                0x00000000       0x29
 .ARM.attributes
                0x00000000       0x1d C:/ST/STM32CubeCLT_1.18.0/GNU-tools-for-STM32/bin/../lib/gcc/arm-none-eabi/13.3.1/thumb/v7-m/nofp/crti.o
 .ARM.attributes
                0x0000001d       0x2d C:/ST/STM32CubeCLT_1.18.0/GNU-tools-for-STM32/bin/../lib/gcc/arm-none-eabi/13.3.1/thumb/v7-m/nofp/crtbegin.o
 .ARM.attributes
                0x0000004a       0x2d C:/ST/STM32CubeCLT_1.18.0/GNU-tools-for-STM32/bin/../lib/gcc/arm-none-eabi/13.3.1/../../../../arm-none-eabi/lib/thumb/v7-m/nofp\libc_nano.a(libc_a-nano-vfprintf_float.o)
 .ARM.attributes
                0x00000077       0x2d C:/ST/STM32CubeCLT_1.18.0/GNU-tools-for-STM32/bin/../lib/gcc/arm-none-eabi/13.3.1/../../../../arm-none-eabi/lib/thumb/v7-m/nofp\libc_nano.a(libc_a-nano-vfprintf_i.o)
 .ARM.attributes
                0x000000a4       0x2d C:/ST/STM32CubeCLT_1.18.0/GNU-tools-for-STM32/bin/../lib/gcc/arm-none-eabi/13.3.1/../../../../arm-none-eabi/lib/thumb/v7-m/nofp\libc_nano.a(libc_a-findfp.o)
 .ARM.attributes
                0x000000d1       0x2d C:/ST/STM32CubeCLT_1.18.0/GNU-tools-for-STM32/bin/../lib/gcc/arm-none-eabi/13.3.1/../../../../arm-none-eabi/lib/thumb/v7-m/nofp\libc_nano.a(libc_a-fwalk.o)
 .ARM.attributes
                0x000000fe       0x2d C:/ST/STM32CubeCLT_1.18.0/GNU-tools-for-STM32/bin/../lib/gcc/arm-none-eabi/13.3.1/../../../../arm-none-eabi/lib/thumb/v7-m/nofp\libc_nano.a(libc_a-stdio.o)
 .ARM.attributes
                0x0000012b       0x2d C:/ST/STM32CubeCLT_1.18.0/GNU-tools-for-STM32/bin/../lib/gcc/arm-none-eabi/13.3.1/../../../../arm-none-eabi/lib/thumb/v7-m/nofp\libc_nano.a(libc_a-memset.o)
 .ARM.attributes
                0x00000158       0x2d C:/ST/STM32CubeCLT_1.18.0/GNU-tools-for-STM32/bin/../lib/gcc/arm-none-eabi/13.3.1/../../../../arm-none-eabi/lib/thumb/v7-m/nofp\libc_nano.a(libc_a-localeconv.o)
 .ARM.attributes
                0x00000185       0x2d C:/ST/STM32CubeCLT_1.18.0/GNU-tools-for-STM32/bin/../lib/gcc/arm-none-eabi/13.3.1/../../../../arm-none-eabi/lib/thumb/v7-m/nofp\libc_nano.a(libc_a-closer.o)
 .ARM.attributes
                0x000001b2       0x2d C:/ST/STM32CubeCLT_1.18.0/GNU-tools-for-STM32/bin/../lib/gcc/arm-none-eabi/13.3.1/../../../../arm-none-eabi/lib/thumb/v7-m/nofp\libc_nano.a(libc_a-reent.o)
 .ARM.attributes
                0x000001df       0x2d C:/ST/STM32CubeCLT_1.18.0/GNU-tools-for-STM32/bin/../lib/gcc/arm-none-eabi/13.3.1/../../../../arm-none-eabi/lib/thumb/v7-m/nofp\libc_nano.a(libc_a-impure.o)
 .ARM.attributes
                0x0000020c       0x2d C:/ST/STM32CubeCLT_1.18.0/GNU-tools-for-STM32/bin/../lib/gcc/arm-none-eabi/13.3.1/../../../../arm-none-eabi/lib/thumb/v7-m/nofp\libc_nano.a(libc_a-lseekr.o)
 .ARM.attributes
                0x00000239       0x2d C:/ST/STM32CubeCLT_1.18.0/GNU-tools-for-STM32/bin/../lib/gcc/arm-none-eabi/13.3.1/../../../../arm-none-eabi/lib/thumb/v7-m/nofp\libc_nano.a(libc_a-readr.o)
 .ARM.attributes
                0x00000266       0x2d C:/ST/STM32CubeCLT_1.18.0/GNU-tools-for-STM32/bin/../lib/gcc/arm-none-eabi/13.3.1/../../../../arm-none-eabi/lib/thumb/v7-m/nofp\libc_nano.a(libc_a-writer.o)
 .ARM.attributes
                0x00000293       0x2d C:/ST/STM32CubeCLT_1.18.0/GNU-tools-for-STM32/bin/../lib/gcc/arm-none-eabi/13.3.1/../../../../arm-none-eabi/lib/thumb/v7-m/nofp\libc_nano.a(libc_a-init.o)
 .ARM.attributes
                0x000002c0       0x2d C:/ST/STM32CubeCLT_1.18.0/GNU-tools-for-STM32/bin/../lib/gcc/arm-none-eabi/13.3.1/../../../../arm-none-eabi/lib/thumb/v7-m/nofp\libc_nano.a(libc_a-lock.o)
 .ARM.attributes
                0x000002ed       0x2d C:/ST/STM32CubeCLT_1.18.0/GNU-tools-for-STM32/bin/../lib/gcc/arm-none-eabi/13.3.1/../../../../arm-none-eabi/lib/thumb/v7-m/nofp\libc_nano.a(libc_a-memchr-stub.o)
 .ARM.attributes
                0x0000031a       0x17 C:/ST/STM32CubeCLT_1.18.0/GNU-tools-for-STM32/bin/../lib/gcc/arm-none-eabi/13.3.1/../../../../arm-none-eabi/lib/thumb/v7-m/nofp\libc_nano.a(libc_a-strlen.o)
 .ARM.attributes
                0x00000331       0x2d C:/ST/STM32CubeCLT_1.18.0/GNU-tools-for-STM32/bin/../lib/gcc/arm-none-eabi/13.3.1/../../../../arm-none-eabi/lib/thumb/v7-m/nofp\libc_nano.a(libc_a-dtoa.o)
 .ARM.attributes
                0x0000035e       0x2d C:/ST/STM32CubeCLT_1.18.0/GNU-tools-for-STM32/bin/../lib/gcc/arm-none-eabi/13.3.1/../../../../arm-none-eabi/lib/thumb/v7-m/nofp\libc_nano.a(libc_a-freer.o)
 .ARM.attributes
                0x0000038b       0x2d C:/ST/STM32CubeCLT_1.18.0/GNU-tools-for-STM32/bin/../lib/gcc/arm-none-eabi/13.3.1/../../../../arm-none-eabi/lib/thumb/v7-m/nofp\libc_nano.a(libc_a-malloc.o)
 .ARM.attributes
                0x000003b8       0x2d C:/ST/STM32CubeCLT_1.18.0/GNU-tools-for-STM32/bin/../lib/gcc/arm-none-eabi/13.3.1/../../../../arm-none-eabi/lib/thumb/v7-m/nofp\libc_nano.a(libc_a-mallocr.o)
 .ARM.attributes
                0x000003e5       0x2d C:/ST/STM32CubeCLT_1.18.0/GNU-tools-for-STM32/bin/../lib/gcc/arm-none-eabi/13.3.1/../../../../arm-none-eabi/lib/thumb/v7-m/nofp\libc_nano.a(libc_a-mlock.o)
 .ARM.attributes
                0x00000412       0x2d C:/ST/STM32CubeCLT_1.18.0/GNU-tools-for-STM32/bin/../lib/gcc/arm-none-eabi/13.3.1/../../../../arm-none-eabi/lib/thumb/v7-m/nofp\libc_nano.a(libc_a-mprec.o)
 .ARM.attributes
                0x0000043f       0x2d C:/ST/STM32CubeCLT_1.18.0/GNU-tools-for-STM32/bin/../lib/gcc/arm-none-eabi/13.3.1/../../../../arm-none-eabi/lib/thumb/v7-m/nofp\libc_nano.a(libc_a-fflush.o)
 .ARM.attributes
                0x0000046c       0x2d C:/ST/STM32CubeCLT_1.18.0/GNU-tools-for-STM32/bin/../lib/gcc/arm-none-eabi/13.3.1/../../../../arm-none-eabi/lib/thumb/v7-m/nofp\libc_nano.a(libc_a-locale.o)
 .ARM.attributes
                0x00000499       0x2d C:/ST/STM32CubeCLT_1.18.0/GNU-tools-for-STM32/bin/../lib/gcc/arm-none-eabi/13.3.1/../../../../arm-none-eabi/lib/thumb/v7-m/nofp\libc_nano.a(libc_a-sbrkr.o)
 .ARM.attributes
                0x000004c6       0x2d C:/ST/STM32CubeCLT_1.18.0/GNU-tools-for-STM32/bin/../lib/gcc/arm-none-eabi/13.3.1/../../../../arm-none-eabi/lib/thumb/v7-m/nofp\libc_nano.a(libc_a-memcpy-stub.o)
 .ARM.attributes
                0x000004f3       0x2d C:/ST/STM32CubeCLT_1.18.0/GNU-tools-for-STM32/bin/../lib/gcc/arm-none-eabi/13.3.1/../../../../arm-none-eabi/lib/thumb/v7-m/nofp\libc_nano.a(libc_a-assert.o)
 .ARM.attributes
                0x00000520       0x2d C:/ST/STM32CubeCLT_1.18.0/GNU-tools-for-STM32/bin/../lib/gcc/arm-none-eabi/13.3.1/../../../../arm-none-eabi/lib/thumb/v7-m/nofp\libc_nano.a(libc_a-callocr.o)
 .ARM.attributes
                0x0000054d       0x2d C:/ST/STM32CubeCLT_1.18.0/GNU-tools-for-STM32/bin/../lib/gcc/arm-none-eabi/13.3.1/../../../../arm-none-eabi/lib/thumb/v7-m/nofp\libc_nano.a(libc_a-mbtowc_r.o)
 .ARM.attributes
                0x0000057a       0x2d C:/ST/STM32CubeCLT_1.18.0/GNU-tools-for-STM32/bin/../lib/gcc/arm-none-eabi/13.3.1/../../../../arm-none-eabi/lib/thumb/v7-m/nofp\libc_nano.a(libc_a-wctomb_r.o)
 .ARM.attributes
                0x000005a7       0x2d C:/ST/STM32CubeCLT_1.18.0/GNU-tools-for-STM32/bin/../lib/gcc/arm-none-eabi/13.3.1/../../../../arm-none-eabi/lib/thumb/v7-m/nofp\libc_nano.a(libc_a-ctype_.o)
 .ARM.attributes
                0x000005d4       0x2d C:/ST/STM32CubeCLT_1.18.0/GNU-tools-for-STM32/bin/../lib/gcc/arm-none-eabi/13.3.1/../../../../arm-none-eabi/lib/thumb/v7-m/nofp\libc_nano.a(libc_a-fprintf.o)
 .ARM.attributes
                0x00000601       0x2d C:/ST/STM32CubeCLT_1.18.0/GNU-tools-for-STM32/bin/../lib/gcc/arm-none-eabi/13.3.1/../../../../arm-none-eabi/lib/thumb/v7-m/nofp\libc_nano.a(libc_a-abort.o)
 .ARM.attributes
                0x0000062e       0x2d C:/ST/STM32CubeCLT_1.18.0/GNU-tools-for-STM32/bin/../lib/gcc/arm-none-eabi/13.3.1/../../../../arm-none-eabi/lib/thumb/v7-m/nofp\libc_nano.a(libc_a-nano-vfprintf.o)
 .ARM.attributes
                0x0000065b       0x2d C:/ST/STM32CubeCLT_1.18.0/GNU-tools-for-STM32/bin/../lib/gcc/arm-none-eabi/13.3.1/../../../../arm-none-eabi/lib/thumb/v7-m/nofp\libc_nano.a(libc_a-wbuf.o)
 .ARM.attributes
                0x00000688       0x2d C:/ST/STM32CubeCLT_1.18.0/GNU-tools-for-STM32/bin/../lib/gcc/arm-none-eabi/13.3.1/../../../../arm-none-eabi/lib/thumb/v7-m/nofp\libc_nano.a(libc_a-wsetup.o)
 .ARM.attributes
                0x000006b5       0x2d C:/ST/STM32CubeCLT_1.18.0/GNU-tools-for-STM32/bin/../lib/gcc/arm-none-eabi/13.3.1/../../../../arm-none-eabi/lib/thumb/v7-m/nofp\libc_nano.a(libc_a-signal.o)
 .ARM.attributes
                0x000006e2       0x2d C:/ST/STM32CubeCLT_1.18.0/GNU-tools-for-STM32/bin/../lib/gcc/arm-none-eabi/13.3.1/../../../../arm-none-eabi/lib/thumb/v7-m/nofp\libc_nano.a(libc_a-signalr.o)
 .ARM.attributes
                0x0000070f       0x2d C:/ST/STM32CubeCLT_1.18.0/GNU-tools-for-STM32/bin/../lib/gcc/arm-none-eabi/13.3.1/../../../../arm-none-eabi/lib/thumb/v7-m/nofp\libc_nano.a(libc_a-makebuf.o)
 .ARM.attributes
                0x0000073c       0x2d C:/ST/STM32CubeCLT_1.18.0/GNU-tools-for-STM32/bin/../lib/gcc/arm-none-eabi/13.3.1/../../../../arm-none-eabi/lib/thumb/v7-m/nofp\libc_nano.a(libc_a-fstatr.o)
 .ARM.attributes
                0x00000769       0x2d C:/ST/STM32CubeCLT_1.18.0/GNU-tools-for-STM32/bin/../lib/gcc/arm-none-eabi/13.3.1/../../../../arm-none-eabi/lib/thumb/v7-m/nofp\libc_nano.a(libc_a-isattyr.o)
 .ARM.attributes
                0x00000796       0x2d CMakeFiles/01_my_FreeRTOS.dir/User/driver_led.c.obj
 .ARM.attributes
                0x000007c3       0x2d CMakeFiles/01_my_FreeRTOS.dir/User/mcu_peripheral_bsp/src/bsp_delay.c.obj
 .ARM.attributes
                0x000007f0       0x2d CMakeFiles/01_my_FreeRTOS.dir/User/mcu_peripheral_bsp/src/bsp_print.c.obj
 .ARM.attributes
                0x0000081d       0x2d CMakeFiles/01_my_FreeRTOS.dir/Core/Src/main.c.obj
 .ARM.attributes
                0x0000084a       0x2d CMakeFiles/01_my_FreeRTOS.dir/Core/Src/gpio.c.obj
 .ARM.attributes
                0x00000877       0x2d CMakeFiles/01_my_FreeRTOS.dir/Core/Src/freertos.c.obj
 .ARM.attributes
                0x000008a4       0x2d CMakeFiles/01_my_FreeRTOS.dir/Core/Src/i2c.c.obj
 .ARM.attributes
                0x000008d1       0x2d CMakeFiles/01_my_FreeRTOS.dir/Core/Src/usart.c.obj
 .ARM.attributes
                0x000008fe       0x2d CMakeFiles/01_my_FreeRTOS.dir/Core/Src/stm32f1xx_it.c.obj
 .ARM.attributes
                0x0000092b       0x2d CMakeFiles/01_my_FreeRTOS.dir/Core/Src/stm32f1xx_hal_msp.c.obj
 .ARM.attributes
                0x00000958       0x2d CMakeFiles/01_my_FreeRTOS.dir/Core/Src/stm32f1xx_hal_timebase_tim.c.obj
 .ARM.attributes
                0x00000985       0x2d CMakeFiles/01_my_FreeRTOS.dir/Drivers/STM32F1xx_HAL_Driver/Src/stm32f1xx_hal_tim.c.obj
 .ARM.attributes
                0x000009b2       0x2d CMakeFiles/01_my_FreeRTOS.dir/Drivers/STM32F1xx_HAL_Driver/Src/stm32f1xx_hal_tim_ex.c.obj
 .ARM.attributes
                0x000009df       0x2d CMakeFiles/01_my_FreeRTOS.dir/Drivers/STM32F1xx_HAL_Driver/Src/stm32f1xx_hal.c.obj
 .ARM.attributes
                0x00000a0c       0x2d CMakeFiles/01_my_FreeRTOS.dir/Drivers/STM32F1xx_HAL_Driver/Src/stm32f1xx_hal_rcc.c.obj
 .ARM.attributes
                0x00000a39       0x2d CMakeFiles/01_my_FreeRTOS.dir/Drivers/STM32F1xx_HAL_Driver/Src/stm32f1xx_hal_gpio.c.obj
 .ARM.attributes
                0x00000a66       0x2d CMakeFiles/01_my_FreeRTOS.dir/Drivers/STM32F1xx_HAL_Driver/Src/stm32f1xx_hal_cortex.c.obj
 .ARM.attributes
                0x00000a93       0x2d CMakeFiles/01_my_FreeRTOS.dir/Drivers/STM32F1xx_HAL_Driver/Src/stm32f1xx_hal_i2c.c.obj
 .ARM.attributes
                0x00000ac0       0x2d CMakeFiles/01_my_FreeRTOS.dir/Drivers/STM32F1xx_HAL_Driver/Src/stm32f1xx_hal_uart.c.obj
 .ARM.attributes
                0x00000aed       0x2d CMakeFiles/01_my_FreeRTOS.dir/Core/Src/system_stm32f1xx.c.obj
 .ARM.attributes
                0x00000b1a       0x2d CMakeFiles/01_my_FreeRTOS.dir/Middlewares/Third_Party/FreeRTOS/Source/list.c.obj
 .ARM.attributes
                0x00000b47       0x2d CMakeFiles/01_my_FreeRTOS.dir/Middlewares/Third_Party/FreeRTOS/Source/queue.c.obj
 .ARM.attributes
                0x00000b74       0x2d CMakeFiles/01_my_FreeRTOS.dir/Middlewares/Third_Party/FreeRTOS/Source/tasks.c.obj
 .ARM.attributes
                0x00000ba1       0x2d CMakeFiles/01_my_FreeRTOS.dir/Middlewares/Third_Party/FreeRTOS/Source/timers.c.obj
 .ARM.attributes
                0x00000bce       0x2d CMakeFiles/01_my_FreeRTOS.dir/Middlewares/Third_Party/FreeRTOS/Source/CMSIS_RTOS_V2/cmsis_os2.c.obj
 .ARM.attributes