Archive member included to satisfy reference by file (symbol)

C:/ST/STM32CubeCLT_1.18.0/GNU-tools-for-STM32/bin/../lib/gcc/arm-none-eabi/13.3.1/../../../../arm-none-eabi/lib/thumb/v7-m/nofp\libc_nano.a(libc_a-exit.o)
                              C:/ST/STM32CubeCLT_1.18.0/GNU-tools-for-STM32/bin/../lib/gcc/arm-none-eabi/13.3.1/../../../../arm-none-eabi/lib/thumb/v7-m/nofp/crt0.o (exit)
C:/ST/STM32CubeCLT_1.18.0/GNU-tools-for-STM32/bin/../lib/gcc/arm-none-eabi/13.3.1/../../../../arm-none-eabi/lib/thumb/v7-m/nofp\libc_nano.a(libc_a-findfp.o)
                              C:/ST/STM32CubeCLT_1.18.0/GNU-tools-for-STM32/bin/../lib/gcc/arm-none-eabi/13.3.1/../../../../arm-none-eabi/lib/thumb/v7-m/nofp\libc_nano.a(libc_a-exit.o) (__stdio_exit_handler)
C:/ST/STM32CubeCLT_1.18.0/GNU-tools-for-STM32/bin/../lib/gcc/arm-none-eabi/13.3.1/../../../../arm-none-eabi/lib/thumb/v7-m/nofp\libc_nano.a(libc_a-fwalk.o)
                              C:/ST/STM32CubeCLT_1.18.0/GNU-tools-for-STM32/bin/../lib/gcc/arm-none-eabi/13.3.1/../../../../arm-none-eabi/lib/thumb/v7-m/nofp\libc_nano.a(libc_a-findfp.o) (_fwalk_sglue)
C:/ST/STM32CubeCLT_1.18.0/GNU-tools-for-STM32/bin/../lib/gcc/arm-none-eabi/13.3.1/../../../../arm-none-eabi/lib/thumb/v7-m/nofp\libc_nano.a(libc_a-stdio.o)
                              C:/ST/STM32CubeCLT_1.18.0/GNU-tools-for-STM32/bin/../lib/gcc/arm-none-eabi/13.3.1/../../../../arm-none-eabi/lib/thumb/v7-m/nofp\libc_nano.a(libc_a-findfp.o) (__sread)
C:/ST/STM32CubeCLT_1.18.0/GNU-tools-for-STM32/bin/../lib/gcc/arm-none-eabi/13.3.1/../../../../arm-none-eabi/lib/thumb/v7-m/nofp\libc_nano.a(libc_a-memset.o)
                              C:/ST/STM32CubeCLT_1.18.0/GNU-tools-for-STM32/bin/../lib/gcc/arm-none-eabi/13.3.1/../../../../arm-none-eabi/lib/thumb/v7-m/nofp/crt0.o (memset)
C:/ST/STM32CubeCLT_1.18.0/GNU-tools-for-STM32/bin/../lib/gcc/arm-none-eabi/13.3.1/../../../../arm-none-eabi/lib/thumb/v7-m/nofp\libc_nano.a(libc_a-closer.o)
                              C:/ST/STM32CubeCLT_1.18.0/GNU-tools-for-STM32/bin/../lib/gcc/arm-none-eabi/13.3.1/../../../../arm-none-eabi/lib/thumb/v7-m/nofp\libc_nano.a(libc_a-stdio.o) (_close_r)
C:/ST/STM32CubeCLT_1.18.0/GNU-tools-for-STM32/bin/../lib/gcc/arm-none-eabi/13.3.1/../../../../arm-none-eabi/lib/thumb/v7-m/nofp\libc_nano.a(libc_a-reent.o)
                              C:/ST/STM32CubeCLT_1.18.0/GNU-tools-for-STM32/bin/../lib/gcc/arm-none-eabi/13.3.1/../../../../arm-none-eabi/lib/thumb/v7-m/nofp\libc_nano.a(libc_a-closer.o) (errno)
C:/ST/STM32CubeCLT_1.18.0/GNU-tools-for-STM32/bin/../lib/gcc/arm-none-eabi/13.3.1/../../../../arm-none-eabi/lib/thumb/v7-m/nofp\libc_nano.a(libc_a-impure.o)
                              C:/ST/STM32CubeCLT_1.18.0/GNU-tools-for-STM32/bin/../lib/gcc/arm-none-eabi/13.3.1/../../../../arm-none-eabi/lib/thumb/v7-m/nofp\libc_nano.a(libc_a-reent.o) (_impure_ptr)
C:/ST/STM32CubeCLT_1.18.0/GNU-tools-for-STM32/bin/../lib/gcc/arm-none-eabi/13.3.1/../../../../arm-none-eabi/lib/thumb/v7-m/nofp\libc_nano.a(libc_a-lseekr.o)
                              C:/ST/STM32CubeCLT_1.18.0/GNU-tools-for-STM32/bin/../lib/gcc/arm-none-eabi/13.3.1/../../../../arm-none-eabi/lib/thumb/v7-m/nofp\libc_nano.a(libc_a-stdio.o) (_lseek_r)
C:/ST/STM32CubeCLT_1.18.0/GNU-tools-for-STM32/bin/../lib/gcc/arm-none-eabi/13.3.1/../../../../arm-none-eabi/lib/thumb/v7-m/nofp\libc_nano.a(libc_a-readr.o)
                              C:/ST/STM32CubeCLT_1.18.0/GNU-tools-for-STM32/bin/../lib/gcc/arm-none-eabi/13.3.1/../../../../arm-none-eabi/lib/thumb/v7-m/nofp\libc_nano.a(libc_a-stdio.o) (_read_r)
C:/ST/STM32CubeCLT_1.18.0/GNU-tools-for-STM32/bin/../lib/gcc/arm-none-eabi/13.3.1/../../../../arm-none-eabi/lib/thumb/v7-m/nofp\libc_nano.a(libc_a-writer.o)
                              C:/ST/STM32CubeCLT_1.18.0/GNU-tools-for-STM32/bin/../lib/gcc/arm-none-eabi/13.3.1/../../../../arm-none-eabi/lib/thumb/v7-m/nofp\libc_nano.a(libc_a-stdio.o) (_write_r)
C:/ST/STM32CubeCLT_1.18.0/GNU-tools-for-STM32/bin/../lib/gcc/arm-none-eabi/13.3.1/../../../../arm-none-eabi/lib/thumb/v7-m/nofp\libc_nano.a(libc_a-init.o)
                              C:/ST/STM32CubeCLT_1.18.0/GNU-tools-for-STM32/bin/../lib/gcc/arm-none-eabi/13.3.1/../../../../arm-none-eabi/lib/thumb/v7-m/nofp/crt0.o (__libc_init_array)
C:/ST/STM32CubeCLT_1.18.0/GNU-tools-for-STM32/bin/../lib/gcc/arm-none-eabi/13.3.1/../../../../arm-none-eabi/lib/thumb/v7-m/nofp\libc_nano.a(libc_a-lock.o)
                              C:/ST/STM32CubeCLT_1.18.0/GNU-tools-for-STM32/bin/../lib/gcc/arm-none-eabi/13.3.1/../../../../arm-none-eabi/lib/thumb/v7-m/nofp\libc_nano.a(libc_a-findfp.o) (__retarget_lock_init_recursive)
C:/ST/STM32CubeCLT_1.18.0/GNU-tools-for-STM32/bin/../lib/gcc/arm-none-eabi/13.3.1/../../../../arm-none-eabi/lib/thumb/v7-m/nofp\libc_nano.a(libc_a-freer.o)
                              C:/ST/STM32CubeCLT_1.18.0/GNU-tools-for-STM32/bin/../lib/gcc/arm-none-eabi/13.3.1/../../../../arm-none-eabi/lib/thumb/v7-m/nofp\libc_nano.a(libc_a-reent.o) (_free_r)
[...]
Memory Configuration

Name             Origin             Length             Attributes
RAM              0x20000000         0x00005000         xrw
FLASH            0x08000000         0x00010000         xr
*default*        0x00000000         0xffffffff

Linker script and memory map

LOAD C:/ST/STM32CubeCLT_1.18.0/GNU-tools-for-STM32/bin/../lib/gcc/arm-none-eabi/13.3.1/thumb/v7-m/nofp/crti.o
LOAD C:/ST/STM32CubeCLT_1.18.0/GNU-tools-for-STM32/bin/../lib/gcc/arm-none-eabi/13.3.1/thumb/v7-m/nofp/crtbegin.o
LOAD C:/ST/STM32CubeCLT_1.18.0/GNU-tools-for-STM32/bin/../lib/gcc/arm-none-eabi/13.3.1/../../../../arm-none-eabi/lib/thumb/v7-m/nofp/crt0.o
START GROUP
LOAD C:/ST/STM32CubeCLT_1.18.0/GNU-tools-for-STM32/bin/../lib/gcc/arm-none-eabi/13.3.1/../../../../arm-none-eabi/lib/thumb/v7-m/nofp\libc_nano.a
LOAD C:/ST/STM32CubeCLT_1.18.0/GNU-tools-for-STM32/bin/../lib/gcc/arm-none-eabi/13.3.1/../../../../arm-none-eabi/lib/thumb/v7-m/nofp\libm.a
END GROUP
LOAD CMakeFiles/01_my_FreeRTOS.dir/User/driver_led.c.obj
LOAD CMakeFiles/01_my_FreeRTOS.dir/Core/Src/main.c.obj
LOAD CMakeFiles/01_my_FreeRTOS.dir/Core/Src/gpio.c.obj
LOAD CMakeFiles/01_my_FreeRTOS.dir/Core/Src/freertos.c.obj
LOAD CMakeFiles/01_my_FreeRTOS.dir/Core/Src/stm32f1xx_it.c.obj
LOAD CMakeFiles/01_my_FreeRTOS.dir/Core/Src/stm32f1xx_hal_msp.c.obj
LOAD CMakeFiles/01_my_FreeRTOS.dir/Core/Src/stm32f1xx_hal_timebase_tim.c.obj
LOAD CMakeFiles/01_my_FreeRTOS.dir/Drivers/STM32F1xx_HAL_Driver/Src/stm32f1xx_hal_gpio_ex.c.obj
LOAD CMakeFiles/01_my_FreeRTOS.dir/Drivers/STM32F1xx_HAL_Driver/Src/stm32f1xx_hal_tim.c.obj
LOAD CMakeFiles/01_my_FreeRTOS.dir/Drivers/STM32F1xx_HAL_Driver/Src/stm32f1xx_hal_tim_ex.c.obj
LOAD CMakeFiles/01_my_FreeRTOS.dir/Drivers/STM32F1xx_HAL_Driver/Src/stm32f1xx_hal.c.obj
LOAD CMakeFiles/01_my_FreeRTOS.dir/Drivers/STM32F1xx_HAL_Driver/Src/stm32f1xx_hal_rcc.c.obj
LOAD CMakeFiles/01_my_FreeRTOS.dir/Drivers/STM32F1xx_HAL_Driver/Src/stm32f1xx_hal_rcc_ex.c.obj
LOAD CMakeFiles/01_my_FreeRTOS.dir/Drivers/STM32F1xx_HAL_Driver/Src/stm32f1xx_hal_gpio.c.obj
LOAD CMakeFiles/01_my_FreeRTOS.dir/Drivers/STM32F1xx_HAL_Driver/Src/stm32f1xx_hal_dma.c.obj
LOAD CMakeFiles/01_my_FreeRTOS.dir/Drivers/STM32F1xx_HAL_Driver/Src/stm32f1xx_hal_cortex.c.obj
LOAD CMakeFiles/01_my_FreeRTOS.dir/Drivers/STM32F1xx_HAL_Driver/Src/stm32f1xx_hal_pwr.c.obj
LOAD CMakeFiles/01_my_FreeRTOS.dir/Drivers/STM32F1xx_HAL_Driver/Src/stm32f1xx_hal_flash.c.obj
LOAD CMakeFiles/01_my_FreeRTOS.dir/Drivers/STM32F1xx_HAL_Driver/Src/stm32f1xx_hal_flash_ex.c.obj
LOAD CMakeFiles/01_my_FreeRTOS.dir/Drivers/STM32F1xx_HAL_Driver/Src/stm32f1xx_hal_exti.c.obj
LOAD CMakeFiles/01_my_FreeRTOS.dir/Core/Src/system_stm32f1xx.c.obj
LOAD CMakeFiles/01_my_FreeRTOS.dir/Middlewares/Third_Party/FreeRTOS/Source/croutine.c.obj
LOAD CMakeFiles/01_my_FreeRTOS.dir/Middlewares/Third_Party/FreeRTOS/Source/event_groups.c.obj
LOAD CMakeFiles/01_my_FreeRTOS.dir/Middlewares/Third_Party/FreeRTOS/Source/list.c.obj
LOAD CMakeFiles/01_my_FreeRTOS.dir/Middlewares/Third_Party/FreeRTOS/Source/queue.c.obj
LOAD CMakeFiles/01_my_FreeRTOS.dir/Middlewares/Third_Party/FreeRTOS/Source/stream_buffer.c.obj
LOAD CMakeFiles/01_my_FreeRTOS.dir/Middlewares/Third_Party/FreeRTOS/Source/tasks.c.obj
LOAD CMakeFiles/01_my_FreeRTOS.dir/Middlewares/Third_Party/FreeRTOS/Source/timers.c.obj
LOAD CMakeFiles/01_my_FreeRTOS.dir/Middlewares/Third_Party/FreeRTOS/Source/CMSIS_RTOS_V2/cmsis_os2.c.obj
LOAD CMakeFiles/01_my_FreeRTOS.dir/Middlewares/Third_Party/FreeRTOS/Source/portable/MemMang/heap_4.c.obj
LOAD CMakeFiles/01_my_FreeRTOS.dir/Middlewares/Third_Party/FreeRTOS/Source/portable/GCC/ARM_CM3/port.c.obj
LOAD CMakeFiles/01_my_FreeRTOS.dir/Core/Src/sysmem.c.obj
LOAD CMakeFiles/01_my_FreeRTOS.dir/Core/Src/syscalls.c.obj
LOAD CMakeFiles/01_my_FreeRTOS.dir/startup_stm32f103xb.s.obj
START GROUP
LOAD C:/ST/STM32CubeCLT_1.18.0/GNU-tools-for-STM32/bin/../lib/gcc/arm-none-eabi/13.3.1/thumb/v7-m/nofp\libgcc.a
LOAD C:/ST/STM32CubeCLT_1.18.0/GNU-tools-for-STM32/bin/../lib/gcc/arm-none-eabi/13.3.1/../../../../arm-none-eabi/lib/thumb/v7-m/nofp\libg_nano.a
LOAD C:/ST/STM32CubeCLT_1.18.0/GNU-tools-for-STM32/bin/../lib/gcc/arm-none-eabi/13.3.1/../../../../arm-none-eabi/lib/thumb/v7-m/nofp\libc_nano.a
END GROUP
START GROUP
LOAD C:/ST/STM32CubeCLT_1.18.0/GNU-tools-for-STM32/bin/../lib/gcc/arm-none-eabi/13.3.1/thumb/v7-m/nofp\libgcc.a
LOAD C:/ST/STM32CubeCLT_1.18.0/GNU-tools-for-STM32/bin/../lib/gcc/arm-none-eabi/13.3.1/../../../../arm-none-eabi/lib/thumb/v7-m/nofp\libc_nano.a
END GROUP
LOAD C:/ST/STM32CubeCLT_1.18.0/GNU-tools-for-STM32/bin/../lib/gcc/arm-none-eabi/13.3.1/thumb/v7-m/nofp/crtend.o
LOAD C:/ST/STM32CubeCLT_1.18.0/GNU-tools-for-STM32/bin/../lib/gcc/arm-none-eabi/13.3.1/thumb/v7-m/nofp/crtn.o
                0x20005000                        _estack = (ORIGIN (RAM) + LENGTH (RAM))
                0x00000200                        _Min_Heap_Size = 0x200
                0x00000400                        _Min_Stack_Size = 0x400

.isr_vector     0x08000000      0x10c
                0x08000000                        . = ALIGN (0x4)
 *(.isr_vector)
 .isr_vector    0x08000000      0x10c CMakeFiles/01_my_FreeRTOS.dir/startup_stm32f103xb.s.obj
                0x08000000                g_pfnVectors
                0x0800010c                        . = ALIGN (0x4)

.text           0x08000110     0x4160
                0x08000110                        . = ALIGN (0x4)
 *(.text)
 .text          0x08000110       0x40 C:/ST/STM32CubeCLT_1.18.0/GNU-tools-for-STM32/bin/../lib/gcc/arm-none-eabi/13.3.1/thumb/v7-m/nofp/crtbegin.o
 *(.text*)
 .text.memset   0x08000150       0x10 C:/ST/STM32CubeCLT_1.18.0/GNU-tools-for-STM32/bin/../lib/gcc/arm-none-eabi/13.3.1/../../../../arm-none-eabi/lib/thumb/v7-m/nofp\libc_nano.a(libc_a-memset.o)
                0x08000150                memset
 .text.__libc_init_array
                0x08000160       0x48 C:/ST/STM32CubeCLT_1.18.0/GNU-tools-for-STM32/bin/../lib/gcc/arm-none-eabi/13.3.1/../../../../arm-none-eabi/lib/thumb/v7-m/nofp\libc_nano.a(libc_a-init.o)
                0x08000160                __libc_init_array
 .text.Led_Init
                0x080001a8        0xc CMakeFiles/01_my_FreeRTOS.dir/User/driver_led.c.obj
                0x080001a8                Led_Init
 .text.Led_Control
                0x080001b4       0x24 CMakeFiles/01_my_FreeRTOS.dir/User/driver_led.c.obj
                0x080001b4                Led_Control
 .text.mdelay   0x080001d8       0x1c CMakeFiles/01_my_FreeRTOS.dir/User/driver_led.c.obj
                0x080001d8                mdelay
 .text.Led_Test
                0x080001f4       0x38 CMakeFiles/01_my_FreeRTOS.dir/User/driver_led.c.obj
                0x080001f4                Led_Test
 .text.main     0x0800022c       0x20 CMakeFiles/01_my_FreeRTOS.dir/Core/Src/main.c.obj
                0x0800022c                main
 .text.SystemClock_Config
                0x0800024c       0x82 CMakeFiles/01_my_FreeRTOS.dir/Core/Src/main.c.obj
                0x0800024c                SystemClock_Config
 *fill*         0x080002ce        0x2 
 .text.HAL_TIM_PeriodElapsedCallback
                0x080002d0       0x24 CMakeFiles/01_my_FreeRTOS.dir/Core/Src/main.c.obj
                0x080002d0                HAL_TIM_PeriodElapsedCallback
 .text.Error_Handler
                0x080002f4        0xc CMakeFiles/01_my_FreeRTOS.dir/Core/Src/main.c.obj
                0x080002f4                Error_Handler
 .text.MX_GPIO_Init
                0x08000300       0x80 CMakeFiles/01_my_FreeRTOS.dir/Core/Src/gpio.c.obj
                0x08000300                MX_GPIO_Init
 .text.MX_FREERTOS_Init
                0x08000380       0x24 CMakeFiles/01_my_FreeRTOS.dir/Core/Src/freertos.c.obj
                0x08000380                MX_FREERTOS_Init
 .text.StartDefaultTask
                0x080003a4        0xe CMakeFiles/01_my_FreeRTOS.dir/Core/Src/freertos.c.obj
                0x080003a4                StartDefaultTask
 .text.NMI_Handler
                0x080003b2        0x8 CMakeFiles/01_my_FreeRTOS.dir/Core/Src/stm32f1xx_it.c.obj
                0x080003b2                NMI_Handler
 .text.HardFault_Handler
                0x080003ba        0x8 CMakeFiles/01_my_FreeRTOS.dir/Core/Src/stm32f1xx_it.c.obj
                0x080003ba                HardFault_Handler
 .text.MemManage_Handler
                0x080003c2        0x8 CMakeFiles/01_my_FreeRTOS.dir/Core/Src/stm32f1xx_it.c.obj
                0x080003c2                MemManage_Handler
 .text.BusFault_Handler
                0x080003ca        0x8 CMakeFiles/01_my_FreeRTOS.dir/Core/Src/stm32f1xx_it.c.obj
                0x080003ca                BusFault_Handler
 .text.UsageFault_Handler
                0x080003d2        0x8 CMakeFiles/01_my_FreeRTOS.dir/Core/Src/stm32f1xx_it.c.obj
                0x080003d2                UsageFault_Handler
 .text.DebugMon_Handler
                0x080003da        0xc CMakeFiles/01_my_FreeRTOS.dir/Core/Src/stm32f1xx_it.c.obj
                0x080003da                DebugMon_Handler
 *fill*         0x080003e6        0x2 
 .text.TIM4_IRQHandler
                0x080003e8       0x14 CMakeFiles/01_my_FreeRTOS.dir/Core/Src/stm32f1xx_it.c.obj
                0x080003e8                TIM4_IRQHandler
 .text.HAL_MspInit
                0x080003fc       0x70 CMakeFiles/01_my_FreeRTOS.dir/Core/Src/stm32f1xx_hal_msp.c.obj
                0x080003fc                HAL_MspInit
 .text.HAL_InitTick
                0x0800046c       0xfc CMakeFiles/01_my_FreeRTOS.dir/Core/Src/stm32f1xx_hal_timebase_tim.c.obj
                0x0800046c                HAL_InitTick
 .text.HAL_TIM_Base_Init
                0x08000568       0x9e CMakeFiles/01_my_FreeRTOS.dir/Drivers/STM32F1xx_HAL_Driver/Src/stm32f1xx_hal_tim.c.obj
                0x08000568                HAL_TIM_Base_Init
 .text.HAL_TIM_Base_MspInit
                0x08000606       0x12 CMakeFiles/01_my_FreeRTOS.dir/Drivers/STM32F1xx_HAL_Driver/Src/stm32f1xx_hal_tim.c.obj
                0x08000606                HAL_TIM_Base_MspInit
 .text.HAL_TIM_Base_Start_IT
                0x08000618       0xa4 CMakeFiles/01_my_FreeRTOS.dir/Drivers/STM32F1xx_HAL_Driver/Src/stm32f1xx_hal_tim.c.obj
                0x08000618                HAL_TIM_Base_Start_IT
 .text.HAL_TIM_IRQHandler
                0x080006bc      0x1e0 CMakeFiles/01_my_FreeRTOS.dir/Drivers/STM32F1xx_HAL_Driver/Src/stm32f1xx_hal_tim.c.obj
                0x080006bc                HAL_TIM_IRQHandler
 .text.HAL_TIM_OC_DelayElapsedCallback
                0x0800089c       0x12 CMakeFiles/01_my_FreeRTOS.dir/Drivers/STM32F1xx_HAL_Driver/Src/stm32f1xx_hal_tim.c.obj
                0x0800089c                HAL_TIM_OC_DelayElapsedCallback
 .text.HAL_TIM_IC_CaptureCallback
                0x080008ae       0x12 CMakeFiles/01_my_FreeRTOS.dir/Drivers/STM32F1xx_HAL_Driver/Src/stm32f1xx_hal_tim.c.obj
                0x080008ae                HAL_TIM_IC_CaptureCallback
 .text.HAL_TIM_PWM_PulseFinishedCallback
                0x080008c0       0x12 CMakeFiles/01_my_FreeRTOS.dir/Drivers/STM32F1xx_HAL_Driver/Src/stm32f1xx_hal_tim.c.obj
                0x080008c0                HAL_TIM_PWM_PulseFinishedCallback
 .text.HAL_TIM_TriggerCallback
                0x080008d2       0x12 CMakeFiles/01_my_FreeRTOS.dir/Drivers/STM32F1xx_HAL_Driver/Src/stm32f1xx_hal_tim.c.obj
                0x080008d2                HAL_TIM_TriggerCallback
 .text.TIM_Base_SetConfig
                0x080008e4       0xdc CMakeFiles/01_my_FreeRTOS.dir/Drivers/STM32F1xx_HAL_Driver/Src/stm32f1xx_hal_tim.c.obj
                0x080008e4                TIM_Base_SetConfig
 .text.HAL_TIMEx_CommutCallback
                0x080009c0       0x12 CMakeFiles/01_my_FreeRTOS.dir/Drivers/STM32F1xx_HAL_Driver/Src/stm32f1xx_hal_tim_ex.c.obj
                0x080009c0                HAL_TIMEx_CommutCallback
 .text.HAL_TIMEx_BreakCallback
                0x080009d2       0x12 CMakeFiles/01_my_FreeRTOS.dir/Drivers/STM32F1xx_HAL_Driver/Src/stm32f1xx_hal_tim_ex.c.obj
                0x080009d2                HAL_TIMEx_BreakCallback
 .text.HAL_Init
                0x080009e4       0x2c CMakeFiles/01_my_FreeRTOS.dir/Drivers/STM32F1xx_HAL_Driver/Src/stm32f1xx_hal.c.obj
                0x080009e4                HAL_Init
 .text.HAL_IncTick
                0x08000a10       0x24 CMakeFiles/01_my_FreeRTOS.dir/Drivers/STM32F1xx_HAL_Driver/Src/stm32f1xx_hal.c.obj
                0x08000a10                HAL_IncTick
 .text.HAL_GetTick
                0x08000a34       0x14 CMakeFiles/01_my_FreeRTOS.dir/Drivers/STM32F1xx_HAL_Driver/Src/stm32f1xx_hal.c.obj
                0x08000a34                HAL_GetTick
 .text.HAL_Delay
                0x08000a48       0x48 CMakeFiles/01_my_FreeRTOS.dir/Drivers/STM32F1xx_HAL_Driver/Src/stm32f1xx_hal.c.obj
                0x08000a48                HAL_Delay
 .text.HAL_RCC_OscConfig
                0x08000a90      0x504 CMakeFiles/01_my_FreeRTOS.dir/Drivers/STM32F1xx_HAL_Driver/Src/stm32f1xx_hal_rcc.c.obj
                0x08000a90                HAL_RCC_OscConfig
 .text.HAL_RCC_ClockConfig
                0x08000f94      0x1d4 CMakeFiles/01_my_FreeRTOS.dir/Drivers/STM32F1xx_HAL_Driver/Src/stm32f1xx_hal_rcc.c.obj
                0x08000f94                HAL_RCC_ClockConfig
 .text.HAL_RCC_GetSysClockFreq
                0x08001168       0xa8 CMakeFiles/01_my_FreeRTOS.dir/Drivers/STM32F1xx_HAL_Driver/Src/stm32f1xx_hal_rcc.c.obj
                0x08001168                HAL_RCC_GetSysClockFreq
 .text.HAL_RCC_GetHCLKFreq
                0x08001210       0x14 CMakeFiles/01_my_FreeRTOS.dir/Drivers/STM32F1xx_HAL_Driver/Src/stm32f1xx_hal_rcc.c.obj
                0x08001210                HAL_RCC_GetHCLKFreq
 .text.HAL_RCC_GetPCLK1Freq
                0x08001224       0x28 CMakeFiles/01_my_FreeRTOS.dir/Drivers/STM32F1xx_HAL_Driver/Src/stm32f1xx_hal_rcc.c.obj
                0x08001224                HAL_RCC_GetPCLK1Freq
 .text.HAL_RCC_GetClockConfig
                0x0800124c       0x60 CMakeFiles/01_my_FreeRTOS.dir/Drivers/STM32F1xx_HAL_Driver/Src/stm32f1xx_hal_rcc.c.obj
                0x0800124c                HAL_RCC_GetClockConfig
 .text.RCC_Delay
                0x080012ac       0x3c CMakeFiles/01_my_FreeRTOS.dir/Drivers/STM32F1xx_HAL_Driver/Src/stm32f1xx_hal_rcc.c.obj
 .text.HAL_GPIO_Init
                0x080012e8      0x308 CMakeFiles/01_my_FreeRTOS.dir/Drivers/STM32F1xx_HAL_Driver/Src/stm32f1xx_hal_gpio.c.obj
                0x080012e8                HAL_GPIO_Init
 .text.HAL_GPIO_WritePin
                0x080015f0       0x30 CMakeFiles/01_my_FreeRTOS.dir/Drivers/STM32F1xx_HAL_Driver/Src/stm32f1xx_hal_gpio.c.obj
                0x080015f0                HAL_GPIO_WritePin
 .text.__NVIC_SetPriorityGrouping
                0x08001620       0x48 CMakeFiles/01_my_FreeRTOS.dir/Drivers/STM32F1xx_HAL_Driver/Src/stm32f1xx_hal_cortex.c.obj
 .text.__NVIC_GetPriorityGrouping
                0x08001668       0x1c CMakeFiles/01_my_FreeRTOS.dir/Drivers/STM32F1xx_HAL_Driver/Src/stm32f1xx_hal_cortex.c.obj
 .text.__NVIC_EnableIRQ
                0x08001684       0x38 CMakeFiles/01_my_FreeRTOS.dir/Drivers/STM32F1xx_HAL_Driver/Src/stm32f1xx_hal_cortex.c.obj
 .text.__NVIC_SetPriority
                0x080016bc       0x54 CMakeFiles/01_my_FreeRTOS.dir/Drivers/STM32F1xx_HAL_Driver/Src/stm32f1xx_hal_cortex.c.obj
 .text.NVIC_EncodePriority
                0x08001710       0x64 CMakeFiles/01_my_FreeRTOS.dir/Drivers/STM32F1xx_HAL_Driver/Src/stm32f1xx_hal_cortex.c.obj
 .text.HAL_NVIC_SetPriorityGrouping
                0x08001774       0x16 CMakeFiles/01_my_FreeRTOS.dir/Drivers/STM32F1xx_HAL_Driver/Src/stm32f1xx_hal_cortex.c.obj
                0x08001774                HAL_NVIC_SetPriorityGrouping
 .text.HAL_NVIC_SetPriority
                0x0800178a       0x38 CMakeFiles/01_my_FreeRTOS.dir/Drivers/STM32F1xx_HAL_Driver/Src/stm32f1xx_hal_cortex.c.obj
                0x0800178a                HAL_NVIC_SetPriority
 .text.HAL_NVIC_EnableIRQ
                0x080017c2       0x1c CMakeFiles/01_my_FreeRTOS.dir/Drivers/STM32F1xx_HAL_Driver/Src/stm32f1xx_hal_cortex.c.obj
                0x080017c2                HAL_NVIC_EnableIRQ
 .text.SystemInit
                0x080017de        0xc CMakeFiles/01_my_FreeRTOS.dir/Core/Src/system_stm32f1xx.c.obj
                0x080017de                SystemInit
 .text.vListInitialise
                0x080017ea       0x3e CMakeFiles/01_my_FreeRTOS.dir/Middlewares/Third_Party/FreeRTOS/Source/list.c.obj
                0x080017ea                vListInitialise
 .text.vListInitialiseItem
                0x08001828       0x18 CMakeFiles/01_my_FreeRTOS.dir/Middlewares/Third_Party/FreeRTOS/Source/list.c.obj
                0x08001828                vListInitialiseItem
 .text.vListInsertEnd
                0x08001840       0x46 CMakeFiles/01_my_FreeRTOS.dir/Middlewares/Third_Party/FreeRTOS/Source/list.c.obj
                0x08001840                vListInsertEnd
 .text.vListInsert
                0x08001886       0x70 CMakeFiles/01_my_FreeRTOS.dir/Middlewares/Third_Party/FreeRTOS/Source/list.c.obj
                0x08001886                vListInsert
 .text.uxListRemove
                0x080018f6       0x52 CMakeFiles/01_my_FreeRTOS.dir/Middlewares/Third_Party/FreeRTOS/Source/list.c.obj
                0x080018f6                uxListRemove
 .text.xQueueGenericReset
                0x08001948       0xd4 CMakeFiles/01_my_FreeRTOS.dir/Middlewares/Third_Party/FreeRTOS/Source/queue.c.obj
                0x08001948                xQueueGenericReset
 .text.xQueueGenericCreateStatic
                0x08001a1c       0xfa CMakeFiles/01_my_FreeRTOS.dir/Middlewares/Third_Party/FreeRTOS/Source/queue.c.obj
                0x08001a1c                xQueueGenericCreateStatic
 .text.prvInitialiseNewQueue
                0x08001b16       0x46 CMakeFiles/01_my_FreeRTOS.dir/Middlewares/Third_Party/FreeRTOS/Source/queue.c.obj
 .text.xQueueGenericSend
                0x08001b5c      0x204 CMakeFiles/01_my_FreeRTOS.dir/Middlewares/Third_Party/FreeRTOS/Source/queue.c.obj
                0x08001b5c                xQueueGenericSend
 .text.xQueueGenericSendFromISR
                0x08001d60      0x13c CMakeFiles/01_my_FreeRTOS.dir/Middlewares/Third_Party/FreeRTOS/Source/queue.c.obj
                0x08001d60                xQueueGenericSendFromISR
 .text.xQueueReceive
                0x08001e9c      0x1c4 CMakeFiles/01_my_FreeRTOS.dir/Middlewares/Third_Party/FreeRTOS/Source/queue.c.obj
                0x08001e9c                xQueueReceive
 .text.prvCopyDataToQueue
                0x08002060       0xd4 CMakeFiles/01_my_FreeRTOS.dir/Middlewares/Third_Party/FreeRTOS/Source/queue.c.obj
 .text.prvCopyDataFromQueue
                0x08002134       0x4c CMakeFiles/01_my_FreeRTOS.dir/Middlewares/Third_Party/FreeRTOS/Source/queue.c.obj
 .text.prvUnlockQueue
                0x08002180       0xa4 CMakeFiles/01_my_FreeRTOS.dir/Middlewares/Third_Party/FreeRTOS/Source/queue.c.obj
 .text.prvIsQueueEmpty
                0x08002224       0x2c CMakeFiles/01_my_FreeRTOS.dir/Middlewares/Third_Party/FreeRTOS/Source/queue.c.obj
 .text.prvIsQueueFull
                0x08002250       0x30 CMakeFiles/01_my_FreeRTOS.dir/Middlewares/Third_Party/FreeRTOS/Source/queue.c.obj
 .text.vQueueAddToRegistry
                0x08002280       0x50 CMakeFiles/01_my_FreeRTOS.dir/Middlewares/Third_Party/FreeRTOS/Source/queue.c.obj
                0x08002280                vQueueAddToRegistry
 .text.vQueueWaitForMessageRestricted
                0x080022d0       0x68 CMakeFiles/01_my_FreeRTOS.dir/Middlewares/Third_Party/FreeRTOS/Source/queue.c.obj
                0x080022d0                vQueueWaitForMessageRestricted
 .text.xTaskCreateStatic
                0x08002338       0xc0 CMakeFiles/01_my_FreeRTOS.dir/Middlewares/Third_Party/FreeRTOS/Source/tasks.c.obj
                0x08002338                xTaskCreateStatic
 .text.xTaskCreate
                0x080023f8       0x8a CMakeFiles/01_my_FreeRTOS.dir/Middlewares/Third_Party/FreeRTOS/Source/tasks.c.obj
                0x080023f8                xTaskCreate
 .text.prvInitialiseNewTask
                0x08002482      0x120 CMakeFiles/01_my_FreeRTOS.dir/Middlewares/Third_Party/FreeRTOS/Source/tasks.c.obj
 *fill*         0x080025a2        0x2 
 .text.prvAddNewTaskToReadyList
                0x080025a4       0xe0 CMakeFiles/01_my_FreeRTOS.dir/Middlewares/Third_Party/FreeRTOS/Source/tasks.c.obj
 .text.vTaskStartScheduler
                0x08002684       0xd0 CMakeFiles/01_my_FreeRTOS.dir/Middlewares/Third_Party/FreeRTOS/Source/tasks.c.obj
                0x08002684                vTaskStartScheduler
 .text.vTaskSuspendAll
                0x08002754       0x1c CMakeFiles/01_my_FreeRTOS.dir/Middlewares/Third_Party/FreeRTOS/Source/tasks.c.obj
                0x08002754                vTaskSuspendAll
 .text.xTaskResumeAll
                0x08002770      0x13c CMakeFiles/01_my_FreeRTOS.dir/Middlewares/Third_Party/FreeRTOS/Source/tasks.c.obj
                0x08002770                xTaskResumeAll
 .text.xTaskGetTickCount
                0x080028ac       0x1c CMakeFiles/01_my_FreeRTOS.dir/Middlewares/Third_Party/FreeRTOS/Source/tasks.c.obj
                0x080028ac                xTaskGetTickCount
 .text.xTaskIncrementTick
                0x080028c8      0x174 CMakeFiles/01_my_FreeRTOS.dir/Middlewares/Third_Party/FreeRTOS/Source/tasks.c.obj
                0x080028c8                xTaskIncrementTick
 .text.vTaskSwitchContext
                0x08002a3c       0xbc CMakeFiles/01_my_FreeRTOS.dir/Middlewares/Third_Party/FreeRTOS/Source/tasks.c.obj
                0x08002a3c                vTaskSwitchContext
 .text.vTaskPlaceOnEventList
                0x08002af8       0x4c CMakeFiles/01_my_FreeRTOS.dir/Middlewares/Third_Party/FreeRTOS/Source/tasks.c.obj
                0x08002af8                vTaskPlaceOnEventList
 .text.vTaskPlaceOnEventListRestricted
                0x08002b44       0x58 CMakeFiles/01_my_FreeRTOS.dir/Middlewares/Third_Party/FreeRTOS/Source/tasks.c.obj
                0x08002b44                vTaskPlaceOnEventListRestricted
 .text.xTaskRemoveFromEventList
                0x08002b9c       0xc8 CMakeFiles/01_my_FreeRTOS.dir/Middlewares/Third_Party/FreeRTOS/Source/tasks.c.obj
                0x08002b9c                xTaskRemoveFromEventList
 .text.vTaskInternalSetTimeOutState
                0x08002c64       0x2c CMakeFiles/01_my_FreeRTOS.dir/Middlewares/Third_Party/FreeRTOS/Source/tasks.c.obj
                0x08002c64                vTaskInternalSetTimeOutState
 .text.xTaskCheckForTimeOut
                0x08002c90       0xc8 CMakeFiles/01_my_FreeRTOS.dir/Middlewares/Third_Party/FreeRTOS/Source/tasks.c.obj
                0x08002c90                xTaskCheckForTimeOut
 .text.vTaskMissedYield
                0x08002d58       0x18 CMakeFiles/01_my_FreeRTOS.dir/Middlewares/Third_Party/FreeRTOS/Source/tasks.c.obj
                0x08002d58                vTaskMissedYield
 .text.prvIdleTask
                0x08002d70       0x30 CMakeFiles/01_my_FreeRTOS.dir/Middlewares/Third_Party/FreeRTOS/Source/tasks.c.obj
 .text.prvInitialiseTaskLists
                0x08002da0       0x80 CMakeFiles/01_my_FreeRTOS.dir/Middlewares/Third_Party/FreeRTOS/Source/tasks.c.obj
 .text.prvCheckTasksWaitingTermination
                0x08002e20       0x5c CMakeFiles/01_my_FreeRTOS.dir/Middlewares/Third_Party/FreeRTOS/Source/tasks.c.obj
 .text.prvDeleteTCB
                0x08002e7c       0x60 CMakeFiles/01_my_FreeRTOS.dir/Middlewares/Third_Party/FreeRTOS/Source/tasks.c.obj
 .text.prvResetNextTaskUnblockTime
                0x08002edc       0x40 CMakeFiles/01_my_FreeRTOS.dir/Middlewares/Third_Party/FreeRTOS/Source/tasks.c.obj
 .text.xTaskGetSchedulerState
                0x08002f1c       0x3c CMakeFiles/01_my_FreeRTOS.dir/Middlewares/Third_Party/FreeRTOS/Source/tasks.c.obj
                0x08002f1c                xTaskGetSchedulerState
 .text.xTaskPriorityDisinherit
                0x08002f58       0xe0 CMakeFiles/01_my_FreeRTOS.dir/Middlewares/Third_Party/FreeRTOS/Source/tasks.c.obj
                0x08002f58                xTaskPriorityDisinherit
 .text.prvAddCurrentTaskToDelayedList
                0x08003038       0xa8 CMakeFiles/01_my_FreeRTOS.dir/Middlewares/Third_Party/FreeRTOS/Source/tasks.c.obj
 .text.xTimerCreateTimerTask
                0x080030e0       0x94 CMakeFiles/01_my_FreeRTOS.dir/Middlewares/Third_Party/FreeRTOS/Source/timers.c.obj
                0x080030e0                xTimerCreateTimerTask
 .text.xTimerGenericCommand
                0x08003174       0x9c CMakeFiles/01_my_FreeRTOS.dir/Middlewares/Third_Party/FreeRTOS/Source/timers.c.obj
                0x08003174                xTimerGenericCommand
 .text.prvProcessExpiredTimer
                0x08003210       0x9c CMakeFiles/01_my_FreeRTOS.dir/Middlewares/Third_Party/FreeRTOS/Source/timers.c.obj
 .text.prvTimerTask
                0x080032ac       0x26 CMakeFiles/01_my_FreeRTOS.dir/Middlewares/Third_Party/FreeRTOS/Source/timers.c.obj
 *fill*         0x080032d2        0x2 
 .text.prvProcessTimerOrBlockTask
                0x080032d4       0x9c CMakeFiles/01_my_FreeRTOS.dir/Middlewares/Third_Party/FreeRTOS/Source/timers.c.obj
 .text.prvGetNextExpireTime
                0x08003370       0x44 CMakeFiles/01_my_FreeRTOS.dir/Middlewares/Third_Party/FreeRTOS/Source/timers.c.obj
 .text.prvSampleTimeNow
                0x080033b4       0x40 CMakeFiles/01_my_FreeRTOS.dir/Middlewares/Third_Party/FreeRTOS/Source/timers.c.obj
 .text.prvInsertTimerInActiveList
                0x080033f4       0x84 CMakeFiles/01_my_FreeRTOS.dir/Middlewares/Third_Party/FreeRTOS/Source/timers.c.obj
 .text.prvProcessReceivedCommands
                0x08003478      0x1cc CMakeFiles/01_my_FreeRTOS.dir/Middlewares/Third_Party/FreeRTOS/Source/timers.c.obj
 .text.prvSwitchTimerLists
                0x08003644       0xcc CMakeFiles/01_my_FreeRTOS.dir/Middlewares/Third_Party/FreeRTOS/Source/timers.c.obj
 .text.prvCheckForValidListAndQueue
                0x08003710       0x80 CMakeFiles/01_my_FreeRTOS.dir/Middlewares/Third_Party/FreeRTOS/Source/timers.c.obj
 .text.__NVIC_SetPriority
                0x08003790       0x54 CMakeFiles/01_my_FreeRTOS.dir/Middlewares/Third_Party/FreeRTOS/Source/CMSIS_RTOS_V2/cmsis_os2.c.obj
 .text.SysTick_Handler
                0x080037e4       0x20 CMakeFiles/01_my_FreeRTOS.dir/Middlewares/Third_Party/FreeRTOS/Source/CMSIS_RTOS_V2/cmsis_os2.c.obj
                0x080037e4                SysTick_Handler
 .text.SVC_Setup
                0x08003804       0x12 CMakeFiles/01_my_FreeRTOS.dir/Middlewares/Third_Party/FreeRTOS/Source/CMSIS_RTOS_V2/cmsis_os2.c.obj
 *fill*         0x08003816        0x2 
 .text.osKernelInitialize
                0x08003818       0x44 CMakeFiles/01_my_FreeRTOS.dir/Middlewares/Third_Party/FreeRTOS/Source/CMSIS_RTOS_V2/cmsis_os2.c.obj
                0x08003818                osKernelInitialize
 .text.osKernelStart
                0x0800385c       0x4c CMakeFiles/01_my_FreeRTOS.dir/Middlewares/Third_Party/FreeRTOS/Source/CMSIS_RTOS_V2/cmsis_os2.c.obj
                0x0800385c                osKernelStart
 .text.osThreadNew
                0x080038a8      0x124 CMakeFiles/01_my_FreeRTOS.dir/Middlewares/Third_Party/FreeRTOS/Source/CMSIS_RTOS_V2/cmsis_os2.c.obj
                0x080038a8                osThreadNew
 .text.vApplicationGetIdleTaskMemory
                0x080039cc       0x30 CMakeFiles/01_my_FreeRTOS.dir/Middlewares/Third_Party/FreeRTOS/Source/CMSIS_RTOS_V2/cmsis_os2.c.obj
                0x080039cc                vApplicationGetIdleTaskMemory
 .text.vApplicationGetTimerTaskMemory
                0x080039fc       0x34 CMakeFiles/01_my_FreeRTOS.dir/Middlewares/Third_Party/FreeRTOS/Source/CMSIS_RTOS_V2/cmsis_os2.c.obj
                0x080039fc                vApplicationGetTimerTaskMemory
 .text.pvPortMalloc
                0x08003a30      0x19c CMakeFiles/01_my_FreeRTOS.dir/Middlewares/Third_Party/FreeRTOS/Source/portable/MemMang/heap_4.c.obj
                0x08003a30                pvPortMalloc
 .text.vPortFree
                0x08003bcc       0xc8 CMakeFiles/01_my_FreeRTOS.dir/Middlewares/Third_Party/FreeRTOS/Source/portable/MemMang/heap_4.c.obj
                0x08003bcc                vPortFree
 .text.prvHeapInit
                0x08003c94       0xc4 CMakeFiles/01_my_FreeRTOS.dir/Middlewares/Third_Party/FreeRTOS/Source/portable/MemMang/heap_4.c.obj
 .text.prvInsertBlockIntoFreeList
                0x08003d58       0xb0 CMakeFiles/01_my_FreeRTOS.dir/Middlewares/Third_Party/FreeRTOS/Source/portable/MemMang/heap_4.c.obj
 .text.pxPortInitialiseStack
                0x08003e08       0x58 CMakeFiles/01_my_FreeRTOS.dir/Middlewares/Third_Party/FreeRTOS/Source/portable/GCC/ARM_CM3/port.c.obj
                0x08003e08                pxPortInitialiseStack
 .text.prvTaskExitError
                0x08003e60       0x58 CMakeFiles/01_my_FreeRTOS.dir/Middlewares/Third_Party/FreeRTOS/Source/portable/GCC/ARM_CM3/port.c.obj
 *fill*         0x08003eb8        0x8 
 .text.SVC_Handler
                0x08003ec0       0x28 CMakeFiles/01_my_FreeRTOS.dir/Middlewares/Third_Party/FreeRTOS/Source/portable/GCC/ARM_CM3/port.c.obj
                0x08003ec0                SVC_Handler
 .text.prvPortStartFirstTask
                0x08003ee8       0x20 CMakeFiles/01_my_FreeRTOS.dir/Middlewares/Third_Party/FreeRTOS/Source/portable/GCC/ARM_CM3/port.c.obj
 .text.xPortStartScheduler
                0x08003f08       0xe4 CMakeFiles/01_my_FreeRTOS.dir/Middlewares/Third_Party/FreeRTOS/Source/portable/GCC/ARM_CM3/port.c.obj
                0x08003f08                xPortStartScheduler
 .text.vPortEnterCritical
                0x08003fec       0x60 CMakeFiles/01_my_FreeRTOS.dir/Middlewares/Third_Party/FreeRTOS/Source/portable/GCC/ARM_CM3/port.c.obj
                0x08003fec                vPortEnterCritical
 .text.vPortExitCritical
                0x0800404c       0x54 CMakeFiles/01_my_FreeRTOS.dir/Middlewares/Third_Party/FreeRTOS/Source/portable/GCC/ARM_CM3/port.c.obj
                0x0800404c                vPortExitCritical
 .text.PendSV_Handler
                0x080040a0       0x48 CMakeFiles/01_my_FreeRTOS.dir/Middlewares/Third_Party/FreeRTOS/Source/portable/GCC/ARM_CM3/port.c.obj
                0x080040a0                PendSV_Handler
 .text.xPortSysTickHandler
                0x080040e8       0x44 CMakeFiles/01_my_FreeRTOS.dir/Middlewares/Third_Party/FreeRTOS/Source/portable/GCC/ARM_CM3/port.c.obj
                0x080040e8                xPortSysTickHandler
 .text.vPortSetupTimerInterrupt
                0x0800412c       0x44 CMakeFiles/01_my_FreeRTOS.dir/Middlewares/Third_Party/FreeRTOS/Source/portable/GCC/ARM_CM3/port.c.obj
                0x0800412c                vPortSetupTimerInterrupt
 .text.vPortValidateInterruptPriority
                0x08004170       0x80 CMakeFiles/01_my_FreeRTOS.dir/Middlewares/Third_Party/FreeRTOS/Source/portable/GCC/ARM_CM3/port.c.obj
                0x08004170                vPortValidateInterruptPriority
 .text.Reset_Handler
                0x080041f0       0x48 CMakeFiles/01_my_FreeRTOS.dir/startup_stm32f103xb.s.obj
                0x080041f0                Reset_Handler
 .text.Default_Handler
                0x08004238        0x2 CMakeFiles/01_my_FreeRTOS.dir/startup_stm32f103xb.s.obj
                0x08004238                RTC_Alarm_IRQHandler
                0x08004238                EXTI2_IRQHandler
                0x08004238                TIM1_CC_IRQHandler
                0x08004238                PVD_IRQHandler
                0x08004238                EXTI3_IRQHandler
                0x08004238                EXTI0_IRQHandler
                0x08004238                I2C2_EV_IRQHandler
                0x08004238                ADC1_2_IRQHandler
                0x08004238                SPI1_IRQHandler
                0x08004238                TAMPER_IRQHandler
                0x08004238                DMA1_Channel4_IRQHandler
                0x08004238                USART3_IRQHandler
                0x08004238                RTC_IRQHandler
                0x08004238                DMA1_Channel7_IRQHandler
                0x08004238                CAN1_RX1_IRQHandler
                0x08004238                I2C1_EV_IRQHandler
                0x08004238                DMA1_Channel6_IRQHandler
                0x08004238                TIM3_IRQHandler
                0x08004238                RCC_IRQHandler
                0x08004238                TIM1_TRG_COM_IRQHandler
                0x08004238                DMA1_Channel1_IRQHandler
                0x08004238                Default_Handler
                0x08004238                EXTI15_10_IRQHandler
                0x08004238                EXTI9_5_IRQHandler
                0x08004238                SPI2_IRQHandler
                0x08004238                DMA1_Channel5_IRQHandler
                0x08004238                EXTI4_IRQHandler
                0x08004238                USB_LP_CAN1_RX0_IRQHandler
                0x08004238                USB_HP_CAN1_TX_IRQHandler
                0x08004238                DMA1_Channel3_IRQHandler
                0x08004238                TIM1_UP_IRQHandler
                0x08004238                WWDG_IRQHandler
                0x08004238                TIM2_IRQHandler
                0x08004238                TIM1_BRK_IRQHandler
                0x08004238                EXTI1_IRQHandler
                0x08004238                USART2_IRQHandler
                0x08004238                I2C2_ER_IRQHandler
                0x08004238                DMA1_Channel2_IRQHandler
                0x08004238                CAN1_SCE_IRQHandler
                0x08004238                FLASH_IRQHandler
                0x08004238                USART1_IRQHandler
                0x08004238                I2C1_ER_IRQHandler
                0x08004238                USBWakeUp_IRQHandler
 .text.memcpy   0x0800423a       0x1c C:/ST/STM32CubeCLT_1.18.0/GNU-tools-for-STM32/bin/../lib/gcc/arm-none-eabi/13.3.1/../../../../arm-none-eabi/lib/thumb/v7-m/nofp\libg_nano.a(libc_a-memcpy-stub.o)
                0x0800423a                memcpy
 *(.glue_7)
 .glue_7        0x08004256        0x0 linker stubs
 *(.glue_7t)
 .glue_7t       0x08004256        0x0 linker stubs
 *(.eh_frame)
 *fill*         0x08004256        0x2 
 .eh_frame      0x08004258        0x0 C:/ST/STM32CubeCLT_1.18.0/GNU-tools-for-STM32/bin/../lib/gcc/arm-none-eabi/13.3.1/thumb/v7-m/nofp/crtbegin.o
 *(.init)
 .init          0x08004258        0x4 C:/ST/STM32CubeCLT_1.18.0/GNU-tools-for-STM32/bin/../lib/gcc/arm-none-eabi/13.3.1/thumb/v7-m/nofp/crti.o
                0x08004258                _init
 .init          0x0800425c        0x8 C:/ST/STM32CubeCLT_1.18.0/GNU-tools-for-STM32/bin/../lib/gcc/arm-none-eabi/13.3.1/thumb/v7-m/nofp/crtn.o
 *(.fini)
 .fini          0x08004264        0x4 C:/ST/STM32CubeCLT_1.18.0/GNU-tools-for-STM32/bin/../lib/gcc/arm-none-eabi/13.3.1/thumb/v7-m/nofp/crti.o
                0x08004264                _fini
 .fini          0x08004268        0x8 C:/ST/STM32CubeCLT_1.18.0/GNU-tools-for-STM32/bin/../lib/gcc/arm-none-eabi/13.3.1/thumb/v7-m/nofp/crtn.o
                0x08004270                        . = ALIGN (0x4)
                0x08004270                        _etext = .

.vfp11_veneer   0x08004270        0x0
 .vfp11_veneer  0x08004270        0x0 linker stubs

.v4_bx          0x08004270        0x0
 .v4_bx         0x08004270        0x0 linker stubs

.iplt           0x08004270        0x0
 .iplt          0x08004270        0x0 C:/ST/STM32CubeCLT_1.18.0/GNU-tools-for-STM32/bin/../lib/gcc/arm-none-eabi/13.3.1/thumb/v7-m/nofp/crtbegin.o

.rodata         0x08004270       0x74
                0x08004270                        . = ALIGN (0x4)
 *(.rodata)
 .rodata        0x08004270        0xc CMakeFiles/01_my_FreeRTOS.dir/Core/Src/freertos.c.obj
 .rodata        0x0800427c        0x5 CMakeFiles/01_my_FreeRTOS.dir/Middlewares/Third_Party/FreeRTOS/Source/tasks.c.obj
 *fill*         0x08004281        0x3 
 .rodata        0x08004284        0xd CMakeFiles/01_my_FreeRTOS.dir/Middlewares/Third_Party/FreeRTOS/Source/timers.c.obj
 *(.rodata*)
 *fill*         0x08004291        0x3 
 .rodata.defaultTask_attributes
                0x08004294       0x24 CMakeFiles/01_my_FreeRTOS.dir/Core/Src/freertos.c.obj
                0x08004294                defaultTask_attributes
 .rodata.aPLLMULFactorTable.1
                0x080042b8       0x10 CMakeFiles/01_my_FreeRTOS.dir/Drivers/STM32F1xx_HAL_Driver/Src/stm32f1xx_hal_rcc.c.obj
 .rodata.aPredivFactorTable.0
                0x080042c8        0x2 CMakeFiles/01_my_FreeRTOS.dir/Drivers/STM32F1xx_HAL_Driver/Src/stm32f1xx_hal_rcc.c.obj
 *fill*         0x080042ca        0x2 
 .rodata.AHBPrescTable
                0x080042cc       0x10 CMakeFiles/01_my_FreeRTOS.dir/Core/Src/system_stm32f1xx.c.obj
                0x080042cc                AHBPrescTable
 .rodata.APBPrescTable
                0x080042dc        0x8 CMakeFiles/01_my_FreeRTOS.dir/Core/Src/system_stm32f1xx.c.obj
                0x080042dc                APBPrescTable
                0x080042e4                        . = ALIGN (0x4)

.rel.dyn        0x080042e4        0x0
 .rel.iplt      0x080042e4        0x0 C:/ST/STM32CubeCLT_1.18.0/GNU-tools-for-STM32/bin/../lib/gcc/arm-none-eabi/13.3.1/thumb/v7-m/nofp/crtbegin.o

.ARM.extab
 *(.ARM.extab* .gnu.linkonce.armextab.*)

.ARM            0x080042e4        0x0
                0x080042e4                        __exidx_start = .
 *(.ARM.exidx*)
                0x080042e4                        __exidx_end = .

.preinit_array  0x080042e4        0x0
                0x080042e4                        PROVIDE (__preinit_array_start = .)
 *(.preinit_array*)
                0x080042e4                        PROVIDE (__preinit_array_end = .)

.init_array     0x080042e4        0x4
                0x080042e4                        PROVIDE (__init_array_start = .)
 *(SORT_BY_NAME(.init_array.*))
 *(.init_array*)
 .init_array    0x080042e4        0x4 C:/ST/STM32CubeCLT_1.18.0/GNU-tools-for-STM32/bin/../lib/gcc/arm-none-eabi/13.3.1/thumb/v7-m/nofp/crtbegin.o
                0x080042e8                        PROVIDE (__init_array_end = .)

.fini_array     0x080042e8        0x4
                [!provide]                        PROVIDE (__fini_array_start = .)
 *(SORT_BY_NAME(.fini_array.*))
 *(.fini_array*)
 .fini_array    0x080042e8        0x4 C:/ST/STM32CubeCLT_1.18.0/GNU-tools-for-STM32/bin/../lib/gcc/arm-none-eabi/13.3.1/thumb/v7-m/nofp/crtbegin.o
                [!provide]                        PROVIDE (__fini_array_end = .)
                0x080042ec                        _sidata = LOADADDR (.data)

.data           0x20000000       0x10 load address 0x080042ec
                0x20000000                        . = ALIGN (0x4)
                0x20000000                        _sdata = .
 *(.data)
 *(.data*)
 .data.uwTickPrio
                0x20000000        0x4 CMakeFiles/01_my_FreeRTOS.dir/Drivers/STM32F1xx_HAL_Driver/Src/stm32f1xx_hal.c.obj
                0x20000000                uwTickPrio
 .data.uwTickFreq
                0x20000004        0x1 CMakeFiles/01_my_FreeRTOS.dir/Drivers/STM32F1xx_HAL_Driver/Src/stm32f1xx_hal.c.obj
                0x20000004                uwTickFreq
 *fill*         0x20000005        0x3 
 .data.SystemCoreClock
                0x20000008        0x4 CMakeFiles/01_my_FreeRTOS.dir/Core/Src/system_stm32f1xx.c.obj
                0x20000008                SystemCoreClock
 .data.uxCriticalNesting
                0x2000000c        0x4 CMakeFiles/01_my_FreeRTOS.dir/Middlewares/Third_Party/FreeRTOS/Source/portable/GCC/ARM_CM3/port.c.obj
                0x20000010                        . = ALIGN (0x4)
                0x20000010                        _edata = .

.igot.plt       0x20000010        0x0 load address 0x080042fc
 .igot.plt      0x20000010        0x0 C:/ST/STM32CubeCLT_1.18.0/GNU-tools-for-STM32/bin/../lib/gcc/arm-none-eabi/13.3.1/thumb/v7-m/nofp/crtbegin.o
                0x20000010                        . = ALIGN (0x4)

.bss            0x20000010     0x19bc load address 0x080042fc
                0x20000010                        _sbss = .
                0x20000010                        __bss_start__ = _sbss
 *(.bss)
 .bss           0x20000010       0x1c C:/ST/STM32CubeCLT_1.18.0/GNU-tools-for-STM32/bin/../lib/gcc/arm-none-eabi/13.3.1/thumb/v7-m/nofp/crtbegin.o
 *(.bss*)
 .bss.defaultTaskHandle
                0x2000002c        0x4 CMakeFiles/01_my_FreeRTOS.dir/Core/Src/freertos.c.obj
                0x2000002c                defaultTaskHandle
 .bss.htim4     0x20000030       0x48 CMakeFiles/01_my_FreeRTOS.dir/Core/Src/stm32f1xx_hal_timebase_tim.c.obj
                0x20000030                htim4
 .bss.uwTick    0x20000078        0x4 CMakeFiles/01_my_FreeRTOS.dir/Drivers/STM32F1xx_HAL_Driver/Src/stm32f1xx_hal.c.obj
                0x20000078                uwTick
 .bss.xQueueRegistry
                0x2000007c       0x40 CMakeFiles/01_my_FreeRTOS.dir/Middlewares/Third_Party/FreeRTOS/Source/queue.c.obj
                0x2000007c                xQueueRegistry
 .bss.pxCurrentTCB
                0x200000bc        0x4 CMakeFiles/01_my_FreeRTOS.dir/Middlewares/Third_Party/FreeRTOS/Source/tasks.c.obj
                0x200000bc                pxCurrentTCB
 .bss.pxReadyTasksLists
                0x200000c0      0x460 CMakeFiles/01_my_FreeRTOS.dir/Middlewares/Third_Party/FreeRTOS/Source/tasks.c.obj
 .bss.xDelayedTaskList1
                0x20000520       0x14 CMakeFiles/01_my_FreeRTOS.dir/Middlewares/Third_Party/FreeRTOS/Source/tasks.c.obj
 .bss.xDelayedTaskList2
                0x20000534       0x14 CMakeFiles/01_my_FreeRTOS.dir/Middlewares/Third_Party/FreeRTOS/Source/tasks.c.obj
 .bss.pxDelayedTaskList
                0x20000548        0x4 CMakeFiles/01_my_FreeRTOS.dir/Middlewares/Third_Party/FreeRTOS/Source/tasks.c.obj
 .bss.pxOverflowDelayedTaskList
                0x2000054c        0x4 CMakeFiles/01_my_FreeRTOS.dir/Middlewares/Third_Party/FreeRTOS/Source/tasks.c.obj
 .bss.xPendingReadyList
                0x20000550       0x14 CMakeFiles/01_my_FreeRTOS.dir/Middlewares/Third_Party/FreeRTOS/Source/tasks.c.obj
 .bss.xTasksWaitingTermination
                0x20000564       0x14 CMakeFiles/01_my_FreeRTOS.dir/Middlewares/Third_Party/FreeRTOS/Source/tasks.c.obj
 .bss.uxDeletedTasksWaitingCleanUp
                0x20000578        0x4 CMakeFiles/01_my_FreeRTOS.dir/Middlewares/Third_Party/FreeRTOS/Source/tasks.c.obj
 .bss.xSuspendedTaskList
                0x2000057c       0x14 CMakeFiles/01_my_FreeRTOS.dir/Middlewares/Third_Party/FreeRTOS/Source/tasks.c.obj
 .bss.uxCurrentNumberOfTasks
                0x20000590        0x4 CMakeFiles/01_my_FreeRTOS.dir/Middlewares/Third_Party/FreeRTOS/Source/tasks.c.obj
 .bss.xTickCount
                0x20000594        0x4 CMakeFiles/01_my_FreeRTOS.dir/Middlewares/Third_Party/FreeRTOS/Source/tasks.c.obj
 .bss.uxTopReadyPriority
                0x20000598        0x4 CMakeFiles/01_my_FreeRTOS.dir/Middlewares/Third_Party/FreeRTOS/Source/tasks.c.obj
 .bss.xSchedulerRunning
                0x2000059c        0x4 CMakeFiles/01_my_FreeRTOS.dir/Middlewares/Third_Party/FreeRTOS/Source/tasks.c.obj
 .bss.xPendedTicks
                0x200005a0        0x4 CMakeFiles/01_my_FreeRTOS.dir/Middlewares/Third_Party/FreeRTOS/Source/tasks.c.obj
 .bss.xYieldPending
                0x200005a4        0x4 CMakeFiles/01_my_FreeRTOS.dir/Middlewares/Third_Party/FreeRTOS/Source/tasks.c.obj
 .bss.xNumOfOverflows
                0x200005a8        0x4 CMakeFiles/01_my_FreeRTOS.dir/Middlewares/Third_Party/FreeRTOS/Source/tasks.c.obj
 .bss.uxTaskNumber
                0x200005ac        0x4 CMakeFiles/01_my_FreeRTOS.dir/Middlewares/Third_Party/FreeRTOS/Source/tasks.c.obj
 .bss.xNextTaskUnblockTime
                0x200005b0        0x4 CMakeFiles/01_my_FreeRTOS.dir/Middlewares/Third_Party/FreeRTOS/Source/tasks.c.obj
 .bss.xIdleTaskHandle
                0x200005b4        0x4 CMakeFiles/01_my_FreeRTOS.dir/Middlewares/Third_Party/FreeRTOS/Source/tasks.c.obj
 .bss.uxSchedulerSuspended
                0x200005b8        0x4 CMakeFiles/01_my_FreeRTOS.dir/Middlewares/Third_Party/FreeRTOS/Source/tasks.c.obj
 .bss.xActiveTimerList1
                0x200005bc       0x14 CMakeFiles/01_my_FreeRTOS.dir/Middlewares/Third_Party/FreeRTOS/Source/timers.c.obj
 .bss.xActiveTimerList2
                0x200005d0       0x14 CMakeFiles/01_my_FreeRTOS.dir/Middlewares/Third_Party/FreeRTOS/Source/timers.c.obj
 .bss.pxCurrentTimerList
                0x200005e4        0x4 CMakeFiles/01_my_FreeRTOS.dir/Middlewares/Third_Party/FreeRTOS/Source/timers.c.obj
 .bss.pxOverflowTimerList
                0x200005e8        0x4 CMakeFiles/01_my_FreeRTOS.dir/Middlewares/Third_Party/FreeRTOS/Source/timers.c.obj
 .bss.xTimerQueue
                0x200005ec        0x4 CMakeFiles/01_my_FreeRTOS.dir/Middlewares/Third_Party/FreeRTOS/Source/timers.c.obj
 .bss.xTimerTaskHandle
                0x200005f0        0x4 CMakeFiles/01_my_FreeRTOS.dir/Middlewares/Third_Party/FreeRTOS/Source/timers.c.obj
 .bss.xLastTime.2
                0x200005f4        0x4 CMakeFiles/01_my_FreeRTOS.dir/Middlewares/Third_Party/FreeRTOS/Source/timers.c.obj
 .bss.ucStaticTimerQueueStorage.1
                0x200005f8       0xa0 CMakeFiles/01_my_FreeRTOS.dir/Middlewares/Third_Party/FreeRTOS/Source/timers.c.obj
 .bss.xStaticTimerQueue.0
                0x20000698       0x50 CMakeFiles/01_my_FreeRTOS.dir/Middlewares/Third_Party/FreeRTOS/Source/timers.c.obj
 .bss.KernelState
                0x200006e8        0x4 CMakeFiles/01_my_FreeRTOS.dir/Middlewares/Third_Party/FreeRTOS/Source/CMSIS_RTOS_V2/cmsis_os2.c.obj
 .bss.Idle_TCB.3
                0x200006ec       0x5c CMakeFiles/01_my_FreeRTOS.dir/Middlewares/Third_Party/FreeRTOS/Source/CMSIS_RTOS_V2/cmsis_os2.c.obj
 .bss.Idle_Stack.2
                0x20000748      0x200 CMakeFiles/01_my_FreeRTOS.dir/Middlewares/Third_Party/FreeRTOS/Source/CMSIS_RTOS_V2/cmsis_os2.c.obj
 .bss.Timer_TCB.1
                0x20000948       0x5c CMakeFiles/01_my_FreeRTOS.dir/Middlewares/Third_Party/FreeRTOS/Source/CMSIS_RTOS_V2/cmsis_os2.c.obj
 .bss.Timer_Stack.0
                0x200009a4      0x400 CMakeFiles/01_my_FreeRTOS.dir/Middlewares/Third_Party/FreeRTOS/Source/CMSIS_RTOS_V2/cmsis_os2.c.obj
 .bss.ucHeap    0x20000da4      0xc00 CMakeFiles/01_my_FreeRTOS.dir/Middlewares/Third_Party/FreeRTOS/Source/portable/MemMang/heap_4.c.obj
 .bss.xStart    0x200019a4        0x8 CMakeFiles/01_my_FreeRTOS.dir/Middlewares/Third_Party/FreeRTOS/Source/portable/MemMang/heap_4.c.obj
 .bss.pxEnd     0x200019ac        0x4 CMakeFiles/01_my_FreeRTOS.dir/Middlewares/Third_Party/FreeRTOS/Source/portable/MemMang/heap_4.c.obj
 .bss.xFreeBytesRemaining
                0x200019b0        0x4 CMakeFiles/01_my_FreeRTOS.dir/Middlewares/Third_Party/FreeRTOS/Source/portable/MemMang/heap_4.c.obj
 .bss.xMinimumEverFreeBytesRemaining
                0x200019b4        0x4 CMakeFiles/01_my_FreeRTOS.dir/Middlewares/Third_Party/FreeRTOS/Source/portable/MemMang/heap_4.c.obj
 .bss.xNumberOfSuccessfulAllocations
                0x200019b8        0x4 CMakeFiles/01_my_FreeRTOS.dir/Middlewares/Third_Party/FreeRTOS/Source/portable/MemMang/heap_4.c.obj
 .bss.xNumberOfSuccessfulFrees
                0x200019bc        0x4 CMakeFiles/01_my_FreeRTOS.dir/Middlewares/Third_Party/FreeRTOS/Source/portable/MemMang/heap_4.c.obj
 .bss.xBlockAllocatedBit
                0x200019c0        0x4 CMakeFiles/01_my_FreeRTOS.dir/Middlewares/Third_Party/FreeRTOS/Source/portable/MemMang/heap_4.c.obj
 .bss.ucMaxSysCallPriority
                0x200019c4        0x1 CMakeFiles/01_my_FreeRTOS.dir/Middlewares/Third_Party/FreeRTOS/Source/portable/GCC/ARM_CM3/port.c.obj
 *fill*         0x200019c5        0x3 
 .bss.ulMaxPRIGROUPValue
                0x200019c8        0x4 CMakeFiles/01_my_FreeRTOS.dir/Middlewares/Third_Party/FreeRTOS/Source/portable/GCC/ARM_CM3/port.c.obj
 *(COMMON)
                0x200019cc                        . = ALIGN (0x4)
                0x200019cc                        _ebss = .
                0x200019cc                        __bss_end__ = _ebss

._user_heap_stack
                0x200019cc      0x604 load address 0x080042fc
                0x200019d0                        . = ALIGN (0x8)
 *fill*         0x200019cc        0x4 
                [!provide]                        PROVIDE (end = .)
                0x200019d0                        PROVIDE (_end = .)
                0x20001bd0                        . = (. + _Min_Heap_Size)
 *fill*         0x200019d0      0x200 
                0x20001fd0                        . = (. + _Min_Stack_Size)
 *fill*         0x20001bd0      0x400 
                0x20001fd0                        . = ALIGN (0x8)

/DISCARD/
 libc.a(*)
 libm.a(*)
 libgcc.a(*)
OUTPUT(01_my_FreeRTOS.elf elf32-littlearm)
LOAD linker stubs
LOAD C:/ST/STM32CubeCLT_1.18.0/GNU-tools-for-STM32/bin/../lib/gcc/arm-none-eabi/13.3.1/../../../../arm-none-eabi/lib/thumb/v7-m/nofp\libc.a
LOAD C:/ST/STM32CubeCLT_1.18.0/GNU-tools-for-STM32/bin/../lib/gcc/arm-none-eabi/13.3.1/../../../../arm-none-eabi/lib/thumb/v7-m/nofp\libm.a
LOAD C:/ST/STM32CubeCLT_1.18.0/GNU-tools-for-STM32/bin/../lib/gcc/arm-none-eabi/13.3.1/thumb/v7-m/nofp\libgcc.a

.ARM.attributes
                0x00000000       0x29
 .ARM.attributes
                0x00000000       0x1d C:/ST/STM32CubeCLT_1.18.0/GNU-tools-for-STM32/bin/../lib/gcc/arm-none-eabi/13.3.1/thumb/v7-m/nofp/crti.o
 .ARM.attributes
                0x0000001d       0x2d C:/ST/STM32CubeCLT_1.18.0/GNU-tools-for-STM32/bin/../lib/gcc/arm-none-eabi/13.3.1/thumb/v7-m/nofp/crtbegin.o
 .ARM.attributes
                0x0000004a       0x2d C:/ST/STM32CubeCLT_1.18.0/GNU-tools-for-STM32/bin/../lib/gcc/arm-none-eabi/13.3.1/../../../../arm-none-eabi/lib/thumb/v7-m/nofp\libc_nano.a(libc_a-memset.o)
 .ARM.attributes
                0x00000077       0x2d C:/ST/STM32CubeCLT_1.18.0/GNU-tools-for-STM32/bin/../lib/gcc/arm-none-eabi/13.3.1/../../../../arm-none-eabi/lib/thumb/v7-m/nofp\libc_nano.a(libc_a-init.o)
 .ARM.attributes
                0x000000a4       0x2d CMakeFiles/01_my_FreeRTOS.dir/User/driver_led.c.obj
 .ARM.attributes
                0x000000d1       0x2d CMakeFiles/01_my_FreeRTOS.dir/Core/Src/main.c.obj
 .ARM.attributes
                0x000000fe       0x2d CMakeFiles/01_my_FreeRTOS.dir/Core/Src/gpio.c.obj
 .ARM.attributes
                0x0000012b       0x2d CMakeFiles/01_my_FreeRTOS.dir/Core/Src/freertos.c.obj
 .ARM.attributes
                0x00000158       0x2d CMakeFiles/01_my_FreeRTOS.dir/Core/Src/stm32f1xx_it.c.obj
 .ARM.attributes
                0x00000185       0x2d CMakeFiles/01_my_FreeRTOS.dir/Core/Src/stm32f1xx_hal_msp.c.obj
 .ARM.attributes
                0x000001b2       0x2d CMakeFiles/01_my_FreeRTOS.dir/Core/Src/stm32f1xx_hal_timebase_tim.c.obj
 .ARM.attributes
                0x000001df       0x2d CMakeFiles/01_my_FreeRTOS.dir/Drivers/STM32F1xx_HAL_Driver/Src/stm32f1xx_hal_tim.c.obj
 .ARM.attributes
                0x0000020c       0x2d CMakeFiles/01_my_FreeRTOS.dir/Drivers/STM32F1xx_HAL_Driver/Src/stm32f1xx_hal_tim_ex.c.obj
 .ARM.attributes
                0x00000239       0x2d CMakeFiles/01_my_FreeRTOS.dir/Drivers/STM32F1xx_HAL_Driver/Src/stm32f1xx_hal.c.obj
 .ARM.attributes
                0x00000266       0x2d CMakeFiles/01_my_FreeRTOS.dir/Drivers/STM32F1xx_HAL_Driver/Src/stm32f1xx_hal_rcc.c.obj
 .ARM.attributes
                0x00000293       0x2d CMakeFiles/01_my_FreeRTOS.dir/Drivers/STM32F1xx_HAL_Driver/Src/stm32f1xx_hal_gpio.c.obj
 .ARM.attributes
                0x000002c0       0x2d CMakeFiles/01_my_FreeRTOS.dir/Drivers/STM32F1xx_HAL_Driver/Src/stm32f1xx_hal_cortex.c.obj
 .ARM.attributes
                0x000002ed       0x2d CMakeFiles/01_my_FreeRTOS.dir/Core/Src/system_stm32f1xx.c.obj
 .ARM.attributes
                0x0000031a       0x2d CMakeFiles/01_my_FreeRTOS.dir/Middlewares/Third_Party/FreeRTOS/Source/list.c.obj
 .ARM.attributes
                0x00000347       0x2d CMakeFiles/01_my_FreeRTOS.dir/Middlewares/Third_Party/FreeRTOS/Source/queue.c.obj
 .ARM.attributes
                0x00000374       0x2d CMakeFiles/01_my_FreeRTOS.dir/Middlewares/Third_Party/FreeRTOS/Source/tasks.c.obj
 .ARM.attributes
                0x000003a1       0x2d CMakeFiles/01_my_FreeRTOS.dir/Middlewares/Third_Party/FreeRTOS/Source/timers.c.obj
 .ARM.attributes
                0x000003ce       0x2d CMakeFiles/01_my_FreeRTOS.dir/Middlewares/Third_Party/FreeRTOS/Source/CMSIS_RTOS_V2/cmsis_os2.c.obj
 .ARM.attributes
                0x000003fb       0x2d CMakeFiles/01_my_FreeRTOS.dir/Middlewares/Third_Party/FreeRTOS/Source/portable/MemMang/heap_4.c.obj
 .ARM.attributes
                0x00000428       0x2d CMakeFiles/01_my_FreeRTOS.dir/Middlewares/Third_Party/FreeRTOS/Source/portable/GCC/ARM_CM3/port.c.obj
 .ARM.attributes
                0x00000455       0x21 CMakeFiles/01_my_FreeRTOS.dir/startup_stm32f103xb.s.obj
 .ARM.attributes
                0x00000476       0x2d C:/ST/STM32CubeCLT_1.18.0/GNU-tools-for-STM32/bin/../lib/gcc/arm-none-eabi/13.3.1/../../../../arm-none-eabi/lib/thumb/v7-m/nofp\libg_nano.a(libc_a-memcpy-stub.o)
 .ARM.attributes
                0x000004a3       0x1d C:/ST/STM32CubeCLT_1.18.0/GNU-tools-for-STM32/bin/../lib/gcc/arm-none-eabi/13.3.1/thumb/v7-m/nofp/crtn.o

.comment        0x00000000       0x43
 .comment       0x00000000       0x43 CMakeFiles/01_my_FreeRTOS.dir/User/driver_led.c.obj
                                 0x44 (size before relaxing)
 .comment       0x00000043       0x44 CMakeFiles/01_my_FreeRTOS.dir/Core/Src/main.c.obj
 .comment       0x00000043       0x44 CMakeFiles/01_my_FreeRTOS.dir/Core/Src/gpio.c.obj
 .comment       0x00000043       0x44 CMakeFiles/01_my_FreeRTOS.dir/Core/Src/freertos.c.obj
 .comment       0x00000043       0x44 CMakeFiles/01_my_FreeRTOS.dir/Core/Src/stm32f1xx_it.c.obj
 .comment       0x00000043       0x44 CMakeFiles/01_my_FreeRTOS.dir/Core/Src/stm32f1xx_hal_msp.c.obj
 .comment       0x00000043       0x44 CMakeFiles/01_my_FreeRTOS.dir/Core/Src/stm32f1xx_hal_timebase_tim.c.obj
 .comment       0x00000043       0x44 CMakeFiles/01_my_FreeRTOS.dir/Drivers/STM32F1xx_HAL_Driver/Src/stm32f1xx_hal_tim.c.obj
 .comment       0x00000043       0x44 CMakeFiles/01_my_FreeRTOS.dir/Drivers/STM32F1xx_HAL_Driver/Src/stm32f1xx_hal_tim_ex.c.obj
 .comment       0x00000043       0x44 CMakeFiles/01_my_FreeRTOS.dir/Drivers/STM32F1xx_HAL_Driver/Src/stm32f1xx_hal.c.obj
 .comment       0x00000043       0x44 CMakeFiles/01_my_FreeRTOS.dir/Drivers/STM32F1xx_HAL_Driver/Src/stm32f1xx_hal_rcc.c.obj
 .comment       0x00000043       0x44 CMakeFiles/01_my_FreeRTOS.dir/Drivers/STM32F1xx_HAL_Driver/Src/stm32f1xx_hal_gpio.c.obj
 .comment       0x00000043       0x44 CMakeFiles/01_my_FreeRTOS.dir/Drivers/STM32F1xx_HAL_Driver/Src/stm32f1xx_hal_cortex.c.obj
 .comment       0x00000043       0x44 CMakeFiles/01_my_FreeRTOS.dir/Core/Src/system_stm32f1xx.c.obj
 .comment       0x00000043       0x44 CMakeFiles/01_my_FreeRTOS.dir/Middlewares/Third_Party/FreeRTOS/Source/list.c.obj
 .comment       0x00000043       0x44 CMakeFiles/01_my_FreeRTOS.dir/Middlewares/Third_Party/FreeRTOS/Source/queue.c.obj
 .comment       0x00000043       0x44 CMakeFiles/01_my_FreeRTOS.dir/Middlewares/Third_Party/FreeRTOS/Source/tasks.c.obj
 .comment       0x00000043       0x44 CMakeFiles/01_my_FreeRTOS.dir/Middlewares/Third_Party/FreeRTOS/Source/timers.c.obj
 .comment       0x00000043       0x44 CMakeFiles/01_my_FreeRTOS.dir/Middlewares/Third_Party/FreeRTOS/Source/CMSIS_RTOS_V2/cmsis_os2.c.obj
 .comment       0x00000043       0x44 CMakeFiles/01_my_FreeRTOS.dir/Middlewares/Third_Party/FreeRTOS/Source/portable/MemMang/heap_4.c.obj
 .comment       0x00000043       0x44 CMakeFiles/01_my_FreeRTOS.dir/Middlewares/Third_Party/FreeRTOS/Source/portable/GCC/ARM_CM3/port.c.obj
 .comment       0x00000043       0x44 C:/ST/STM32CubeCLT_1.18.0/GNU-tools-for-STM32/bin/../lib/gcc/arm-none-eabi/13.3.1/../../../../arm-none-eabi/lib/thumb/v7-m/nofp\libg_nano.a(libc_a-memcpy-stub.o)

.debug_frame    0x00000000     0x48e0
 .debug_frame   0x00000000       0x20 C:/ST/STM32CubeCLT_1.18.0/GNU-tools-for-STM32/bin/../lib/gcc/arm-none-eabi/13.3.1/../../../../arm-none-eabi/lib/thumb/v7-m/nofp\libc_nano.a(libc_a-memset.o)
 .debug_frame   0x00000020       0x2c C:/ST/STM32CubeCLT_1.18.0/GNU-tools-for-STM32/bin/../lib/gcc/arm-none-eabi/13.3.1/../../../../arm-none-eabi/lib/thumb/v7-m/nofp\libc_nano.a(libc_a-init.o)
 .debug_frame   0x0000004c       0x90 CMakeFiles/01_my_FreeRTOS.dir/User/driver_led.c.obj
 .debug_frame   0x000000dc       0x8c CMakeFiles/01_my_FreeRTOS.dir/Core/Src/main.c.obj
 .debug_frame   0x00000168       0x34 CMakeFiles/01_my_FreeRTOS.dir/Core/Src/gpio.c.obj
 .debug_frame   0x0000019c       0x4c CMakeFiles/01_my_FreeRTOS.dir/Core/Src/freertos.c.obj
 .debug_frame   0x000001e8       0xc4 CMakeFiles/01_my_FreeRTOS.dir/Core/Src/stm32f1xx_it.c.obj
 .debug_frame   0x000002ac       0x34 CMakeFiles/01_my_FreeRTOS.dir/Core/Src/stm32f1xx_hal_msp.c.obj
 .debug_frame   0x000002e0       0x74 CMakeFiles/01_my_FreeRTOS.dir/Core/Src/stm32f1xx_hal_timebase_tim.c.obj
 .debug_frame   0x00000354     0x11b8 CMakeFiles/01_my_FreeRTOS.dir/Drivers/STM32F1xx_HAL_Driver/Src/stm32f1xx_hal_tim.c.obj
 .debug_frame   0x0000150c      0x638 CMakeFiles/01_my_FreeRTOS.dir/Drivers/STM32F1xx_HAL_Driver/Src/stm32f1xx_hal_tim_ex.c.obj
 .debug_frame   0x00001b44      0x334 CMakeFiles/01_my_FreeRTOS.dir/Drivers/STM32F1xx_HAL_Driver/Src/stm32f1xx_hal.c.obj
 .debug_frame   0x00001e78      0x218 CMakeFiles/01_my_FreeRTOS.dir/Drivers/STM32F1xx_HAL_Driver/Src/stm32f1xx_hal_rcc.c.obj
 .debug_frame   0x00002090      0x14c CMakeFiles/01_my_FreeRTOS.dir/Drivers/STM32F1xx_HAL_Driver/Src/stm32f1xx_hal_gpio.c.obj
 .debug_frame   0x000021dc      0x428 CMakeFiles/01_my_FreeRTOS.dir/Drivers/STM32F1xx_HAL_Driver/Src/stm32f1xx_hal_cortex.c.obj
 .debug_frame   0x00002604       0x58 CMakeFiles/01_my_FreeRTOS.dir/Core/Src/system_stm32f1xx.c.obj
 .debug_frame   0x0000265c       0xd8 CMakeFiles/01_my_FreeRTOS.dir/Middlewares/Third_Party/FreeRTOS/Source/list.c.obj
 .debug_frame   0x00002734      0x5ec CMakeFiles/01_my_FreeRTOS.dir/Middlewares/Third_Party/FreeRTOS/Source/queue.c.obj
 .debug_frame   0x00002d20      0x8f0 CMakeFiles/01_my_FreeRTOS.dir/Middlewares/Third_Party/FreeRTOS/Source/tasks.c.obj
 .debug_frame   0x00003610      0x400 CMakeFiles/01_my_FreeRTOS.dir/Middlewares/Third_Party/FreeRTOS/Source/timers.c.obj
 .debug_frame   0x00003a10      0xbe4 CMakeFiles/01_my_FreeRTOS.dir/Middlewares/Third_Party/FreeRTOS/Source/CMSIS_RTOS_V2/cmsis_os2.c.obj
 .debug_frame   0x000045f4      0x12c CMakeFiles/01_my_FreeRTOS.dir/Middlewares/Third_Party/FreeRTOS/Source/portable/MemMang/heap_4.c.obj
 .debug_frame   0x00004720      0x198 CMakeFiles/01_my_FreeRTOS.dir/Middlewares/Third_Party/FreeRTOS/Source/portable/GCC/ARM_CM3/port.c.obj
 .debug_frame   0x000048b8       0x28 C:/ST/STM32CubeCLT_1.18.0/GNU-tools-for-STM32/bin/../lib/gcc/arm-none-eabi/13.3.1/../../../../arm-none-eabi/lib/thumb/v7-m/nofp\libg_nano.a(libc_a-memcpy-stub.o)

.debug_info     0x00000000    0x11be2
 .debug_info    0x00000000      0x203 CMakeFiles/01_my_FreeRTOS.dir/User/driver_led.c.obj
 .debug_info    0x00000203      0x888 CMakeFiles/01_my_FreeRTOS.dir/Core/Src/main.c.obj
 .debug_info    0x00000a8b      0x29b CMakeFiles/01_my_FreeRTOS.dir/Core/Src/gpio.c.obj
 .debug_info    0x00000d26      0x342 CMakeFiles/01_my_FreeRTOS.dir/Core/Src/freertos.c.obj
 .debug_info    0x00001068      0x66a CMakeFiles/01_my_FreeRTOS.dir/Core/Src/stm32f1xx_it.c.obj
 .debug_info    0x000016d2      0x361 CMakeFiles/01_my_FreeRTOS.dir/Core/Src/stm32f1xx_hal_msp.c.obj
 .debug_info    0x00001a33      0x9a8 CMakeFiles/01_my_FreeRTOS.dir/Core/Src/stm32f1xx_hal_timebase_tim.c.obj
 .debug_info    0x000023db     0x2959 CMakeFiles/01_my_FreeRTOS.dir/Drivers/STM32F1xx_HAL_Driver/Src/stm32f1xx_hal_tim.c.obj
 .debug_info    0x00004d34     0x149b CMakeFiles/01_my_FreeRTOS.dir/Drivers/STM32F1xx_HAL_Driver/Src/stm32f1xx_hal_tim_ex.c.obj
 .debug_info    0x000061cf      0x704 CMakeFiles/01_my_FreeRTOS.dir/Drivers/STM32F1xx_HAL_Driver/Src/stm32f1xx_hal.c.obj
 .debug_info    0x000068d3      0x7d5 CMakeFiles/01_my_FreeRTOS.dir/Drivers/STM32F1xx_HAL_Driver/Src/stm32f1xx_hal_rcc.c.obj
 .debug_info    0x000070a8      0x5ab CMakeFiles/01_my_FreeRTOS.dir/Drivers/STM32F1xx_HAL_Driver/Src/stm32f1xx_hal_gpio.c.obj
 .debug_info    0x00007653      0xa87 CMakeFiles/01_my_FreeRTOS.dir/Drivers/STM32F1xx_HAL_Driver/Src/stm32f1xx_hal_cortex.c.obj
 .debug_info    0x000080da      0x222 CMakeFiles/01_my_FreeRTOS.dir/Core/Src/system_stm32f1xx.c.obj
 .debug_info    0x000082fc      0x2af CMakeFiles/01_my_FreeRTOS.dir/Middlewares/Third_Party/FreeRTOS/Source/list.c.obj
 .debug_info    0x000085ab     0x1b79 CMakeFiles/01_my_FreeRTOS.dir/Middlewares/Third_Party/FreeRTOS/Source/queue.c.obj
 .debug_info    0x0000a124     0x21ec CMakeFiles/01_my_FreeRTOS.dir/Middlewares/Third_Party/FreeRTOS/Source/tasks.c.obj
 .debug_info    0x0000c310     0x1488 CMakeFiles/01_my_FreeRTOS.dir/Middlewares/Third_Party/FreeRTOS/Source/timers.c.obj
 .debug_info    0x0000d798     0x3990 CMakeFiles/01_my_FreeRTOS.dir/Middlewares/Third_Party/FreeRTOS/Source/CMSIS_RTOS_V2/cmsis_os2.c.obj
 .debug_info    0x00011128      0x4d5 CMakeFiles/01_my_FreeRTOS.dir/Middlewares/Third_Party/FreeRTOS/Source/portable/MemMang/heap_4.c.obj
 .debug_info    0x000115fd      0x494 CMakeFiles/01_my_FreeRTOS.dir/Middlewares/Third_Party/FreeRTOS/Source/portable/GCC/ARM_CM3/port.c.obj
 .debug_info    0x00011a91       0x30 CMakeFiles/01_my_FreeRTOS.dir/startup_stm32f103xb.s.obj
 .debug_info    0x00011ac1      0x121 C:/ST/STM32CubeCLT_1.18.0/GNU-tools-for-STM32/bin/../lib/gcc/arm-none-eabi/13.3.1/../../../../arm-none-eabi/lib/thumb/v7-m/nofp\libg_nano.a(libc_a-memcpy-stub.o)

.debug_abbrev   0x00000000     0x3023
 .debug_abbrev  0x00000000      0x14b CMakeFiles/01_my_FreeRTOS.dir/User/driver_led.c.obj
 .debug_abbrev  0x0000014b      0x22e CMakeFiles/01_my_FreeRTOS.dir/Core/Src/main.c.obj
 .debug_abbrev  0x00000379      0x13f CMakeFiles/01_my_FreeRTOS.dir/Core/Src/gpio.c.obj
 .debug_abbrev  0x000004b8      0x135 CMakeFiles/01_my_FreeRTOS.dir/Core/Src/freertos.c.obj
 .debug_abbrev  0x000005ed      0x17c CMakeFiles/01_my_FreeRTOS.dir/Core/Src/stm32f1xx_it.c.obj
 .debug_abbrev  0x00000769      0x11c CMakeFiles/01_my_FreeRTOS.dir/Core/Src/stm32f1xx_hal_msp.c.obj
 .debug_abbrev  0x00000885      0x1f3 CMakeFiles/01_my_FreeRTOS.dir/Core/Src/stm32f1xx_hal_timebase_tim.c.obj
 .debug_abbrev  0x00000a78      0x277 CMakeFiles/01_my_FreeRTOS.dir/Drivers/STM32F1xx_HAL_Driver/Src/stm32f1xx_hal_tim.c.obj
 .debug_abbrev  0x00000cef      0x282 CMakeFiles/01_my_FreeRTOS.dir/Drivers/STM32F1xx_HAL_Driver/Src/stm32f1xx_hal_tim_ex.c.obj
 .debug_abbrev  0x00000f71      0x201 CMakeFiles/01_my_FreeRTOS.dir/Drivers/STM32F1xx_HAL_Driver/Src/stm32f1xx_hal.c.obj
 .debug_abbrev  0x00001172      0x2b3 CMakeFiles/01_my_FreeRTOS.dir/Drivers/STM32F1xx_HAL_Driver/Src/stm32f1xx_hal_rcc.c.obj
 .debug_abbrev  0x00001425      0x1ca CMakeFiles/01_my_FreeRTOS.dir/Drivers/STM32F1xx_HAL_Driver/Src/stm32f1xx_hal_gpio.c.obj
 .debug_abbrev  0x000015ef      0x2f8 CMakeFiles/01_my_FreeRTOS.dir/Drivers/STM32F1xx_HAL_Driver/Src/stm32f1xx_hal_cortex.c.obj
 .debug_abbrev  0x000018e7      0x13f CMakeFiles/01_my_FreeRTOS.dir/Core/Src/system_stm32f1xx.c.obj
 .debug_abbrev  0x00001a26       0xf5 CMakeFiles/01_my_FreeRTOS.dir/Middlewares/Third_Party/FreeRTOS/Source/list.c.obj
 .debug_abbrev  0x00001b1b      0x3b6 CMakeFiles/01_my_FreeRTOS.dir/Middlewares/Third_Party/FreeRTOS/Source/queue.c.obj
 .debug_abbrev  0x00001ed1      0x386 CMakeFiles/01_my_FreeRTOS.dir/Middlewares/Third_Party/FreeRTOS/Source/tasks.c.obj
 .debug_abbrev  0x00002257      0x352 CMakeFiles/01_my_FreeRTOS.dir/Middlewares/Third_Party/FreeRTOS/Source/timers.c.obj
 .debug_abbrev  0x000025a9      0x520 CMakeFiles/01_my_FreeRTOS.dir/Middlewares/Third_Party/FreeRTOS/Source/CMSIS_RTOS_V2/cmsis_os2.c.obj
 .debug_abbrev  0x00002ac9      0x21d CMakeFiles/01_my_FreeRTOS.dir/Middlewares/Third_Party/FreeRTOS/Source/portable/MemMang/heap_4.c.obj
 .debug_abbrev  0x00002ce6      0x258 CMakeFiles/01_my_FreeRTOS.dir/Middlewares/Third_Party/FreeRTOS/Source/portable/GCC/ARM_CM3/port.c.obj
 .debug_abbrev  0x00002f3e       0x24 CMakeFiles/01_my_FreeRTOS.dir/startup_stm32f103xb.s.obj
 .debug_abbrev  0x00002f62       0xc1 C:/ST/STM32CubeCLT_1.18.0/GNU-tools-for-STM32/bin/../lib/gcc/arm-none-eabi/13.3.1/../../../../arm-none-eabi/lib/thumb/v7-m/nofp\libg_nano.a(libc_a-memcpy-stub.o)

.debug_aranges  0x00000000     0x11d8
 .debug_aranges
                0x00000000       0x38 CMakeFiles/01_my_FreeRTOS.dir/User/driver_led.c.obj
 .debug_aranges
                0x00000038       0x38 CMakeFiles/01_my_FreeRTOS.dir/Core/Src/main.c.obj
 .debug_aranges
                0x00000070       0x20 CMakeFiles/01_my_FreeRTOS.dir/Core/Src/gpio.c.obj
 .debug_aranges
                0x00000090       0x28 CMakeFiles/01_my_FreeRTOS.dir/Core/Src/freertos.c.obj
 .debug_aranges
                0x000000b8       0x50 CMakeFiles/01_my_FreeRTOS.dir/Core/Src/stm32f1xx_it.c.obj
 .debug_aranges
                0x00000108       0x20 CMakeFiles/01_my_FreeRTOS.dir/Core/Src/stm32f1xx_hal_msp.c.obj
 .debug_aranges
                0x00000128       0x30 CMakeFiles/01_my_FreeRTOS.dir/Core/Src/stm32f1xx_hal_timebase_tim.c.obj
 .debug_aranges
                0x00000158      0x3d0 CMakeFiles/01_my_FreeRTOS.dir/Drivers/STM32F1xx_HAL_Driver/Src/stm32f1xx_hal_tim.c.obj
 .debug_aranges
                0x00000528      0x168 CMakeFiles/01_my_FreeRTOS.dir/Drivers/STM32F1xx_HAL_Driver/Src/stm32f1xx_hal_tim_ex.c.obj
 .debug_aranges
                0x00000690       0xe0 CMakeFiles/01_my_FreeRTOS.dir/Drivers/STM32F1xx_HAL_Driver/Src/stm32f1xx_hal.c.obj
 .debug_aranges
                0x00000770       0x90 CMakeFiles/01_my_FreeRTOS.dir/Drivers/STM32F1xx_HAL_Driver/Src/stm32f1xx_hal_rcc.c.obj
 .debug_aranges
                0x00000800       0x58 CMakeFiles/01_my_FreeRTOS.dir/Drivers/STM32F1xx_HAL_Driver/Src/stm32f1xx_hal_gpio.c.obj
 .debug_aranges
                0x00000858      0x100 CMakeFiles/01_my_FreeRTOS.dir/Drivers/STM32F1xx_HAL_Driver/Src/stm32f1xx_hal_cortex.c.obj
 .debug_aranges
                0x00000958       0x28 CMakeFiles/01_my_FreeRTOS.dir/Core/Src/system_stm32f1xx.c.obj
 .debug_aranges
                0x00000980       0x40 CMakeFiles/01_my_FreeRTOS.dir/Middlewares/Third_Party/FreeRTOS/Source/list.c.obj
 .debug_aranges
                0x000009c0      0x158 CMakeFiles/01_my_FreeRTOS.dir/Middlewares/Third_Party/FreeRTOS/Source/queue.c.obj
 .debug_aranges
                0x00000b18      0x208 CMakeFiles/01_my_FreeRTOS.dir/Middlewares/Third_Party/FreeRTOS/Source/tasks.c.obj
 .debug_aranges
                0x00000d20       0xf0 CMakeFiles/01_my_FreeRTOS.dir/Middlewares/Third_Party/FreeRTOS/Source/timers.c.obj
 .debug_aranges
                0x00000e10      0x2b0 CMakeFiles/01_my_FreeRTOS.dir/Middlewares/Third_Party/FreeRTOS/Source/CMSIS_RTOS_V2/cmsis_os2.c.obj
 .debug_aranges
                0x000010c0       0x58 CMakeFiles/01_my_FreeRTOS.dir/Middlewares/Third_Party/FreeRTOS/Source/portable/MemMang/heap_4.c.obj
 .debug_aranges
                0x00001118       0x78 CMakeFiles/01_my_FreeRTOS.dir/Middlewares/Third_Party/FreeRTOS/Source/portable/GCC/ARM_CM3/port.c.obj
 .debug_aranges
                0x00001190       0x28 CMakeFiles/01_my_FreeRTOS.dir/startup_stm32f103xb.s.obj
 .debug_aranges
                0x000011b8       0x20 C:/ST/STM32CubeCLT_1.18.0/GNU-tools-for-STM32/bin/../lib/gcc/arm-none-eabi/13.3.1/../../../../arm-none-eabi/lib/thumb/v7-m/nofp\libg_nano.a(libc_a-memcpy-stub.o)

.debug_rnglists
                0x00000000      0xda7
 .debug_rnglists
                0x00000000       0x25 CMakeFiles/01_my_FreeRTOS.dir/User/driver_led.c.obj
 .debug_rnglists
                0x00000025       0x26 CMakeFiles/01_my_FreeRTOS.dir/Core/Src/main.c.obj
 .debug_rnglists
                0x0000004b       0x14 CMakeFiles/01_my_FreeRTOS.dir/Core/Src/gpio.c.obj
 .debug_rnglists
                0x0000005f       0x19 CMakeFiles/01_my_FreeRTOS.dir/Core/Src/freertos.c.obj
 .debug_rnglists
                0x00000078       0x37 CMakeFiles/01_my_FreeRTOS.dir/Core/Src/stm32f1xx_it.c.obj
 .debug_rnglists
                0x000000af       0x13 CMakeFiles/01_my_FreeRTOS.dir/Core/Src/stm32f1xx_hal_msp.c.obj
 .debug_rnglists
                0x000000c2       0x20 CMakeFiles/01_my_FreeRTOS.dir/Core/Src/stm32f1xx_hal_timebase_tim.c.obj
 .debug_rnglists
                0x000000e2      0x31a CMakeFiles/01_my_FreeRTOS.dir/Drivers/STM32F1xx_HAL_Driver/Src/stm32f1xx_hal_tim.c.obj
 .debug_rnglists
                0x000003fc      0x125 CMakeFiles/01_my_FreeRTOS.dir/Drivers/STM32F1xx_HAL_Driver/Src/stm32f1xx_hal_tim_ex.c.obj
 .debug_rnglists
                0x00000521       0xa3 CMakeFiles/01_my_FreeRTOS.dir/Drivers/STM32F1xx_HAL_Driver/Src/stm32f1xx_hal.c.obj
 .debug_rnglists
                0x000005c4       0x6c CMakeFiles/01_my_FreeRTOS.dir/Drivers/STM32F1xx_HAL_Driver/Src/stm32f1xx_hal_rcc.c.obj
 .debug_rnglists
                0x00000630       0x3f CMakeFiles/01_my_FreeRTOS.dir/Drivers/STM32F1xx_HAL_Driver/Src/stm32f1xx_hal_gpio.c.obj
 .debug_rnglists
                0x0000066f       0xbb CMakeFiles/01_my_FreeRTOS.dir/Drivers/STM32F1xx_HAL_Driver/Src/stm32f1xx_hal_cortex.c.obj
 .debug_rnglists
                0x0000072a       0x1a CMakeFiles/01_my_FreeRTOS.dir/Core/Src/system_stm32f1xx.c.obj
 .debug_rnglists
                0x00000744       0x2b CMakeFiles/01_my_FreeRTOS.dir/Middlewares/Third_Party/FreeRTOS/Source/list.c.obj
 .debug_rnglists
                0x0000076f      0x109 CMakeFiles/01_my_FreeRTOS.dir/Middlewares/Third_Party/FreeRTOS/Source/queue.c.obj
 .debug_rnglists
                0x00000878      0x1a0 CMakeFiles/01_my_FreeRTOS.dir/Middlewares/Third_Party/FreeRTOS/Source/tasks.c.obj
 .debug_rnglists
                0x00000a18       0xb8 CMakeFiles/01_my_FreeRTOS.dir/Middlewares/Third_Party/FreeRTOS/Source/timers.c.obj
 .debug_rnglists
                0x00000ad0      0x212 CMakeFiles/01_my_FreeRTOS.dir/Middlewares/Third_Party/FreeRTOS/Source/CMSIS_RTOS_V2/cmsis_os2.c.obj
 .debug_rnglists
                0x00000ce2       0x42 CMakeFiles/01_my_FreeRTOS.dir/Middlewares/Third_Party/FreeRTOS/Source/portable/MemMang/heap_4.c.obj
 .debug_rnglists
                0x00000d24       0x57 CMakeFiles/01_my_FreeRTOS.dir/Middlewares/Third_Party/FreeRTOS/Source/portable/GCC/ARM_CM3/port.c.obj
 .debug_rnglists
                0x00000d7b       0x19 CMakeFiles/01_my_FreeRTOS.dir/startup_stm32f103xb.s.obj
 .debug_rnglists
                0x00000d94       0x13 C:/ST/STM32CubeCLT_1.18.0/GNU-tools-for-STM32/bin/../lib/gcc/arm-none-eabi/13.3.1/../../../../arm-none-eabi/lib/thumb/v7-m/nofp\libg_nano.a(libc_a-memcpy-stub.o)

.debug_macro    0x00000000    0x18e6a
 .debug_macro   0x00000000      0x250 CMakeFiles/01_my_FreeRTOS.dir/User/driver_led.c.obj
 .debug_macro   0x00000250      0xacc CMakeFiles/01_my_FreeRTOS.dir/User/driver_led.c.obj
 .debug_macro   0x00000d1c      0x215 CMakeFiles/01_my_FreeRTOS.dir/User/driver_led.c.obj
 .debug_macro   0x00000f31       0x2e CMakeFiles/01_my_FreeRTOS.dir/User/driver_led.c.obj
 .debug_macro   0x00000f5f       0x22 CMakeFiles/01_my_FreeRTOS.dir/User/driver_led.c.obj
 .debug_macro   0x00000f81       0x22 CMakeFiles/01_my_FreeRTOS.dir/User/driver_led.c.obj
 .debug_macro   0x00000fa3       0x8e CMakeFiles/01_my_FreeRTOS.dir/User/driver_led.c.obj
 .debug_macro   0x00001031       0x51 CMakeFiles/01_my_FreeRTOS.dir/User/driver_led.c.obj
 .debug_macro   0x00001082      0x103 CMakeFiles/01_my_FreeRTOS.dir/User/driver_led.c.obj
 .debug_macro   0x00001185       0x6a CMakeFiles/01_my_FreeRTOS.dir/User/driver_led.c.obj
 .debug_macro   0x000011ef      0x1df CMakeFiles/01_my_FreeRTOS.dir/User/driver_led.c.obj
 .debug_macro   0x000013ce       0x1c CMakeFiles/01_my_FreeRTOS.dir/User/driver_led.c.obj
 .debug_macro   0x000013ea       0x22 CMakeFiles/01_my_FreeRTOS.dir/User/driver_led.c.obj
 .debug_macro   0x0000140c       0xbd CMakeFiles/01_my_FreeRTOS.dir/User/driver_led.c.obj
 .debug_macro   0x000014c9      0xd23 CMakeFiles/01_my_FreeRTOS.dir/User/driver_led.c.obj
 .debug_macro   0x000021ec     0xe09e CMakeFiles/01_my_FreeRTOS.dir/User/driver_led.c.obj
 .debug_macro   0x0001028a       0x6d CMakeFiles/01_my_FreeRTOS.dir/User/driver_led.c.obj
 .debug_macro   0x000102f7     0x34a2 CMakeFiles/01_my_FreeRTOS.dir/User/driver_led.c.obj
 .debug_macro   0x00013799      0x190 CMakeFiles/01_my_FreeRTOS.dir/User/driver_led.c.obj
 .debug_macro   0x00013929       0x5c CMakeFiles/01_my_FreeRTOS.dir/User/driver_led.c.obj
 .debug_macro   0x00013985      0x5bc CMakeFiles/01_my_FreeRTOS.dir/User/driver_led.c.obj
 .debug_macro   0x00013f41      0x289 CMakeFiles/01_my_FreeRTOS.dir/User/driver_led.c.obj
 .debug_macro   0x000141ca      0x1cb CMakeFiles/01_my_FreeRTOS.dir/User/driver_led.c.obj
 .debug_macro   0x00014395      0x114 CMakeFiles/01_my_FreeRTOS.dir/User/driver_led.c.obj
 .debug_macro   0x000144a9      0x1b2 CMakeFiles/01_my_FreeRTOS.dir/User/driver_led.c.obj
 .debug_macro   0x0001465b       0x27 CMakeFiles/01_my_FreeRTOS.dir/User/driver_led.c.obj
 .debug_macro   0x00014682      0x136 CMakeFiles/01_my_FreeRTOS.dir/User/driver_led.c.obj
 .debug_macro   0x000147b8      0x1bc CMakeFiles/01_my_FreeRTOS.dir/User/driver_led.c.obj
 .debug_macro   0x00014974       0x34 CMakeFiles/01_my_FreeRTOS.dir/User/driver_led.c.obj
 .debug_macro   0x000149a8       0x3c CMakeFiles/01_my_FreeRTOS.dir/User/driver_led.c.obj
 .debug_macro   0x000149e4       0x57 CMakeFiles/01_my_FreeRTOS.dir/User/driver_led.c.obj
 .debug_macro   0x00014a3b       0x87 CMakeFiles/01_my_FreeRTOS.dir/User/driver_led.c.obj
 .debug_macro   0x00014ac2      0x240 CMakeFiles/01_my_FreeRTOS.dir/User/driver_led.c.obj
 .debug_macro   0x00014d02      0x140 CMakeFiles/01_my_FreeRTOS.dir/User/driver_led.c.obj
 .debug_macro   0x00014e42      0x8ed CMakeFiles/01_my_FreeRTOS.dir/User/driver_led.c.obj
 .debug_macro   0x0001572f       0x83 CMakeFiles/01_my_FreeRTOS.dir/User/driver_led.c.obj
 .debug_macro   0x000157b2       0x10 CMakeFiles/01_my_FreeRTOS.dir/User/driver_led.c.obj
 .debug_macro   0x000157c2      0x130 CMakeFiles/01_my_FreeRTOS.dir/User/driver_led.c.obj
 .debug_macro   0x000158f2      0x15a CMakeFiles/01_my_FreeRTOS.dir/User/driver_led.c.obj
 .debug_macro   0x00015a4c       0xc9 CMakeFiles/01_my_FreeRTOS.dir/User/driver_led.c.obj
 .debug_macro   0x00015b15       0x1c CMakeFiles/01_my_FreeRTOS.dir/User/driver_led.c.obj
 .debug_macro   0x00015b31       0x26 CMakeFiles/01_my_FreeRTOS.dir/User/driver_led.c.obj
 .debug_macro   0x00015b57      0x4da CMakeFiles/01_my_FreeRTOS.dir/User/driver_led.c.obj
 .debug_macro   0x00016031       0xb5 CMakeFiles/01_my_FreeRTOS.dir/User/driver_led.c.obj
 .debug_macro   0x000160e6       0xaa CMakeFiles/01_my_FreeRTOS.dir/User/driver_led.c.obj
 .debug_macro   0x00016190       0x66 CMakeFiles/01_my_FreeRTOS.dir/User/driver_led.c.obj
 .debug_macro   0x000161f6       0x74 CMakeFiles/01_my_FreeRTOS.dir/User/driver_led.c.obj
 .debug_macro   0x0001626a       0xdd CMakeFiles/01_my_FreeRTOS.dir/User/driver_led.c.obj
 .debug_macro   0x00016347      0x246 CMakeFiles/01_my_FreeRTOS.dir/Core/Src/main.c.obj
 .debug_macro   0x0001658d      0x1b2 CMakeFiles/01_my_FreeRTOS.dir/Core/Src/gpio.c.obj
 .debug_macro   0x0001673f      0x24a CMakeFiles/01_my_FreeRTOS.dir/Core/Src/freertos.c.obj
 .debug_macro   0x00016989      0x130 CMakeFiles/01_my_FreeRTOS.dir/Core/Src/freertos.c.obj
 .debug_macro   0x00016ab9       0x6c CMakeFiles/01_my_FreeRTOS.dir/Core/Src/freertos.c.obj
 .debug_macro   0x00016b25      0x1b2 CMakeFiles/01_my_FreeRTOS.dir/Core/Src/stm32f1xx_it.c.obj
 .debug_macro   0x00016cd7      0x1a8 CMakeFiles/01_my_FreeRTOS.dir/Core/Src/stm32f1xx_hal_msp.c.obj
 .debug_macro   0x00016e7f      0x199 CMakeFiles/01_my_FreeRTOS.dir/Core/Src/stm32f1xx_hal_timebase_tim.c.obj
 .debug_macro   0x00017018      0x19a CMakeFiles/01_my_FreeRTOS.dir/Drivers/STM32F1xx_HAL_Driver/Src/stm32f1xx_hal_tim.c.obj
 .debug_macro   0x000171b2      0x199 CMakeFiles/01_my_FreeRTOS.dir/Drivers/STM32F1xx_HAL_Driver/Src/stm32f1xx_hal_tim_ex.c.obj
 .debug_macro   0x0001734b      0x1bd CMakeFiles/01_my_FreeRTOS.dir/Drivers/STM32F1xx_HAL_Driver/Src/stm32f1xx_hal.c.obj
 .debug_macro   0x00017508      0x1ab CMakeFiles/01_my_FreeRTOS.dir/Drivers/STM32F1xx_HAL_Driver/Src/stm32f1xx_hal_rcc.c.obj
 .debug_macro   0x000176b3      0x204 CMakeFiles/01_my_FreeRTOS.dir/Drivers/STM32F1xx_HAL_Driver/Src/stm32f1xx_hal_gpio.c.obj
 .debug_macro   0x000178b7      0x199 CMakeFiles/01_my_FreeRTOS.dir/Drivers/STM32F1xx_HAL_Driver/Src/stm32f1xx_hal_cortex.c.obj
 .debug_macro   0x00017a50      0x199 CMakeFiles/01_my_FreeRTOS.dir/Core/Src/system_stm32f1xx.c.obj
 .debug_macro   0x00017be9      0x178 CMakeFiles/01_my_FreeRTOS.dir/Middlewares/Third_Party/FreeRTOS/Source/list.c.obj
 .debug_macro   0x00017d61      0x207 CMakeFiles/01_my_FreeRTOS.dir/Middlewares/Third_Party/FreeRTOS/Source/queue.c.obj
 .debug_macro   0x00017f68       0x16 CMakeFiles/01_my_FreeRTOS.dir/Middlewares/Third_Party/FreeRTOS/Source/queue.c.obj
 .debug_macro   0x00017f7e       0x3c CMakeFiles/01_my_FreeRTOS.dir/Middlewares/Third_Party/FreeRTOS/Source/queue.c.obj
 .debug_macro   0x00017fba       0x20 CMakeFiles/01_my_FreeRTOS.dir/Middlewares/Third_Party/FreeRTOS/Source/queue.c.obj
 .debug_macro   0x00017fda       0x87 CMakeFiles/01_my_FreeRTOS.dir/Middlewares/Third_Party/FreeRTOS/Source/queue.c.obj
 .debug_macro   0x00018061      0x270 CMakeFiles/01_my_FreeRTOS.dir/Middlewares/Third_Party/FreeRTOS/Source/tasks.c.obj
 .debug_macro   0x000182d1       0x10 CMakeFiles/01_my_FreeRTOS.dir/Middlewares/Third_Party/FreeRTOS/Source/tasks.c.obj
 .debug_macro   0x000182e1      0x1cd CMakeFiles/01_my_FreeRTOS.dir/Middlewares/Third_Party/FreeRTOS/Source/timers.c.obj
 .debug_macro   0x000184ae       0x97 CMakeFiles/01_my_FreeRTOS.dir/Middlewares/Third_Party/FreeRTOS/Source/timers.c.obj
 .debug_macro   0x00018545      0x386 CMakeFiles/01_my_FreeRTOS.dir/Middlewares/Third_Party/FreeRTOS/Source/CMSIS_RTOS_V2/cmsis_os2.c.obj
 .debug_macro   0x000188cb       0x10 CMakeFiles/01_my_FreeRTOS.dir/Middlewares/Third_Party/FreeRTOS/Source/CMSIS_RTOS_V2/cmsis_os2.c.obj
 .debug_macro   0x000188db       0xb7 CMakeFiles/01_my_FreeRTOS.dir/Middlewares/Third_Party/FreeRTOS/Source/CMSIS_RTOS_V2/cmsis_os2.c.obj
 .debug_macro   0x00018992       0x8d CMakeFiles/01_my_FreeRTOS.dir/Middlewares/Third_Party/FreeRTOS/Source/CMSIS_RTOS_V2/cmsis_os2.c.obj
 .debug_macro   0x00018a1f       0x9a CMakeFiles/01_my_FreeRTOS.dir/Middlewares/Third_Party/FreeRTOS/Source/CMSIS_RTOS_V2/cmsis_os2.c.obj
 .debug_macro   0x00018ab9       0x22 CMakeFiles/01_my_FreeRTOS.dir/Middlewares/Third_Party/FreeRTOS/Source/CMSIS_RTOS_V2/cmsis_os2.c.obj
 .debug_macro   0x00018adb       0x56 CMakeFiles/01_my_FreeRTOS.dir/Middlewares/Third_Party/FreeRTOS/Source/CMSIS_RTOS_V2/cmsis_os2.c.obj
 .debug_macro   0x00018b31       0x28 CMakeFiles/01_my_FreeRTOS.dir/Middlewares/Third_Party/FreeRTOS/Source/CMSIS_RTOS_V2/cmsis_os2.c.obj
 .debug_macro   0x00018b59      0x19f CMakeFiles/01_my_FreeRTOS.dir/Middlewares/Third_Party/FreeRTOS/Source/portable/MemMang/heap_4.c.obj
 .debug_macro   0x00018cf8      0x172 CMakeFiles/01_my_FreeRTOS.dir/Middlewares/Third_Party/FreeRTOS/Source/portable/GCC/ARM_CM3/port.c.obj

.debug_line     0x00000000    0x12ccb
 .debug_line    0x00000000      0x8da CMakeFiles/01_my_FreeRTOS.dir/User/driver_led.c.obj
 .debug_line    0x000008da      0x916 CMakeFiles/01_my_FreeRTOS.dir/Core/Src/main.c.obj
 .debug_line    0x000011f0      0x690 CMakeFiles/01_my_FreeRTOS.dir/Core/Src/gpio.c.obj
 .debug_line    0x00001880      0x8dd CMakeFiles/01_my_FreeRTOS.dir/Core/Src/freertos.c.obj
 .debug_line    0x0000215d      0x70b CMakeFiles/01_my_FreeRTOS.dir/Core/Src/stm32f1xx_it.c.obj
 .debug_line    0x00002868      0x684 CMakeFiles/01_my_FreeRTOS.dir/Core/Src/stm32f1xx_hal_msp.c.obj
 .debug_line    0x00002eec      0x703 CMakeFiles/01_my_FreeRTOS.dir/Core/Src/stm32f1xx_hal_timebase_tim.c.obj
 .debug_line    0x000035ef     0x3420 CMakeFiles/01_my_FreeRTOS.dir/Drivers/STM32F1xx_HAL_Driver/Src/stm32f1xx_hal_tim.c.obj
 .debug_line    0x00006a0f     0x17f6 CMakeFiles/01_my_FreeRTOS.dir/Drivers/STM32F1xx_HAL_Driver/Src/stm32f1xx_hal_tim_ex.c.obj
 .debug_line    0x00008205      0x932 CMakeFiles/01_my_FreeRTOS.dir/Drivers/STM32F1xx_HAL_Driver/Src/stm32f1xx_hal.c.obj
 .debug_line    0x00008b37      0xdeb CMakeFiles/01_my_FreeRTOS.dir/Drivers/STM32F1xx_HAL_Driver/Src/stm32f1xx_hal_rcc.c.obj
 .debug_line    0x00009922      0x98f CMakeFiles/01_my_FreeRTOS.dir/Drivers/STM32F1xx_HAL_Driver/Src/stm32f1xx_hal_gpio.c.obj
 .debug_line    0x0000a2b1      0xafc CMakeFiles/01_my_FreeRTOS.dir/Drivers/STM32F1xx_HAL_Driver/Src/stm32f1xx_hal_cortex.c.obj
 .debug_line    0x0000adad      0x701 CMakeFiles/01_my_FreeRTOS.dir/Core/Src/system_stm32f1xx.c.obj
 .debug_line    0x0000b4ae      0x5f3 CMakeFiles/01_my_FreeRTOS.dir/Middlewares/Third_Party/FreeRTOS/Source/list.c.obj
 .debug_line    0x0000baa1     0x1564 CMakeFiles/01_my_FreeRTOS.dir/Middlewares/Third_Party/FreeRTOS/Source/queue.c.obj
 .debug_line    0x0000d005     0x1ae7 CMakeFiles/01_my_FreeRTOS.dir/Middlewares/Third_Party/FreeRTOS/Source/tasks.c.obj
 .debug_line    0x0000eaec      0xc33 CMakeFiles/01_my_FreeRTOS.dir/Middlewares/Third_Party/FreeRTOS/Source/timers.c.obj
 .debug_line    0x0000f71f     0x23fa CMakeFiles/01_my_FreeRTOS.dir/Middlewares/Third_Party/FreeRTOS/Source/CMSIS_RTOS_V2/cmsis_os2.c.obj
 .debug_line    0x00011b19      0x809 CMakeFiles/01_my_FreeRTOS.dir/Middlewares/Third_Party/FreeRTOS/Source/portable/MemMang/heap_4.c.obj
 .debug_line    0x00012322      0x72a CMakeFiles/01_my_FreeRTOS.dir/Middlewares/Third_Party/FreeRTOS/Source/portable/GCC/ARM_CM3/port.c.obj
 .debug_line    0x00012a4c       0x78 CMakeFiles/01_my_FreeRTOS.dir/startup_stm32f103xb.s.obj
 .debug_line    0x00012ac4      0x207 C:/ST/STM32CubeCLT_1.18.0/GNU-tools-for-STM32/bin/../lib/gcc/arm-none-eabi/13.3.1/../../../../arm-none-eabi/lib/thumb/v7-m/nofp\libg_nano.a(libc_a-memcpy-stub.o)

.debug_str      0x00000000    0x91b4e
 .debug_str     0x00000000    0x91b4e CMakeFiles/01_my_FreeRTOS.dir/User/driver_led.c.obj
                              0x8643b (size before relaxing)
 .debug_str     0x00091b4e    0x86aa9 CMakeFiles/01_my_FreeRTOS.dir/Core/Src/main.c.obj
 .debug_str     0x00091b4e    0x81bca CMakeFiles/01_my_FreeRTOS.dir/Core/Src/gpio.c.obj
 .debug_str     0x00091b4e    0x86852 CMakeFiles/01_my_FreeRTOS.dir/Core/Src/freertos.c.obj
 .debug_str     0x00091b4e    0x82021 CMakeFiles/01_my_FreeRTOS.dir/Core/Src/stm32f1xx_it.c.obj
 .debug_str     0x00091b4e    0x81e46 CMakeFiles/01_my_FreeRTOS.dir/Core/Src/stm32f1xx_hal_msp.c.obj
 .debug_str     0x00091b4e    0x82415 CMakeFiles/01_my_FreeRTOS.dir/Core/Src/stm32f1xx_hal_timebase_tim.c.obj
 .debug_str     0x00091b4e    0x82f7e CMakeFiles/01_my_FreeRTOS.dir/Drivers/STM32F1xx_HAL_Driver/Src/stm32f1xx_hal_tim.c.obj
 .debug_str     0x00091b4e    0x8278a CMakeFiles/01_my_FreeRTOS.dir/Drivers/STM32F1xx_HAL_Driver/Src/stm32f1xx_hal_tim_ex.c.obj
 .debug_str     0x00091b4e    0x82280 CMakeFiles/01_my_FreeRTOS.dir/Drivers/STM32F1xx_HAL_Driver/Src/stm32f1xx_hal.c.obj
 .debug_str     0x00091b4e    0x81f7c CMakeFiles/01_my_FreeRTOS.dir/Drivers/STM32F1xx_HAL_Driver/Src/stm32f1xx_hal_rcc.c.obj
 .debug_str     0x00091b4e    0x81ed3 CMakeFiles/01_my_FreeRTOS.dir/Drivers/STM32F1xx_HAL_Driver/Src/stm32f1xx_hal_gpio.c.obj
 .debug_str     0x00091b4e    0x821cc CMakeFiles/01_my_FreeRTOS.dir/Drivers/STM32F1xx_HAL_Driver/Src/stm32f1xx_hal_cortex.c.obj
 .debug_str     0x00091b4e    0x81b4d CMakeFiles/01_my_FreeRTOS.dir/Core/Src/system_stm32f1xx.c.obj
 .debug_str     0x00091b4e     0xa4c8 CMakeFiles/01_my_FreeRTOS.dir/Middlewares/Third_Party/FreeRTOS/Source/list.c.obj
 .debug_str     0x00091b4e     0xc008 CMakeFiles/01_my_FreeRTOS.dir/Middlewares/Third_Party/FreeRTOS/Source/queue.c.obj
 .debug_str     0x00091b4e     0xcac5 CMakeFiles/01_my_FreeRTOS.dir/Middlewares/Third_Party/FreeRTOS/Source/tasks.c.obj
 .debug_str     0x00091b4e     0xc53a CMakeFiles/01_my_FreeRTOS.dir/Middlewares/Third_Party/FreeRTOS/Source/timers.c.obj
 .debug_str     0x00091b4e    0x8c0f8 CMakeFiles/01_my_FreeRTOS.dir/Middlewares/Third_Party/FreeRTOS/Source/CMSIS_RTOS_V2/cmsis_os2.c.obj
 .debug_str     0x00091b4e     0xae0a CMakeFiles/01_my_FreeRTOS.dir/Middlewares/Third_Party/FreeRTOS/Source/portable/MemMang/heap_4.c.obj
 .debug_str     0x00091b4e     0x85a1 CMakeFiles/01_my_FreeRTOS.dir/Middlewares/Third_Party/FreeRTOS/Source/portable/GCC/ARM_CM3/port.c.obj
 .debug_str     0x00091b4e       0x82 CMakeFiles/01_my_FreeRTOS.dir/startup_stm32f103xb.s.obj
 .debug_str     0x00091b4e      0x227 C:/ST/STM32CubeCLT_1.18.0/GNU-tools-for-STM32/bin/../lib/gcc/arm-none-eabi/13.3.1/../../../../arm-none-eabi/lib/thumb/v7-m/nofp\libg_nano.a(libc_a-memcpy-stub.o)

.debug_line_str
                0x00000000       0x66
 .debug_line_str
                0x00000000       0x66 CMakeFiles/01_my_FreeRTOS.dir/startup_stm32f103xb.s.obj

.debug_loclists
                0x00000000       0xad
 .debug_loclists
                0x00000000       0xad C:/ST/STM32CubeCLT_1.18.0/GNU-tools-for-STM32/bin/../lib/gcc/arm-none-eabi/13.3.1/../../../../arm-none-eabi/lib/thumb/v7-m/nofp\libg_nano.a(libc_a-memcpy-stub.o)
